<html>
<body>
<pre>
<h1>礦ision Build Log</h1>
<h2>Tool Versions:</h2>
IDE-Version: μVision V5.13.0.0
Copyright (C) 2014 ARM Ltd and ARM Germany GmbH. All rights reserved.
License Information: xb Microsoft, Microsoft, LIC=BUUCX-HAUZ1-J6GQ9-4SYYZ-0CQLP-6DJZD
 
Tool Versions:
Toolchain:       MDK-ARM Standard  Version: 5.13.0.0
Toolchain Path:  D:\Keli\ARM\ARMCC\Bin
C Compiler:      Armcc.exe V5.05 update 1 (build 106)
Assembler:       Armasm.exe V5.05 update 1 (build 106)
Linker/Locator:  ArmLink.exe V5.05 update 1 (build 106)
Library Manager: ArmAr.exe V5.05 update 1 (build 106)
Hex Converter:   FromElf.exe V5.05 update 1 (build 106)
CPU DLL:         SARMCM3.DLL V5.13.0.0
Dialog DLL:      DCM.DLL V1.13.1.0
Target DLL:      UL2CM3.DLL V1.154.12.0
Dialog DLL:      TCM.DLL V1.14.4.0
 
<h2>Project:</h2>
C:\Users\Administrator\Desktop\合并测试\云平台智能保险箱20180627\云平台智能保险箱20180627\project\软件代码\project.uvprojx
Project File Date:  09/15/2018

<h2>Output:</h2>
Build target 'STM3210E_RELEASE'
compiling main.c...
.\code\Drv\ADC_NumCal\numcal.h(4): warning:  #1-D: last line of file ends without a newline
  int conv_res_to_temp(unsigned short ADC_data);
code\main.c(361): warning:  #188-D: enumerated type mixed with another type
        GPIO_WriteBit(LIGHT_PORT, LIGHT_PIN, 1);
code\main.c(365): warning:  #188-D: enumerated type mixed with another type
        GPIO_WriteBit(LIGHT_PORT, LIGHT_PIN, 0);
code\main.c(417): warning:  #223-D: function "isRight_Pwd_IdCard" declared implicitly
                        if(isRight_Pwd_IdCard(buf, ID_CARD_PWD_LEN))
code\main.c(520): warning:  #223-D: function "clear_PwdCache" declared implicitly
                                        clear_PwdCache();
code\main.c(528): warning:  #223-D: function "clear_PwdCache" declared implicitly
                                        clear_PwdCache();
code\main.c(536): warning:  #223-D: function "clear_PwdCache" declared implicitly
                                        clear_PwdCache();
code\main.c(544): warning:  #223-D: function "clear_PwdCache" declared implicitly
                                        clear_PwdCache();
code\main.c(565): warning:  #223-D: function "isRight_Pwd_Digit" declared implicitly
                                        if(isRight_Pwd_Digit(curDigitPwd, curDigitPwd_offset))
code\main.c(578): warning:  #223-D: function "clear_PwdCache" declared implicitly
                                        clear_PwdCache();
code\main.c(688): warning:  #223-D: function "clear_PwdCache" declared implicitly
                                        clear_PwdCache();
code\main.c(705): warning:  #223-D: function "clear_PwdCache" declared implicitly
                                        clear_PwdCache();
code\main.c(714): warning:  #223-D: function "clear_PwdCache" declared implicitly
                                        clear_PwdCache();
code\main.c(723): warning:  #223-D: function "clear_PwdCache" declared implicitly
                                        clear_PwdCache();
code\main.c(755): warning:  #223-D: function "isRight_Pwd_Digit" declared implicitly
                                                if(isRight_Pwd_Digit(curDigitPwd, curDigitPwd_offset))
code\main.c(767): warning:  #223-D: function "clear_PwdCache" declared implicitly
                                        clear_PwdCache();
code\main.c(775): warning:  #223-D: function "clear_PwdCache" declared implicitly
                                        clear_PwdCache();
code\main.c(603): warning:  #177-D: variable "buf" was declared but never referenced
        uint8_t buf[8];
code\main.c(895): warning:  #223-D: function "isRight_Pwd_Digit" declared implicitly
                                                if(isRight_Pwd_Digit(curDigitPwd, curDigitPwd_offset))
code\main.c(907): warning:  #223-D: function "clear_PwdCache" declared implicitly
                                        clear_PwdCache();
code\main.c(920): warning:  #223-D: function "clear_PwdCache" declared implicitly
                                        clear_PwdCache();
code\main.c(929): warning:  #223-D: function "clear_PwdCache" declared implicitly
                                        clear_PwdCache();
code\main.c(947): warning:  #223-D: function "clear_PwdCache" declared implicitly
                                        clear_PwdCache();
code\main.c(957): warning:  #223-D: function "clear_PwdCache" declared implicitly
                                        clear_PwdCache();
code\main.c(999): warning:  #223-D: function "isRight_Pwd_Digit" declared implicitly
                                                if(isRight_Pwd_Digit(curDigitPwd, curDigitPwd_offset))
code\main.c(1011): warning:  #223-D: function "clear_PwdCache" declared implicitly
                                        clear_PwdCache();
code\main.c(1019): warning:  #223-D: function "clear_PwdCache" declared implicitly
                                        clear_PwdCache();
code\main.c(1148): warning:  #223-D: function "clear_PwdCache" declared implicitly
                                        clear_PwdCache();
code\main.c(1157): warning:  #223-D: function "clear_PwdCache" declared implicitly
                                        clear_PwdCache();
code\main.c(1166): warning:  #223-D: function "clear_PwdCache" declared implicitly
                                        clear_PwdCache();
code\main.c(1185): warning:  #223-D: function "clear_PwdCache" declared implicitly
                                        clear_PwdCache();
code\main.c(1220): warning:  #223-D: function "isRight_Pwd_Digit" declared implicitly
                                                if(isRight_Pwd_Digit(curDigitPwd, curDigitPwd_offset))
code\main.c(1232): warning:  #223-D: function "clear_PwdCache" declared implicitly
                                        clear_PwdCache();
code\main.c(1240): warning:  #223-D: function "clear_PwdCache" declared implicitly
                                        clear_PwdCache();
code\main.c(1041): warning:  #177-D: variable "buf" was declared but never referenced
        uint8_t buf[8];
code\main.c(1340): warning:  #223-D: function "clear_PwdCache" declared implicitly
                                        clear_PwdCache();
code\main.c(1349): warning:  #223-D: function "clear_PwdCache" declared implicitly
                                        clear_PwdCache();
code\main.c(1358): warning:  #223-D: function "clear_PwdCache" declared implicitly
                                        clear_PwdCache();
code\main.c(1367): warning:  #223-D: function "clear_PwdCache" declared implicitly
                                        clear_PwdCache();
code\main.c(1377): warning:  #223-D: function "clear_PwdCache" declared implicitly
                                        clear_PwdCache();
code\main.c(1397): warning:  #223-D: function "isRight_Pwd_Digit" declared implicitly
                                        if(isRight_Pwd_Digit(curDigitPwd, curDigitPwd_offset))
code\main.c(1404): warning:  #225-D: the format string ends before this argument
                                                LCD_PRINT(3,0,lcd_show,"Clear alert", val);
code\main.c(1414): warning:  #223-D: function "clear_PwdCache" declared implicitly
                                        clear_PwdCache();
code\main.c(1422): warning:  #223-D: function "clear_PwdCache" declared implicitly
                                        clear_PwdCache();
code\main.c(1262): warning:  #177-D: variable "buf" was declared but never referenced
        uint8_t buf[8];
code\main.c(1264): warning:  #550-D: variable "isAlreadyOldPwd" was set but never used
        static uint8_t isAlreadyOldPwd = 0;
code\main.c(1497): warning:  #177-D: variable "degree" was declared but never referenced
        unsigned char degree = 0;
code\main.c(1633): warning:  #177-D: variable "usart_data_buf" was declared but never referenced
        unsigned char usart_data_buf[64];
code\main.c: 48 warnings, 0 errors
linking...
Program Size: Code=25868 RO-data=764 RW-data=3984 ZI-data=2968  
FromELF: creating hex file...
".\Obj\stm32-cloudsfaebox0627-1.axf" - 0 Error(s), 48 Warning(s).

<h2>Collection of Component include folders:</h2>
  C:\Users\Administrator\Desktop\合并测试\云平台智能保险箱20180627\云平台智能保险箱20180627\project\软件代码\RTE
  D:\Keli\ARM\PACK\ARM\CMSIS\4.2.0\Device\ARM\ARMCM3\Include

<h2>Collection of Component Files used:</h2>
</pre>
</body>
</html>
