<html>
<body>
<pre>
<h1>礦ision Build Log</h1>
<h2>Tool Versions:</h2>
IDE-Version: μVision V5.13.0.0
Copyright (C) 2014 ARM Ltd and ARM Germany GmbH. All rights reserved.
License Information: xb Microsoft, Microsoft, LIC=BUUCX-HAUZ1-J6GQ9-4SYYZ-0CQLP-6DJZD
 
Tool Versions:
Toolchain:       MDK-ARM Standard  Version: 5.13.0.0
Toolchain Path:  D:\Keli\ARM\ARMCC\Bin
C Compiler:      Armcc.exe V5.05 update 1 (build 106)
Assembler:       Armasm.exe V5.05 update 1 (build 106)
Linker/Locator:  ArmLink.exe V5.05 update 1 (build 106)
Library Manager: ArmAr.exe V5.05 update 1 (build 106)
Hex Converter:   FromElf.exe V5.05 update 1 (build 106)
CPU DLL:         SARMCM3.DLL V5.13.0.0
Dialog DLL:      DCM.DLL V1.13.1.0
Target DLL:      STLink\ST-LINKIII-KEIL_SWO.dll V2.0.14.0_KEIL
Dialog DLL:      TCM.DLL V1.14.4.0
 
<h2>Project:</h2>
D:\WorkSpace\CloudSafeBox\project\软件代码\project.uvprojx
Project File Date:  09/18/2018

<h2>Output:</h2>
Build target 'STM3210E_RELEASE'
compiling hal_usart1.c...
code\Drv\USART\hal_usart1.c(321): warning:  #940-D: missing return statement at end of non-void function "get_multiple_json_value"
  }
code\Drv\USART\hal_usart1.c(296): warning:  #177-D: variable "temp" was declared but never referenced
        static char temp[10];
code\Drv\USART\hal_usart1.c(335): warning:  #177-D: variable "servo_degree" was declared but never referenced
        char *servo_degree = NULL;
code\Drv\USART\hal_usart1.c: 3 warnings, 0 errors
linking...
Program Size: Code=6908 RO-data=472 RW-data=68 ZI-data=1444  
FromELF: creating hex file...
".\Obj\stm32-cloudsfaebox0627-1.axf" - 0 Error(s), 3 Warning(s).

<h2>Collection of Component include folders:</h2>
  D:\WorkSpace\CloudSafeBox\project\软件代码\RTE
  D:\Keli\ARM\PACK\ARM\CMSIS\4.2.0\Device\ARM\ARMCM3\Include

<h2>Collection of Component Files used:</h2>
</pre>
</body>
</html>
