Component: ARM Compiler 5.05 update 1 (build 106) Tool: armlink [4d0efa]

==============================================================================

Section Cross References

    main.o(i.main) refers to my_inittask.o(i.My_InitTask) for My_InitTask
    main.o(i.main) refers to printfa.o(i.__0printf) for __2printf
    main.o(i.main) refers to bsp_pwm.o(i.PWM_start_beep) for PWM_start_beep
    main.o(i.main) refers to bsp_systick.o(i.SYSTICK_Delay10ms) for SYSTICK_Delay10ms
    main.o(i.main) refers to bsp_pwm.o(i.PWM_stop_beep) for PWM_stop_beep
    main.o(i.main) refers to protocol.o(i.PTC_struct_init) for PTC_struct_init
    main.o(i.main) refers to cicc_api.o(i.Cicc_PcdInit) for Cicc_PcdInit
    main.o(i.main) refers to lf125k.o(i.LF125K_init) for LF125K_init
    main.o(i.main) refers to protocol.o(i.PTC_get_command) for PTC_get_command
    main.o(i.main) refers to protocol_port.o(i.ptc_process) for ptc_process
    protocol.o(i.PTC_ACK_CMD) refers to crc16.o(i.CRC16_calc) for CRC16_calc
    protocol.o(i.PTC_ACK_CMD) refers to protocol.o(i.PTC_sendbyte) for PTC_sendbyte
    protocol.o(i.PTC_ACK_inquiry) refers to crc16.o(i.CRC16_calc) for CRC16_calc
    protocol.o(i.PTC_ACK_inquiry) refers to protocol.o(i.PTC_sendbyte) for PTC_sendbyte
    protocol.o(i.PTC_ACK_success_cmd) refers to crc16.o(i.CRC16_calc) for CRC16_calc
    protocol.o(i.PTC_ACK_success_cmd) refers to protocol.o(i.PTC_sendbyte) for PTC_sendbyte
    protocol.o(i.PTC_ACK_success_cmd) refers to protocol.o(.bss) for .bss
    protocol.o(i.PTC_ACK_tested) refers to crc16.o(i.CRC16_calc) for CRC16_calc
    protocol.o(i.PTC_ACK_tested) refers to protocol.o(i.PTC_sendbyte) for PTC_sendbyte
    protocol.o(i.PTC_ACK_unrecognized_cmd) refers to crc16.o(i.CRC16_calc) for CRC16_calc
    protocol.o(i.PTC_ACK_unrecognized_cmd) refers to protocol.o(i.PTC_sendbyte) for PTC_sendbyte
    protocol.o(i.PTC_ACK_unrecognized_cmd) refers to protocol.o(.bss) for .bss
    protocol.o(i.PTC_CRC16_disable) refers to protocol.o(.bss) for .bss
    protocol.o(i.PTC_CRC16_enable) refers to protocol.o(.bss) for .bss
    protocol.o(i.PTC_detect_crc16cmd) refers to protocol.o(.bss) for .bss
    protocol.o(i.PTC_get_command) refers to protocol.o(i.PTC_judge_message) for PTC_judge_message
    protocol.o(i.PTC_get_command) refers to protocol.o(.bss) for .bss
    protocol.o(i.PTC_get_data) refers to protocol.o(.bss) for .bss
    protocol.o(i.PTC_judge_message) refers to protocol.o(i.PTC_detect_crc16cmd) for PTC_detect_crc16cmd
    protocol.o(i.PTC_judge_message) refers to crc16.o(i.CRC16_calc) for CRC16_calc
    protocol.o(i.PTC_judge_message) refers to protocol.o(.bss) for .bss
    protocol.o(i.PTC_receive_data) refers to stm32f10x_usart.o(i.USART_SendData) for USART_SendData
    protocol.o(i.PTC_receive_data) refers to bsp_systick.o(i.SYSTICK_get_time) for SYSTICK_get_time
    protocol.o(i.PTC_receive_data) refers to protocol_port.o(.data) for uhf_serial_flag
    protocol.o(i.PTC_receive_data) refers to protocol.o(.bss) for .bss
    protocol.o(i.PTC_refresh_receive) refers to protocol.o(.bss) for .bss
    protocol.o(i.PTC_sendbyte) refers to stm32f10x_usart.o(i.USART_SendData) for USART_SendData
    protocol.o(i.PTC_sendbyte) refers to stm32f10x_usart.o(i.USART_GetFlagStatus) for USART_GetFlagStatus
    protocol.o(i.PTC_sendbyte_n) refers to stm32f10x_usart.o(i.USART_SendData) for USART_SendData
    protocol.o(i.PTC_struct_init) refers to protocol.o(.bss) for .bss
    crc16.o(i.CRC16_calc) refers to crc16.o(.data) for .data
    protocol_port.o(i.ptc_process) refers to protocol.o(i.PTC_ACK_unrecognized_cmd) for PTC_ACK_unrecognized_cmd
    protocol_port.o(i.ptc_process) refers to protocol.o(i.PTC_refresh_receive) for PTC_refresh_receive
    protocol_port.o(i.ptc_process) refers to protocol_port.o(i.ptc_process_cmd_main) for ptc_process_cmd_main
    protocol_port.o(i.ptc_process) refers to protocol_port.o(i.ptc_process_cmd_inquiry) for ptc_process_cmd_inquiry
    protocol_port.o(i.ptc_process) refers to protocol_port.o(i.ptc_process_cmd_set) for ptc_process_cmd_set
    protocol_port.o(i.ptc_process) refers to protocol_port.o(i.ptc_process_cmd_trans) for ptc_process_cmd_trans
    protocol_port.o(i.ptc_process) refers to protocol_port.o(i.ptc_process_cmd_tested) for ptc_process_cmd_tested
    protocol_port.o(i.ptc_process_cmd_inquiry) refers to malloc.o(i.malloc) for malloc
    protocol_port.o(i.ptc_process_cmd_inquiry) refers to rc531_commu.o(i.rc531c_read_cpucard_id) for rc531c_read_cpucard_id
    protocol_port.o(i.ptc_process_cmd_inquiry) refers to lf125k.o(i.LF125K_read_1_page) for LF125K_read_1_page
    protocol_port.o(i.ptc_process_cmd_inquiry) refers to protocol.o(i.PTC_ACK_inquiry) for PTC_ACK_inquiry
    protocol_port.o(i.ptc_process_cmd_inquiry) refers to malloc.o(i.free) for free
    protocol_port.o(i.ptc_process_cmd_inquiry) refers to rc531_commu.o(i.rc531c_read_m1card_id) for rc531c_read_m1card_id
[...]
    i.USART_GetFlagStatus                    0x000031ec   Section        0  stm32f10x_usart.o(i.USART_GetFlagStatus)
    i.USART_GetITStatus                      0x000031fa   Section        0  stm32f10x_usart.o(i.USART_GetITStatus)
    i.USART_ITConfig                         0x00003238   Section        0  stm32f10x_usart.o(i.USART_ITConfig)
    i.USART_Init                             0x00003268   Section        0  stm32f10x_usart.o(i.USART_Init)
    i.USART_ReceiveData                      0x00003314   Section        0  stm32f10x_usart.o(i.USART_ReceiveData)
    i.USART_SendData                         0x0000331c   Section        0  stm32f10x_usart.o(i.USART_SendData)
    i.UsageFault_Handler                     0x00003324   Section        0  stm32f10x_it.o(i.UsageFault_Handler)
    i.WriteRawRC                             0x00003340   Section        0  pn512.o(i.WriteRawRC)
    i.__0printf                              0x00003368   Section        0  printfa.o(i.__0printf)
    i.__scatterload_copy                     0x00003388   Section       14  handlers.o(i.__scatterload_copy)
    i.__scatterload_null                     0x00003396   Section        2  handlers.o(i.__scatterload_null)
    i.__scatterload_zeroinit                 0x00003398   Section       14  handlers.o(i.__scatterload_zeroinit)
    i._fp_digits                             0x000033a8   Section        0  printfa.o(i._fp_digits)
    _fp_digits                               0x000033a9   Thumb Code   334  printfa.o(i._fp_digits)
    i._msdelay                               0x0000350c   Section        0  cicc_func.o(i._msdelay)
    i._printf_core                           0x00003520   Section        0  printfa.o(i._printf_core)
    _printf_core                             0x00003521   Thumb Code  1744  printfa.o(i._printf_core)
    i._printf_post_padding                   0x00003bfc   Section        0  printfa.o(i._printf_post_padding)
    _printf_post_padding                     0x00003bfd   Thumb Code    36  printfa.o(i._printf_post_padding)
    i._printf_pre_padding                    0x00003c20   Section        0  printfa.o(i._printf_pre_padding)
    _printf_pre_padding                      0x00003c21   Thumb Code    46  printfa.o(i._printf_pre_padding)
    i.cicc_m1_PiccAuth_key                   0x00003c4e   Section        0  cicc_api.o(i.cicc_m1_PiccAuth_key)
    i.cicc_m1_PiccBlockRead                  0x00003c6c   Section        0  cicc_api.o(i.cicc_m1_PiccBlockRead)
    i.cicc_m1_PiccBlockWrite                 0x00003c7a   Section        0  cicc_api.o(i.cicc_m1_PiccBlockWrite)
    i.cicc_m1_ReqAntiSele                    0x00003c88   Section        0  cicc_api.o(i.cicc_m1_ReqAntiSele)
    i.cicc_m1_halt                           0x00003d0e   Section        0  cicc_api.o(i.cicc_m1_halt)
    i.delay_www                              0x00003d12   Section        0  cicc_iso14443.o(i.delay_www)
    i.fputc                                  0x00003d38   Section        0  bsp_usart.o(i.fputc)
    i.free                                   0x00003d5c   Section        0  malloc.o(i.free)
    i.isoBlockExchange                       0x00003dac   Section        0  cicc_iso14443.o(i.isoBlockExchange)
    i.isoRatsA                               0x00003fbc   Section        0  cicc_iso14443.o(i.isoRatsA)
    i.m1_ReqAntiSele                         0x0000407c   Section        0  cicc_api.o(i.m1_ReqAntiSele)
    i.main                                   0x000040d0   Section        0  main.o(i.main)
    i.malloc                                 0x00004120   Section        0  malloc.o(i.malloc)
    i.nfcc_active_m1card                     0x0000418c   Section        0  nfc_commu.o(i.nfcc_active_m1card)
    i.nfcc_close_ant                         0x000041c4   Section        0  nfc_commu.o(i.nfcc_close_ant)
    i.nfcc_coll_m1card                       0x000041d0   Section        0  nfc_commu.o(i.nfcc_coll_m1card)
    i.nfcc_open_ant                          0x000041fc   Section        0  nfc_commu.o(i.nfcc_open_ant)
    i.nfcc_pwdauth                           0x00004208   Section        0  nfc_commu.o(i.nfcc_pwdauth)
    i.nfcc_read_sector                       0x0000422c   Section        0  nfc_commu.o(i.nfcc_read_sector)
    i.nfcc_request_m1card                    0x00004240   Section        0  nfc_commu.o(i.nfcc_request_m1card)
    i.nfcc_select_m1card                     0x00004274   Section        0  nfc_commu.o(i.nfcc_select_m1card)
    i.nfcc_write_sector                      0x000042a4   Section        0  nfc_commu.o(i.nfcc_write_sector)
    i.pcdSetRblock                           0x000042b4   Section        0  cicc_iso14443.o(i.pcdSetRblock)
    i.pcdSetSbrockWtx                        0x0000430c   Section        0  cicc_iso14443.o(i.pcdSetSbrockWtx)
    i.ptc_process                            0x00004394   Section        0  protocol_port.o(i.ptc_process)
    i.ptc_process_cmd_inquiry                0x000043e2   Section        0  protocol_port.o(i.ptc_process_cmd_inquiry)
    i.ptc_process_cmd_main                   0x00004488   Section        0  protocol_port.o(i.ptc_process_cmd_main)
    i.ptc_process_cmd_set                    0x000044ac   Section        0  protocol_port.o(i.ptc_process_cmd_set)
    i.ptc_process_cmd_tested                 0x000045f4   Section        0  protocol_port.o(i.ptc_process_cmd_tested)
    i.ptc_process_cmd_trans                  0x0000470c   Section        0  protocol_port.o(i.ptc_process_cmd_trans)
    i.rc531_ClrBitMask                       0x0000488a   Section        0  cicc_rc531.o(i.rc531_ClrBitMask)
    i.rc531_FlushFIFO                        0x000048a2   Section        0  cicc_rc531.o(i.rc531_FlushFIFO)
    i.rc531_ISR                              0x000048b6   Section        0  cicc_mifare1.o(i.rc531_ISR)
    i.rc531_PcdCmd                           0x00004994   Section        0  cicc_rc531.o(i.rc531_PcdCmd)
    i.rc531_PcdConfig_A                      0x00004c5c   Section        0  cicc_rc531.o(i.rc531_PcdConfig_A)
    i.rc531_PcdConfig_B                      0x00004d24   Section        0  cicc_rc531.o(i.rc531_PcdConfig_B)
    i.rc531_PcdReset                         0x00004df4   Section        0  cicc_rc531.o(i.rc531_PcdReset)
    i.rc531_PcdRfReset                       0x00004e28   Section        0  cicc_rc531.o(i.rc531_PcdRfReset)
    i.rc531_PcdSetFwt                        0x00004e7c   Section        0  cicc_rc531.o(i.rc531_PcdSetFwt)
    i.rc531_PcdSetTmo                        0x00004e9a   Section        0  cicc_rc531.o(i.rc531_PcdSetTmo)
    i.rc531_Read                             0x00004f10   Section        0  cicc_rc531.o(i.rc531_Read)
    i.rc531_SetBitMask                       0x00004f14   Section        0  cicc_rc531.o(i.rc531_SetBitMask)
    i.rc531_Write                            0x00004f2c   Section        0  cicc_rc531.o(i.rc531_Write)
    i.rc531_m1PcdCmd                         0x00004f30   Section        0  cicc_mifare1.o(i.rc531_m1PcdCmd)
    i.rc531c_active_cpua_rfid                0x000050ea   Section        0  rc531_commu.o(i.rc531c_active_cpua_rfid)
    i.rc531c_active_m1_rfid                  0x00005118   Section        0  rc531_commu.o(i.rc531c_active_m1_rfid)
    i.rc531c_apdu_rfid                       0x00005146   Section        0  rc531_commu.o(i.rc531c_apdu_rfid)
    i.rc531c_close_rfid                      0x00005182   Section        0  rc531_commu.o(i.rc531c_close_rfid)
    i.rc531c_coll_cpuB_rfid                  0x00005194   Section        0  rc531_commu.o(i.rc531c_coll_cpuB_rfid)
    i.rc531c_coll_cpua_rfid                  0x00005248   Section        0  rc531_commu.o(i.rc531c_coll_cpua_rfid)
    i.rc531c_coll_m1_rfid                    0x00005270   Section        0  rc531_commu.o(i.rc531c_coll_m1_rfid)
    i.rc531c_coll_m1card_rfid                0x00005294   Section        0  rc531_commu.o(i.rc531c_coll_m1card_rfid)
    i.rc531c_coll_tested_rfid                0x000052b8   Section        0  rc531_commu.o(i.rc531c_coll_tested_rfid)
    i.rc531c_find_rfid_card                  0x0000532c   Section        0  rc531_commu.o(i.rc531c_find_rfid_card)
    i.rc531c_halt_m1_rfid                    0x000053e8   Section        0  rc531_commu.o(i.rc531c_halt_m1_rfid)
    i.rc531c_m1pwd_rfid                      0x00005418   Section        0  rc531_commu.o(i.rc531c_m1pwd_rfid)
    i.rc531c_m1read_rfid                     0x00005440   Section        0  rc531_commu.o(i.rc531c_m1read_rfid)
    i.rc531c_m1write_rfid                    0x0000544a   Section        0  rc531_commu.o(i.rc531c_m1write_rfid)
    i.rc531c_move_rfid_card                  0x00005454   Section        0  rc531_commu.o(i.rc531c_move_rfid_card)
    i.rc531c_open_rfid                       0x00005478   Section        0  rc531_commu.o(i.rc531c_open_rfid)
    i.rc531c_read_cpucard_id                 0x00005484   Section        0  rc531_commu.o(i.rc531c_read_cpucard_id)
    i.rc531c_read_m1card_id                  0x000054da   Section        0  rc531_commu.o(i.rc531c_read_m1card_id)
    i.rc531c_req_cpua_rfid                   0x0000551c   Section        0  rc531_commu.o(i.rc531c_req_cpua_rfid)
    i.rc531c_req_m1_rfid                     0x000055a4   Section        0  rc531_commu.o(i.rc531c_req_m1_rfid)
    i.rc531c_select_cpua_rfid                0x0000562c   Section        0  rc531_commu.o(i.rc531c_select_cpua_rfid)
    i.rc531c_select_m1_rfid                  0x00005664   Section        0  rc531_commu.o(i.rc531c_select_m1_rfid)
    i.spi_pn512_configuration                0x000056b0   Section        0  bsp_spi.o(i.spi_pn512_configuration)
    i.spi_pn512_readwrite_byte               0x0000575c   Section        0  bsp_spi.o(i.spi_pn512_readwrite_byte)
    i.spi_pn512_set_nss                      0x00005790   Section        0  bsp_spi.o(i.spi_pn512_set_nss)
    i.spi_pn512_set_rst                      0x000057a8   Section        0  bsp_spi.o(i.spi_pn512_set_rst)
    i.spi_rc531_configuration                0x000057c0   Section        0  bsp_spi.o(i.spi_rc531_configuration)
    i.spi_rc531_readwrite_byte               0x00005864   Section        0  bsp_spi.o(i.spi_rc531_readwrite_byte)
    i.spi_rc531_set_nss                      0x00005898   Section        0  bsp_spi.o(i.spi_rc531_set_nss)
    i.spi_rc531_set_rst                      0x000058b0   Section        0  bsp_spi.o(i.spi_rc531_set_rst)
    i.u7se32_rc531_interface                 0x000058c8   Section        0  cicc_spi.o(i.u7se32_rc531_interface)
    i.u7se32_rc531_reset                     0x000058f0   Section        0  cicc_spi.o(i.u7se32_rc531_reset)
    i.u7se32_spi_read                        0x00005914   Section        0  cicc_spi.o(i.u7se32_spi_read)
    i.u7se32_spi_write                       0x0000594c   Section        0  cicc_spi.o(i.u7se32_spi_write)
    i.write_add                              0x00005980   Section        0  lf125k.o(i.write_add)
    i.write_data                             0x000059c8   Section        0  lf125k.o(i.write_data)
    i.write_lock                             0x00005a04   Section        0  lf125k.o(i.write_lock)
    i.write_od                               0x00005a14   Section        0  lf125k.o(i.write_od)
    .constdata                               0x00005a74   Section    13143  rfid_firmware.o(.constdata)
    .data                                    0x20000000   Section      512  crc16.o(.data)
    .data                                    0x20000200   Section        1  protocol_port.o(.data)
    .data                                    0x20000201   Section        1  nfc_commu.o(.data)
    .data                                    0x20000202   Section        8  lf125k.o(.data)
    .data                                    0x2000020a   Section        1  cicc_api.o(.data)
    .data                                    0x2000020b   Section        1  cicc_api.o(.data)
    .data                                    0x2000020c   Section        1  cicc_api.o(.data)
    .data                                    0x2000020d   Section        1  cicc_api.o(.data)
    .data                                    0x2000020e   Section        1  cicc_api.o(.data)
    .data                                    0x2000020f   Section        8  cicc_api.o(.data)
    .data                                    0x20000217   Section        1  cicc_api.o(.data)
    .data                                    0x20000218   Section        3  cicc_func.o(.data)
    .data                                    0x2000021b   Section        2  cicc_iso14443.o(.data)
    .data                                    0x2000021d   Section      102  cicc_public.o(.data)
    .data                                    0x20000283   Section        1  cicc_public.o(.data)
    .data                                    0x20000284   Section        2  rfid_firmware.o(.data)
    .data                                    0x20000288   Section        4  bsp_systick.o(.data)
    .data                                    0x2000028c   Section       20  stm32f10x_rcc.o(.data)
    ADCPrescTable                            0x2000028c   Data           4  stm32f10x_rcc.o(.data)
    APBAHBPrescTable                         0x20000290   Data          16  stm32f10x_rcc.o(.data)
    .data                                    0x200002a0   Section        4  stdout.o(.data)
    .data                                    0x200002a4   Section        4  mvars.o(.data)
    .data                                    0x200002a8   Section        4  mvars.o(.data)
    .bss                                     0x200002ac   Section      264  protocol.o(.bss)
    .bss                                     0x200003b4   Section       10  nfc_commu.o(.bss)
    .bss                                     0x200003be   Section      128  cicc_func.o(.bss)
    .bss                                     0x2000043e   Section      600  cicc_iso14443.o(.bss)
    .bss                                     0x20000696   Section      128  cicc_mifare1.o(.bss)
    .bss                                     0x20000718   Section       20  cicc_public.o(.bss)
    HEAP                                     0x20000730   Section     1024  startup_stm32f10x_hd.o(HEAP)
    STACK                                    0x20000b30   Section     1024  startup_stm32f10x_hd.o(STACK)

    Global Symbols

    Symbol Name                              Value     Ov Type        Size  Object(Section)

    BuildAttributes$$THM_ISAv4$P$D$K$B$S$PE$A:L22UL41UL21$X:L11$S22US41US21$IEEE1$IW$USESV6$~STKCKD$USESV7$~SHL$OTIME$ROPI$EBA8$MICROLIB$REQ8$PRES8$EABIv2 0x00000000   Number         0  anon$$obj.o ABSOLUTE
    __ARM_use_no_argv                        0x00000000   Number         0  main.o ABSOLUTE
    __Vectors                                0x00000000   Data           4  startup_stm32f10x_hd.o(RESET)
    _printf_a                                0x00000000   Number         0  stubs.o ABSOLUTE
    _printf_c                                0x00000000   Number         0  stubs.o ABSOLUTE
    _printf_charcount                        0x00000000   Number         0  stubs.o ABSOLUTE
    _printf_d                                0x00000000   Number         0  stubs.o ABSOLUTE
    _printf_e                                0x00000000   Number         0  stubs.o ABSOLUTE
    _printf_f                                0x00000000   Number         0  stubs.o ABSOLUTE
    _printf_flags                            0x00000000   Number         0  stubs.o ABSOLUTE
    _printf_fp_dec                           0x00000000   Number         0  stubs.o ABSOLUTE
    _printf_fp_hex                           0x00000000   Number         0  stubs.o ABSOLUTE
    _printf_g                                0x00000000   Number         0  stubs.o ABSOLUTE
    _printf_i                                0x00000000   Number         0  stubs.o ABSOLUTE
    _printf_int_dec                          0x00000000   Number         0  stubs.o ABSOLUTE
    _printf_l                                0x00000000   Number         0  stubs.o ABSOLUTE
    _printf_lc                               0x00000000   Number         0  stubs.o ABSOLUTE
    _printf_ll                               0x00000000   Number         0  stubs.o ABSOLUTE
    _printf_lld                              0x00000000   Number         0  stubs.o ABSOLUTE
    _printf_lli                              0x00000000   Number         0  stubs.o ABSOLUTE
    _printf_llo                              0x00000000   Number         0  stubs.o ABSOLUTE
    _printf_llu                              0x00000000   Number         0  stubs.o ABSOLUTE
    _printf_llx                              0x00000000   Number         0  stubs.o ABSOLUTE
    _printf_longlong_dec                     0x00000000   Number         0  stubs.o ABSOLUTE
    _printf_longlong_hex                     0x00000000   Number         0  stubs.o ABSOLUTE
    _printf_longlong_oct                     0x00000000   Number         0  stubs.o ABSOLUTE
    _printf_ls                               0x00000000   Number         0  stubs.o ABSOLUTE
    _printf_mbtowc                           0x00000000   Number         0  stubs.o ABSOLUTE
    _printf_n                                0x00000000   Number         0  stubs.o ABSOLUTE
    _printf_o                                0x00000000   Number         0  stubs.o ABSOLUTE
    _printf_p                                0x00000000   Number         0  stubs.o ABSOLUTE
    _printf_percent                          0x00000000   Number         0  stubs.o ABSOLUTE
    _printf_pre_padding                      0x00000000   Number         0  stubs.o ABSOLUTE
    _printf_return_value                     0x00000000   Number         0  stubs.o ABSOLUTE
    _printf_s                                0x00000000   Number         0  stubs.o ABSOLUTE
    _printf_sizespec                         0x00000000   Number         0  stubs.o ABSOLUTE
    _printf_str                              0x00000000   Number         0  stubs.o ABSOLUTE
    _printf_truncate_signed                  0x00000000   Number         0  stubs.o ABSOLUTE
    _printf_truncate_unsigned                0x00000000   Number         0  stubs.o ABSOLUTE
    _printf_u                                0x00000000   Number         0  stubs.o ABSOLUTE
    _printf_wc                               0x00000000   Number         0  stubs.o ABSOLUTE
    _printf_wctomb                           0x00000000   Number         0  stubs.o ABSOLUTE
    _printf_widthprec                        0x00000000   Number         0  stubs.o ABSOLUTE
    _printf_x                                0x00000000   Number         0  stubs.o ABSOLUTE
    __cpp_initialize__aeabi_                  - Undefined Weak Reference
    __cxa_finalize                            - Undefined Weak Reference
    _clock_init                               - Undefined Weak Reference
    _microlib_exit                            - Undefined Weak Reference
    __Vectors_End                            0x00000130   Data           0  startup_stm32f10x_hd.o(RESET)
    __Vectors_Size                           0x00000130   Number         0  startup_stm32f10x_hd.o ABSOLUTE
    __main                                   0x00000131   Thumb Code     0  entry.o(.ARM.Collect$$$$00000000)
    _main_stk                                0x00000131   Thumb Code     0  entry2.o(.ARM.Collect$$$$00000001)
    _main_scatterload                        0x00000135   Thumb Code     0  entry5.o(.ARM.Collect$$$$00000004)
    __main_after_scatterload                 0x00000139   Thumb Code     0  entry5.o(.ARM.Collect$$$$00000004)
    _main_clock                              0x00000139   Thumb Code     0  entry7b.o(.ARM.Collect$$$$00000008)
    _main_cpp_init                           0x00000139   Thumb Code     0  entry8b.o(.ARM.Collect$$$$0000000A)
    _main_init                               0x00000139   Thumb Code     0  entry9a.o(.ARM.Collect$$$$0000000B)
    __rt_final_cpp                           0x00000141   Thumb Code     0  entry10a.o(.ARM.Collect$$$$0000000D)
    __rt_final_exit                          0x00000141   Thumb Code     0  entry11a.o(.ARM.Collect$$$$0000000F)
    Reset_Handler                            0x00000145   Thumb Code     8  startup_stm32f10x_hd.o(.text)
    ADC1_2_IRQHandler                        0x0000015f   Thumb Code     0  startup_stm32f10x_hd.o(.text)
    ADC3_IRQHandler                          0x0000015f   Thumb Code     0  startup_stm32f10x_hd.o(.text)
    CAN1_RX1_IRQHandler                      0x0000015f   Thumb Code     0  startup_stm32f10x_hd.o(.text)
    CAN1_SCE_IRQHandler                      0x0000015f   Thumb Code     0  startup_stm32f10x_hd.o(.text)
    DMA1_Channel1_IRQHandler                 0x0000015f   Thumb Code     0  startup_stm32f10x_hd.o(.text)
    DMA1_Channel2_IRQHandler                 0x0000015f   Thumb Code     0  startup_stm32f10x_hd.o(.text)
    DMA1_Channel3_IRQHandler                 0x0000015f   Thumb Code     0  startup_stm32f10x_hd.o(.text)
    DMA1_Channel4_IRQHandler                 0x0000015f   Thumb Code     0  startup_stm32f10x_hd.o(.text)
    DMA1_Channel5_IRQHandler                 0x0000015f   Thumb Code     0  startup_stm32f10x_hd.o(.text)
    DMA1_Channel6_IRQHandler                 0x0000015f   Thumb Code     0  startup_stm32f10x_hd.o(.text)
    DMA1_Channel7_IRQHandler                 0x0000015f   Thumb Code     0  startup_stm32f10x_hd.o(.text)
    DMA2_Channel1_IRQHandler                 0x0000015f   Thumb Code     0  startup_stm32f10x_hd.o(.text)
    DMA2_Channel2_IRQHandler                 0x0000015f   Thumb Code     0  startup_stm32f10x_hd.o(.text)
    DMA2_Channel3_IRQHandler                 0x0000015f   Thumb Code     0  startup_stm32f10x_hd.o(.text)
    DMA2_Channel4_5_IRQHandler               0x0000015f   Thumb Code     0  startup_stm32f10x_hd.o(.text)
    EXTI1_IRQHandler                         0x0000015f   Thumb Code     0  startup_stm32f10x_hd.o(.text)
    EXTI2_IRQHandler                         0x0000015f   Thumb Code     0  startup_stm32f10x_hd.o(.text)
    EXTI3_IRQHandler                         0x0000015f   Thumb Code     0  startup_stm32f10x_hd.o(.text)
    EXTI4_IRQHandler                         0x0000015f   Thumb Code     0  startup_stm32f10x_hd.o(.text)
    FLASH_IRQHandler                         0x0000015f   Thumb Code     0  startup_stm32f10x_hd.o(.text)
    FSMC_IRQHandler                          0x0000015f   Thumb Code     0  startup_stm32f10x_hd.o(.text)
    I2C1_ER_IRQHandler                       0x0000015f   Thumb Code     0  startup_stm32f10x_hd.o(.text)
    I2C1_EV_IRQHandler                       0x0000015f   Thumb Code     0  startup_stm32f10x_hd.o(.text)
    I2C2_ER_IRQHandler                       0x0000015f   Thumb Code     0  startup_stm32f10x_hd.o(.text)
    I2C2_EV_IRQHandler                       0x0000015f   Thumb Code     0  startup_stm32f10x_hd.o(.text)
    PVD_IRQHandler                           0x0000015f   Thumb Code     0  startup_stm32f10x_hd.o(.text)
    RCC_IRQHandler                           0x0000015f   Thumb Code     0  startup_stm32f10x_hd.o(.text)
    RTCAlarm_IRQHandler                      0x0000015f   Thumb Code     0  startup_stm32f10x_hd.o(.text)
    RTC_IRQHandler                           0x0000015f   Thumb Code     0  startup_stm32f10x_hd.o(.text)
    SDIO_IRQHandler                          0x0000015f   Thumb Code     0  startup_stm32f10x_hd.o(.text)
    SPI1_IRQHandler                          0x0000015f   Thumb Code     0  startup_stm32f10x_hd.o(.text)
    SPI2_IRQHandler                          0x0000015f   Thumb Code     0  startup_stm32f10x_hd.o(.text)
    SPI3_IRQHandler                          0x0000015f   Thumb Code     0  startup_stm32f10x_hd.o(.text)
    TAMPER_IRQHandler                        0x0000015f   Thumb Code     0  startup_stm32f10x_hd.o(.text)
    TIM1_BRK_IRQHandler                      0x0000015f   Thumb Code     0  startup_stm32f10x_hd.o(.text)
    TIM1_CC_IRQHandler                       0x0000015f   Thumb Code     0  startup_stm32f10x_hd.o(.text)
    TIM1_TRG_COM_IRQHandler                  0x0000015f   Thumb Code     0  startup_stm32f10x_hd.o(.text)
    TIM1_UP_IRQHandler                       0x0000015f   Thumb Code     0  startup_stm32f10x_hd.o(.text)
    TIM2_IRQHandler                          0x0000015f   Thumb Code     0  startup_stm32f10x_hd.o(.text)
    TIM3_IRQHandler                          0x0000015f   Thumb Code     0  startup_stm32f10x_hd.o(.text)
    TIM4_IRQHandler                          0x0000015f   Thumb Code     0  startup_stm32f10x_hd.o(.text)
    TIM5_IRQHandler                          0x0000015f   Thumb Code     0  startup_stm32f10x_hd.o(.text)
    TIM6_IRQHandler                          0x0000015f   Thumb Code     0  startup_stm32f10x_hd.o(.text)
    TIM7_IRQHandler                          0x0000015f   Thumb Code     0  startup_stm32f10x_hd.o(.text)
    TIM8_BRK_IRQHandler                      0x0000015f   Thumb Code     0  startup_stm32f10x_hd.o(.text)
    TIM8_CC_IRQHandler                       0x0000015f   Thumb Code     0  startup_stm32f10x_hd.o(.text)
    TIM8_TRG_COM_IRQHandler                  0x0000015f   Thumb Code     0  startup_stm32f10x_hd.o(.text)
    TIM8_UP_IRQHandler                       0x0000015f   Thumb Code     0  startup_stm32f10x_hd.o(.text)
    UART5_IRQHandler                         0x0000015f   Thumb Code     0  startup_stm32f10x_hd.o(.text)
    USBWakeUp_IRQHandler                     0x0000015f   Thumb Code     0  startup_stm32f10x_hd.o(.text)
    USB_HP_CAN1_TX_IRQHandler                0x0000015f   Thumb Code     0  startup_stm32f10x_hd.o(.text)
    USB_LP_CAN1_RX0_IRQHandler               0x0000015f   Thumb Code     0  startup_stm32f10x_hd.o(.text)
    WWDG_IRQHandler                          0x0000015f   Thumb Code     0  startup_stm32f10x_hd.o(.text)
    __aeabi_memcpy                           0x00000169   Thumb Code    36  memcpya.o(.text)
    __aeabi_memcpy4                          0x00000169   Thumb Code     0  memcpya.o(.text)
    __aeabi_memcpy8                          0x00000169   Thumb Code     0  memcpya.o(.text)
    __aeabi_memset                           0x0000018d   Thumb Code    14  memseta.o(.text)
    __aeabi_memset4                          0x0000018d   Thumb Code     0  memseta.o(.text)
    __aeabi_memset8                          0x0000018d   Thumb Code     0  memseta.o(.text)
    __aeabi_memclr                           0x0000019b   Thumb Code     4  memseta.o(.text)
    __aeabi_memclr4                          0x0000019b   Thumb Code     0  memseta.o(.text)
    __aeabi_memclr8                          0x0000019b   Thumb Code     0  memseta.o(.text)
    _memset$wrapper                          0x0000019f   Thumb Code    18  memseta.o(.text)
    memcmp                                   0x000001b1   Thumb Code    26  memcmp.o(.text)
    __aeabi_ddiv                             0x000001cb   Thumb Code   222  ddiv.o(.text)
    __aeabi_uidiv                            0x000002a9   Thumb Code     0  uidiv.o(.text)
    __aeabi_uidivmod                         0x000002a9   Thumb Code    44  uidiv.o(.text)
    __aeabi_uldivmod                         0x000002d5   Thumb Code    98  uldiv.o(.text)
    __I$use$fp                               0x00000337   Thumb Code     0  iusefp.o(.text)
    _double_round                            0x00000337   Thumb Code    30  depilogue.o(.text)
    _double_epilogue                         0x00000355   Thumb Code   156  depilogue.o(.text)
    __aeabi_dadd                             0x000003f1   Thumb Code   322  dadd.o(.text)
    __aeabi_dsub                             0x00000533   Thumb Code     6  dadd.o(.text)
    __aeabi_drsub                            0x00000539   Thumb Code     6  dadd.o(.text)
    __aeabi_dmul                             0x0000053f   Thumb Code   228  dmul.o(.text)
    __aeabi_d2ulz                            0x00000623   Thumb Code    48  dfixul.o(.text)
    __aeabi_cdrcmple                         0x00000655   Thumb Code    48  cdrcmple.o(.text)
    __scatterload                            0x00000685   Thumb Code    28  init.o(.text)
    __scatterload_rt2                        0x00000685   Thumb Code     0  init.o(.text)
    __aeabi_llsl                             0x000006a9   Thumb Code    30  llshl.o(.text)
    _ll_shift_l                              0x000006a9   Thumb Code     0  llshl.o(.text)
    __aeabi_llsr                             0x000006c7   Thumb Code    32  llushr.o(.text)
    _ll_ushift_r                             0x000006c7   Thumb Code     0  llushr.o(.text)
    __aeabi_lasr                             0x000006e7   Thumb Code    36  llsshr.o(.text)
    _ll_sshift_r                             0x000006e7   Thumb Code     0  llsshr.o(.text)
    __decompress                             0x0000070b   Thumb Code     0  __dczerorl2.o(.text)
    __decompress1                            0x0000070b   Thumb Code    86  __dczerorl2.o(.text)
    BusFault_Handler                         0x00000761   Thumb Code     8  stm32f10x_it.o(i.BusFault_Handler)
    CRC16_calc                               0x0000077d   Thumb Code    42  crc16.o(i.CRC16_calc)
    CalulateCRC                              0x000007ad   Thumb Code   102  pn512.o(i.CalulateCRC)
    Cicc_Active                              0x00000813   Thumb Code    68  cicc_api.o(i.Cicc_Active)
    Cicc_ApduExchange                        0x00000859   Thumb Code    36  cicc_api.o(i.Cicc_ApduExchange)
    Cicc_PcdInit                             0x00000881   Thumb Code    20  cicc_api.o(i.Cicc_PcdInit)
    Cicc_PiccDeslect                         0x00000895   Thumb Code     4  cicc_api.o(i.Cicc_PiccDeslect)
    Cicc_PiccSeekActive                      0x00000899   Thumb Code   240  cicc_api.o(i.Cicc_PiccSeekActive)
    Cicc_WaitPiccRemove                      0x00000991   Thumb Code    16  cicc_api.o(i.Cicc_WaitPiccRemove)
    ClearBitMask                             0x000009a1   Thumb Code    24  pn512.o(i.ClearBitMask)
    Data_Processing                          0x000009b9   Thumb Code    70  lf125k.o(i.Data_Processing)
    DebugMon_Handler                         0x00000a11   Thumb Code     2  stm32f10x_it.o(i.DebugMon_Handler)
    Delay_us                                 0x00000a13   Thumb Code    18  pn512.o(i.Delay_us)
    Delayus                                  0x00000a25   Thumb Code    16  rfid_firmware.o(i.Delayus)
    Download_FW                              0x00000a35   Thumb Code   198  rfid_firmware.o(i.Download_FW)
    EXTI0_IRQHandler                         0x00000b05   Thumb Code     2  pn512.o(i.EXTI0_IRQHandler)
    EXTI15_10_IRQHandler                     0x00000b07   Thumb Code    46  stm32f10x_it.o(i.EXTI15_10_IRQHandler)
    EXTI9_5_IRQHandler                       0x00000b35   Thumb Code    28  stm32f10x_it.o(i.EXTI9_5_IRQHandler)
    EXTI_ClearITPendingBit                   0x00000b51   Thumb Code     6  stm32f10x_exti.o(i.EXTI_ClearITPendingBit)
    EXTI_GetITStatus                         0x00000b5d   Thumb Code    28  stm32f10x_exti.o(i.EXTI_GetITStatus)
    GPIO_Init                                0x00000b7d   Thumb Code   162  stm32f10x_gpio.o(i.GPIO_Init)
    GPIO_LF125K_configuration                0x00000c21   Thumb Code    62  bsp_gpio.o(i.GPIO_LF125K_configuration)
    GPIO_ReadInputDataBit                    0x00000c65   Thumb Code    14  stm32f10x_gpio.o(i.GPIO_ReadInputDataBit)
    GPIO_Uhf_configuration                   0x00000c75   Thumb Code    70  bsp_gpio.o(i.GPIO_Uhf_configuration)
    GPIO_WriteBit                            0x00000cc5   Thumb Code    10  stm32f10x_gpio.o(i.GPIO_WriteBit)
    GPIO_read_lf125k_data                    0x00000cd1   Thumb Code    10  bsp_gpio.o(i.GPIO_read_lf125k_data)
    GPIO_set_lf125k_clk                      0x00000ce1   Thumb Code    20  bsp_gpio.o(i.GPIO_set_lf125k_clk)
    GPIO_uhf_cen_disable                     0x00000cf9   Thumb Code    10  bsp_gpio.o(i.GPIO_uhf_cen_disable)
    GPIO_uhf_cen_enable                      0x00000d09   Thumb Code    10  bsp_gpio.o(i.GPIO_uhf_cen_enable)
    GPIO_uhf_power_on                        0x00000d19   Thumb Code    10  bsp_gpio.o(i.GPIO_uhf_power_on)
    HardFault_Handler                        0x00000d29   Thumb Code    26  stm32f10x_it.o(i.HardFault_Handler)
    ISO_PPS_B                                0x00000d61   Thumb Code     4  cicc_iso14443.o(i.ISO_PPS_B)
    LF125K_card_init                         0x00000d65   Thumb Code    62  lf125k.o(i.LF125K_card_init)
    LF125K_clear_pwd                         0x00000da9   Thumb Code    84  lf125k.o(i.LF125K_clear_pwd)
    LF125K_init                              0x00000e01   Thumb Code     6  lf125k.o(i.LF125K_init)
    LF125K_read_0_page                       0x00000e07   Thumb Code    92  lf125k.o(i.LF125K_read_0_page)
    LF125K_read_0_page_protect               0x00000e65   Thumb Code    68  lf125k.o(i.LF125K_read_0_page_protect)
    LF125K_read_1_page                       0x00000ead   Thumb Code    68  lf125k.o(i.LF125K_read_1_page)
    LF125K_set_pwd                           0x00000ef1   Thumb Code    60  lf125k.o(i.LF125K_set_pwd)
    LF125K_write_0_page                      0x00000f31   Thumb Code   112  lf125k.o(i.LF125K_write_0_page)
    LF125K_write_0_page_protect              0x00000fa5   Thumb Code   100  lf125k.o(i.LF125K_write_0_page_protect)
    M1_HostCodeKey                           0x0000100d   Thumb Code    46  cicc_mifare1.o(i.M1_HostCodeKey)
    M1_PiccAuthState                         0x0000103d   Thumb Code   146  cicc_mifare1.o(i.M1_PiccAuthState)
    M1_PiccAuth_key                          0x000010dd   Thumb Code    68  cicc_mifare1.o(i.M1_PiccAuth_key)
    M1_PiccBlockRead                         0x00001129   Thumb Code   136  cicc_mifare1.o(i.M1_PiccBlockRead)
    M1_PiccBlockWrite                        0x000011d1   Thumb Code   170  cicc_mifare1.o(i.M1_PiccBlockWrite)
    M500PcdReset                             0x00001289   Thumb Code    62  pn512.o(i.M500PcdReset)
    MemManage_Handler                        0x000012c9   Thumb Code     8  stm32f10x_it.o(i.MemManage_Handler)
    MfConfig                                 0x000012e5   Thumb Code    16  pn512.o(i.MfConfig)
    My_InitTask                              0x000012f5   Thumb Code    42  my_inittask.o(i.My_InitTask)
    NMI_Handler                              0x0000131f   Thumb Code     2  stm32f10x_it.o(i.NMI_Handler)
    NVIC_Configuration                       0x00001321   Thumb Code   116  my_inittask.o(i.NVIC_Configuration)
    NVIC_Init                                0x00001395   Thumb Code    94  misc.o(i.NVIC_Init)
    NVIC_PriorityGroupConfig                 0x000013f9   Thumb Code    10  misc.o(i.NVIC_PriorityGroupConfig)
    PN512PcdConfig                           0x0000140d   Thumb Code     4  pn512.o(i.PN512PcdConfig)
    PN512PcdConfigISOType                    0x00001411   Thumb Code   418  pn512.o(i.PN512PcdConfigISOType)
    PN512_Init                               0x000015b3   Thumb Code    22  pn512.o(i.PN512_Init)
    PTC_ACK_CMD                              0x000015c9   Thumb Code   112  protocol.o(i.PTC_ACK_CMD)
    PTC_ACK_inquiry                          0x00001639   Thumb Code   110  protocol.o(i.PTC_ACK_inquiry)
    PTC_ACK_success_cmd                      0x000016a9   Thumb Code    84  protocol.o(i.PTC_ACK_success_cmd)
    PTC_ACK_unrecognized_cmd                 0x00001701   Thumb Code    92  protocol.o(i.PTC_ACK_unrecognized_cmd)
    PTC_CRC16_disable                        0x00001761   Thumb Code    12  protocol.o(i.PTC_CRC16_disable)
    PTC_CRC16_enable                         0x00001771   Thumb Code    12  protocol.o(i.PTC_CRC16_enable)
    PTC_detect_crc16cmd                      0x00001781   Thumb Code    24  protocol.o(i.PTC_detect_crc16cmd)
    PTC_get_command                          0x0000179d   Thumb Code    28  protocol.o(i.PTC_get_command)
    PTC_get_data                             0x000017bd   Thumb Code    34  protocol.o(i.PTC_get_data)
    PTC_judge_message                        0x000017e5   Thumb Code   132  protocol.o(i.PTC_judge_message)
    PTC_receive_data                         0x0000186d   Thumb Code    62  protocol.o(i.PTC_receive_data)
    PTC_refresh_receive                      0x000018b9   Thumb Code     8  protocol.o(i.PTC_refresh_receive)
    PTC_sendbyte                             0x000018c5   Thumb Code    26  protocol.o(i.PTC_sendbyte)
    PTC_sendbyte_n                           0x000018e5   Thumb Code     8  protocol.o(i.PTC_sendbyte_n)
    PTC_struct_init                          0x000018f1   Thumb Code    10  protocol.o(i.PTC_struct_init)
    PWM_configuration                        0x00001901   Thumb Code   144  bsp_pwm.o(i.PWM_configuration)
    PWM_start_beep                           0x00001999   Thumb Code     8  bsp_pwm.o(i.PWM_start_beep)
    PWM_stop_beep                            0x000019a5   Thumb Code     8  bsp_pwm.o(i.PWM_stop_beep)
    PcdAntennaOff                            0x000019b1   Thumb Code     8  pn512.o(i.PcdAntennaOff)
    PcdAntennaOn                             0x000019b9   Thumb Code    40  pn512.o(i.PcdAntennaOn)
    PcdAnticoll                              0x000019e1   Thumb Code   166  pn512.o(i.PcdAnticoll)
    PcdAuthState                             0x00001a89   Thumb Code   116  pn512.o(i.PcdAuthState)
    PcdComMF522                              0x00001afd   Thumb Code   278  pn512.o(i.PcdComMF522)
    PcdRead                                  0x00001c13   Thumb Code    88  pn512.o(i.PcdRead)
    PcdRequest                               0x00001c6b   Thumb Code    90  pn512.o(i.PcdRequest)
    PcdSelect                                0x00001cc5   Thumb Code   122  pn512.o(i.PcdSelect)
    PcdWrite                                 0x00001d3f   Thumb Code   142  pn512.o(i.PcdWrite)
    PendSV_Handler                           0x00001dcd   Thumb Code     2  stm32f10x_it.o(i.PendSV_Handler)
    RCC_APB1PeriphClockCmd                   0x00001dd1   Thumb Code    18  stm32f10x_rcc.o(i.RCC_APB1PeriphClockCmd)
    RCC_APB2PeriphClockCmd                   0x00001de9   Thumb Code    18  stm32f10x_rcc.o(i.RCC_APB2PeriphClockCmd)
    RCC_GetClocksFreq                        0x00001e01   Thumb Code   128  stm32f10x_rcc.o(i.RCC_GetClocksFreq)
    REM_Processing                           0x00001e91   Thumb Code   248  lf125k.o(i.REM_Processing)
    ReadRawRC                                0x00001f9d   Thumb Code    40  pn512.o(i.ReadRawRC)
    Rece_Data_Uart0                          0x00001fc5   Thumb Code    18  rfid_firmware.o(i.Rece_Data_Uart0)
    ResetInfo                                0x00001fd7   Thumb Code    20  cicc_public.o(i.ResetInfo)
    ResetInfo_len                            0x00001feb   Thumb Code    16  cicc_public.o(i.ResetInfo_len)
    SPI_Cmd                                  0x00001ffb   Thumb Code    20  stm32f10x_spi.o(i.SPI_Cmd)
    SPI_I2S_GetFlagStatus                    0x0000200f   Thumb Code    14  stm32f10x_spi.o(i.SPI_I2S_GetFlagStatus)
    SPI_I2S_ReceiveData                      0x0000201d   Thumb Code     4  stm32f10x_spi.o(i.SPI_I2S_ReceiveData)
    SPI_I2S_SendData                         0x00002021   Thumb Code     4  stm32f10x_spi.o(i.SPI_I2S_SendData)
    SPI_Init                                 0x00002025   Thumb Code    56  stm32f10x_spi.o(i.SPI_Init)
    SVC_Handler                              0x0000205d   Thumb Code     2  stm32f10x_it.o(i.SVC_Handler)
    SYSTICK_ClearSystickVal                  0x0000205f   Thumb Code    10  bsp_systick.o(i.SYSTICK_ClearSystickVal)
    SYSTICK_Configuration                    0x00002069   Thumb Code    30  bsp_systick.o(i.SYSTICK_Configuration)
    SYSTICK_Delay10ms                        0x00002091   Thumb Code    22  bsp_systick.o(i.SYSTICK_Delay10ms)
    SYSTICK_GetVal                           0x000020ad   Thumb Code     8  bsp_systick.o(i.SYSTICK_GetVal)
    SYSTICK_get_time                         0x000020b5   Thumb Code     6  bsp_systick.o(i.SYSTICK_get_time)
    SetBitMask                               0x000020c1   Thumb Code    24  pn512.o(i.SetBitMask)
    SysTick_CLKSourceConfig                  0x00002181   Thumb Code    24  misc.o(i.SysTick_CLKSourceConfig)
    SysTick_Handler                          0x00002199   Thumb Code    10  stm32f10x_it.o(i.SysTick_Handler)
    SystemInit                               0x000021a9   Thumb Code    64  system_stm32f10x.o(i.SystemInit)
    TIM_Cmd                                  0x000021f9   Thumb Code    20  stm32f10x_tim.o(i.TIM_Cmd)
    TIM_CtrlPWMOutputs                       0x0000220d   Thumb Code    22  stm32f10x_tim.o(i.TIM_CtrlPWMOutputs)
    TIM_OC1Init                              0x00002225   Thumb Code   106  stm32f10x_tim.o(i.TIM_OC1Init)
    TIM_OC1PreloadConfig                     0x000022a5   Thumb Code    12  stm32f10x_tim.o(i.TIM_OC1PreloadConfig)
    TIM_TimeBaseInit                         0x000022b1   Thumb Code   114  stm32f10x_tim.o(i.TIM_TimeBaseInit)
    TYPE_AB_CardActive                       0x0000234d   Thumb Code   656  cicc_func.o(i.TYPE_AB_CardActive)
    TYPE_A_AntiMain                          0x000025e5   Thumb Code   412  cicc_func.o(i.TYPE_A_AntiMain)
    TYPE_A_Init                              0x00002789   Thumb Code    26  cicc_func.o(i.TYPE_A_Init)
    TYPE_A_PiccAnticoll                      0x000027ad   Thumb Code   158  cicc_func.o(i.TYPE_A_PiccAnticoll)
    TYPE_A_PiccHalt                          0x00002859   Thumb Code    70  cicc_func.o(i.TYPE_A_PiccHalt)
    TYPE_A_PiccPara                          0x000028ad   Thumb Code   120  cicc_iso14443.o(i.TYPE_A_PiccPara)
    TYPE_A_PiccRequest                       0x0000293d   Thumb Code   188  cicc_func.o(i.TYPE_A_PiccRequest)
    TYPE_A_PiccSelect                        0x00002a05   Thumb Code   164  cicc_func.o(i.TYPE_A_PiccSelect)
    TYPE_A_Removal                           0x00002ab5   Thumb Code    96  cicc_func.o(i.TYPE_A_Removal)
    TYPE_B_Attrib                            0x00002b15   Thumb Code   496  cicc_func.o(i.TYPE_B_Attrib)
    TYPE_B_Init                              0x00002d11   Thumb Code    20  cicc_func.o(i.TYPE_B_Init)
    TYPE_B_PiccHalt                          0x00002d29   Thumb Code    78  cicc_func.o(i.TYPE_B_PiccHalt)
    TYPE_B_PiccPara                          0x00002d81   Thumb Code    74  cicc_iso14443.o(i.TYPE_B_PiccPara)
    TYPE_B_PiccRequest                       0x00002de1   Thumb Code   300  cicc_func.o(i.TYPE_B_PiccRequest)
    TYPE_B_Removal                           0x00002f1d   Thumb Code   106  cicc_func.o(i.TYPE_B_Removal)
    UART4_Config_Baud                        0x00002f89   Thumb Code    58  bsp_usart.o(i.UART4_Config_Baud)
    UART4_Configuration                      0x00002fc9   Thumb Code   130  bsp_usart.o(i.UART4_Configuration)
    UART4_IRQHandler                         0x00003055   Thumb Code    36  stm32f10x_it.o(i.UART4_IRQHandler)
    UART4_ReceiveByte                        0x0000307d   Thumb Code    36  bsp_usart.o(i.UART4_ReceiveByte)
    UART4_SendData                           0x000030a5   Thumb Code    26  bsp_usart.o(i.UART4_SendData)
    UART4_set_IT_RXNE                        0x000030c5   Thumb Code    20  bsp_usart.o(i.UART4_set_IT_RXNE)
    USART1_IRQHandler                        0x000030dd   Thumb Code    36  stm32f10x_it.o(i.USART1_IRQHandler)
    USART2_IRQHandler                        0x00003105   Thumb Code    10  stm32f10x_it.o(i.USART2_IRQHandler)
    USART3_IRQHandler                        0x00003115   Thumb Code    30  stm32f10x_it.o(i.USART3_IRQHandler)
    USART_ClearFlag                          0x00003139   Thumb Code     6  stm32f10x_usart.o(i.USART_ClearFlag)
    USART_Cmd                                0x0000313f   Thumb Code    20  stm32f10x_usart.o(i.USART_Cmd)
    USART_Configuration                      0x00003155   Thumb Code   142  bsp_usart.o(i.USART_Configuration)
    USART_GetFlagStatus                      0x000031ed   Thumb Code    14  stm32f10x_usart.o(i.USART_GetFlagStatus)
    USART_GetITStatus                        0x000031fb   Thumb Code    62  stm32f10x_usart.o(i.USART_GetITStatus)
    USART_ITConfig                           0x00003239   Thumb Code    48  stm32f10x_usart.o(i.USART_ITConfig)
    USART_Init                               0x00003269   Thumb Code   166  stm32f10x_usart.o(i.USART_Init)
    USART_ReceiveData                        0x00003315   Thumb Code     8  stm32f10x_usart.o(i.USART_ReceiveData)
    USART_SendData                           0x0000331d   Thumb Code     8  stm32f10x_usart.o(i.USART_SendData)
    UsageFault_Handler                       0x00003325   Thumb Code     8  stm32f10x_it.o(i.UsageFault_Handler)
    WriteRawRC                               0x00003341   Thumb Code    38  pn512.o(i.WriteRawRC)
    __0printf                                0x00003369   Thumb Code    22  printfa.o(i.__0printf)
    __1printf                                0x00003369   Thumb Code     0  printfa.o(i.__0printf)
    __2printf                                0x00003369   Thumb Code     0  printfa.o(i.__0printf)
    __c89printf                              0x00003369   Thumb Code     0  printfa.o(i.__0printf)
    printf                                   0x00003369   Thumb Code     0  printfa.o(i.__0printf)
    __scatterload_copy                       0x00003389   Thumb Code    14  handlers.o(i.__scatterload_copy)
    __scatterload_null                       0x00003397   Thumb Code     2  handlers.o(i.__scatterload_null)
    __scatterload_zeroinit                   0x00003399   Thumb Code    14  handlers.o(i.__scatterload_zeroinit)
    _msdelay                                 0x0000350d   Thumb Code    18  cicc_func.o(i._msdelay)
    cicc_m1_PiccAuth_key                     0x00003c4f   Thumb Code    30  cicc_api.o(i.cicc_m1_PiccAuth_key)
    cicc_m1_PiccBlockRead                    0x00003c6d   Thumb Code    14  cicc_api.o(i.cicc_m1_PiccBlockRead)
    cicc_m1_PiccBlockWrite                   0x00003c7b   Thumb Code    14  cicc_api.o(i.cicc_m1_PiccBlockWrite)
    cicc_m1_ReqAntiSele                      0x00003c89   Thumb Code   134  cicc_api.o(i.cicc_m1_ReqAntiSele)
    cicc_m1_halt                             0x00003d0f   Thumb Code     4  cicc_api.o(i.cicc_m1_halt)
    delay_www                                0x00003d13   Thumb Code    36  cicc_iso14443.o(i.delay_www)
    fputc                                    0x00003d39   Thumb Code    30  bsp_usart.o(i.fputc)
    free                                     0x00003d5d   Thumb Code    76  malloc.o(i.free)
    isoBlockExchange                         0x00003dad   Thumb Code   506  cicc_iso14443.o(i.isoBlockExchange)
    isoRatsA                                 0x00003fbd   Thumb Code   176  cicc_iso14443.o(i.isoRatsA)
    m1_ReqAntiSele                           0x0000407d   Thumb Code    80  cicc_api.o(i.m1_ReqAntiSele)
    main                                     0x000040d1   Thumb Code    60  main.o(i.main)
    malloc                                   0x00004121   Thumb Code    92  malloc.o(i.malloc)
    nfcc_active_m1card                       0x0000418d   Thumb Code    56  nfc_commu.o(i.nfcc_active_m1card)
    nfcc_close_ant                           0x000041c5   Thumb Code    10  nfc_commu.o(i.nfcc_close_ant)
    nfcc_coll_m1card                         0x000041d1   Thumb Code    34  nfc_commu.o(i.nfcc_coll_m1card)
    nfcc_open_ant                            0x000041fd   Thumb Code    10  nfc_commu.o(i.nfcc_open_ant)
    nfcc_pwdauth                             0x00004209   Thumb Code    26  nfc_commu.o(i.nfcc_pwdauth)
    nfcc_read_sector                         0x0000422d   Thumb Code    20  nfc_commu.o(i.nfcc_read_sector)
    nfcc_request_m1card                      0x00004241   Thumb Code    50  nfc_commu.o(i.nfcc_request_m1card)
    nfcc_select_m1card                       0x00004275   Thumb Code    38  nfc_commu.o(i.nfcc_select_m1card)
    nfcc_write_sector                        0x000042a5   Thumb Code    16  nfc_commu.o(i.nfcc_write_sector)
    pcdSetRblock                             0x000042b5   Thumb Code    70  cicc_iso14443.o(i.pcdSetRblock)
    pcdSetSbrockWtx                          0x0000430d   Thumb Code   124  cicc_iso14443.o(i.pcdSetSbrockWtx)
    ptc_process                              0x00004395   Thumb Code    78  protocol_port.o(i.ptc_process)
    ptc_process_cmd_inquiry                  0x000043e3   Thumb Code   164  protocol_port.o(i.ptc_process_cmd_inquiry)
    ptc_process_cmd_main                     0x00004489   Thumb Code    34  protocol_port.o(i.ptc_process_cmd_main)
    ptc_process_cmd_set                      0x000044ad   Thumb Code   322  protocol_port.o(i.ptc_process_cmd_set)
    ptc_process_cmd_tested                   0x000045f5   Thumb Code   280  protocol_port.o(i.ptc_process_cmd_tested)
    ptc_process_cmd_trans                    0x0000470d   Thumb Code   382  protocol_port.o(i.ptc_process_cmd_trans)
    rc531_ClrBitMask                         0x0000488b   Thumb Code    24  cicc_rc531.o(i.rc531_ClrBitMask)
    rc531_FlushFIFO                          0x000048a3   Thumb Code    20  cicc_rc531.o(i.rc531_FlushFIFO)
    rc531_ISR                                0x000048b7   Thumb Code   222  cicc_mifare1.o(i.rc531_ISR)
    rc531_PcdCmd                             0x00004995   Thumb Code   708  cicc_rc531.o(i.rc531_PcdCmd)
    rc531_PcdConfig_A                        0x00004c5d   Thumb Code   196  cicc_rc531.o(i.rc531_PcdConfig_A)
    rc531_PcdConfig_B                        0x00004d25   Thumb Code   204  cicc_rc531.o(i.rc531_PcdConfig_B)
    rc531_PcdReset                           0x00004df5   Thumb Code    44  cicc_rc531.o(i.rc531_PcdReset)
    rc531_PcdRfReset                         0x00004e29   Thumb Code    76  cicc_rc531.o(i.rc531_PcdRfReset)
    rc531_PcdSetFwt                          0x00004e7d   Thumb Code    30  cicc_rc531.o(i.rc531_PcdSetFwt)
    rc531_PcdSetTmo                          0x00004e9b   Thumb Code   118  cicc_rc531.o(i.rc531_PcdSetTmo)
    rc531_Read                               0x00004f11   Thumb Code     4  cicc_rc531.o(i.rc531_Read)
    rc531_SetBitMask                         0x00004f15   Thumb Code    24  cicc_rc531.o(i.rc531_SetBitMask)
    rc531_Write                              0x00004f2d   Thumb Code     4  cicc_rc531.o(i.rc531_Write)
    rc531_m1PcdCmd                           0x00004f31   Thumb Code   442  cicc_mifare1.o(i.rc531_m1PcdCmd)
    rc531c_active_cpua_rfid                  0x000050eb   Thumb Code    46  rc531_commu.o(i.rc531c_active_cpua_rfid)
    rc531c_active_m1_rfid                    0x00005119   Thumb Code    46  rc531_commu.o(i.rc531c_active_m1_rfid)
    rc531c_apdu_rfid                         0x00005147   Thumb Code    60  rc531_commu.o(i.rc531c_apdu_rfid)
    rc531c_close_rfid                        0x00005183   Thumb Code    16  rc531_commu.o(i.rc531c_close_rfid)
    rc531c_coll_cpuB_rfid                    0x00005195   Thumb Code    98  rc531_commu.o(i.rc531c_coll_cpuB_rfid)
    rc531c_coll_cpua_rfid                    0x00005249   Thumb Code    34  rc531_commu.o(i.rc531c_coll_cpua_rfid)
    rc531c_coll_m1_rfid                      0x00005271   Thumb Code    32  rc531_commu.o(i.rc531c_coll_m1_rfid)
    rc531c_coll_m1card_rfid                  0x00005295   Thumb Code    36  rc531_commu.o(i.rc531c_coll_m1card_rfid)
    rc531c_coll_tested_rfid                  0x000052b9   Thumb Code   114  rc531_commu.o(i.rc531c_coll_tested_rfid)
    rc531c_find_rfid_card                    0x0000532d   Thumb Code   182  rc531_commu.o(i.rc531c_find_rfid_card)
    rc531c_halt_m1_rfid                      0x000053e9   Thumb Code    34  rc531_commu.o(i.rc531c_halt_m1_rfid)
    rc531c_m1pwd_rfid                        0x00005419   Thumb Code    36  rc531_commu.o(i.rc531c_m1pwd_rfid)
    rc531c_m1read_rfid                       0x00005441   Thumb Code    10  rc531_commu.o(i.rc531c_m1read_rfid)
    rc531c_m1write_rfid                      0x0000544b   Thumb Code    10  rc531_commu.o(i.rc531c_m1write_rfid)
    rc531c_move_rfid_card                    0x00005455   Thumb Code    36  rc531_commu.o(i.rc531c_move_rfid_card)
    rc531c_open_rfid                         0x00005479   Thumb Code    12  rc531_commu.o(i.rc531c_open_rfid)
    rc531c_read_cpucard_id                   0x00005485   Thumb Code    86  rc531_commu.o(i.rc531c_read_cpucard_id)
    rc531c_read_m1card_id                    0x000054db   Thumb Code    66  rc531_commu.o(i.rc531c_read_m1card_id)
    rc531c_req_cpua_rfid                     0x0000551d   Thumb Code   108  rc531_commu.o(i.rc531c_req_cpua_rfid)
    rc531c_req_m1_rfid                       0x000055a5   Thumb Code   106  rc531_commu.o(i.rc531c_req_m1_rfid)
    rc531c_select_cpua_rfid                  0x0000562d   Thumb Code    42  rc531_commu.o(i.rc531c_select_cpua_rfid)
    rc531c_select_m1_rfid                    0x00005665   Thumb Code    54  rc531_commu.o(i.rc531c_select_m1_rfid)
    spi_pn512_configuration                  0x000056b1   Thumb Code   162  bsp_spi.o(i.spi_pn512_configuration)
    spi_pn512_readwrite_byte                 0x0000575d   Thumb Code    48  bsp_spi.o(i.spi_pn512_readwrite_byte)
    spi_pn512_set_nss                        0x00005791   Thumb Code    20  bsp_spi.o(i.spi_pn512_set_nss)
    spi_pn512_set_rst                        0x000057a9   Thumb Code    18  bsp_spi.o(i.spi_pn512_set_rst)
    spi_rc531_configuration                  0x000057c1   Thumb Code   156  bsp_spi.o(i.spi_rc531_configuration)
    spi_rc531_readwrite_byte                 0x00005865   Thumb Code    48  bsp_spi.o(i.spi_rc531_readwrite_byte)
    spi_rc531_set_nss                        0x00005899   Thumb Code    18  bsp_spi.o(i.spi_rc531_set_nss)
    spi_rc531_set_rst                        0x000058b1   Thumb Code    18  bsp_spi.o(i.spi_rc531_set_rst)
    u7se32_rc531_interface                   0x000058c9   Thumb Code    40  cicc_spi.o(i.u7se32_rc531_interface)
    u7se32_rc531_reset                       0x000058f1   Thumb Code    36  cicc_spi.o(i.u7se32_rc531_reset)
    u7se32_spi_read                          0x00005915   Thumb Code    56  cicc_spi.o(i.u7se32_spi_read)
    u7se32_spi_write                         0x0000594d   Thumb Code    50  cicc_spi.o(i.u7se32_spi_write)
    write_add                                0x00005981   Thumb Code    66  lf125k.o(i.write_add)
    write_data                               0x000059c9   Thumb Code    56  lf125k.o(i.write_data)
    write_lock                               0x00005a05   Thumb Code    12  lf125k.o(i.write_lock)
    write_od                                 0x00005a15   Thumb Code    84  lf125k.o(i.write_od)
    firmware                                 0x00005a74   Data       13143  rfid_firmware.o(.constdata)
    Region$$Table$$Base                      0x00008dcc   Number         0  anon$$obj.o(Region$$Table)
    Region$$Table$$Limit                     0x00008dec   Number         0  anon$$obj.o(Region$$Table)
    CRC16_H                                  0x20000000   Data         256  crc16.o(.data)
    CRC16_L                                  0x20000100   Data         256  crc16.o(.data)
    uhf_serial_flag                          0x20000200   Data           1  protocol_port.o(.data)
    uid_len                                  0x20000201   Data           1  nfc_commu.o(.data)
    volue                                    0x20000202   Data           1  lf125k.o(.data)
    tap                                      0x20000203   Data           1  lf125k.o(.data)
    data_tap                                 0x20000204   Data           6  lf125k.o(.data)
    Req_t                                    0x2000020a   Data           1  cicc_api.o(.data)
    Rfid_type                                0x2000020b   Data           1  cicc_api.o(.data)
    Rfid_card                                0x2000020c   Data           1  cicc_api.o(.data)
    Atq1                                     0x2000020d   Data           1  cicc_api.o(.data)
    Atq2                                     0x2000020e   Data           1  cicc_api.o(.data)
    Cid                                      0x2000020f   Data           8  cicc_api.o(.data)
    M1_sta                                   0x20000217   Data           1  cicc_api.o(.data)
    flag_aa                                  0x20000218   Data           1  cicc_func.o(.data)
    flag_bb                                  0x20000219   Data           1  cicc_func.o(.data)
    m1austa                                  0x2000021a   Data           1  cicc_func.o(.data)
    Rack_PiccChain                           0x2000021b   Data           1  cicc_iso14443.o(.data)
    bBlockNumber                             0x2000021c   Data           1  cicc_iso14443.o(.data)
    ctlcfg                                   0x2000021d   Data         102  cicc_public.o(.data)
    not_ios14443_4                           0x20000283   Data           1  cicc_public.o(.data)
    data_from_reader                         0x20000284   Data           1  rfid_firmware.o(.data)
    needDownload                             0x20000285   Data           1  rfid_firmware.o(.data)
    jiffies                                  0x20000288   Data           4  bsp_systick.o(.data)
    __stdout                                 0x200002a0   Data           4  stdout.o(.data)
    __microlib_freelist                      0x200002a4   Data           4  mvars.o(.data)
    __microlib_freelist_initialised          0x200002a8   Data           4  mvars.o(.data)
    protocol                                 0x200002ac   Data         264  protocol.o(.bss)
    uid                                      0x200003b4   Data          10  nfc_commu.o(.bss)
    Rec_Buffer                               0x200003be   Data          64  cicc_func.o(.bss)
    Send_Buffer                              0x200003fe   Data          64  cicc_func.o(.bss)
    MSndBuffer                               0x2000043e   Data         300  cicc_iso14443.o(.bss)
    MRcvBuffer                               0x2000056a   Data         300  cicc_iso14443.o(.bss)
    R_Buffer                                 0x20000696   Data          64  cicc_mifare1.o(.bss)
    S_Buffer                                 0x200006d6   Data          64  cicc_mifare1.o(.bss)
    MInfo                                    0x20000718   Data          20  cicc_public.o(.bss)
    __heap_base                              0x20000730   Data           0  startup_stm32f10x_hd.o(HEAP)
    __heap_limit                             0x20000b30   Data           0  startup_stm32f10x_hd.o(HEAP)
    __initial_sp                             0x20000f30   Data           0  startup_stm32f10x_hd.o(STACK)



==============================================================================

Memory Map of the image

  Image Entry point : 0x00000131

  Load Region LR_IROM1 (Base: 0x00000000, Size: 0x00009098, Max: 0x00040000, ABSOLUTE, COMPRESSED[0x00008f28])

    Execution Region ER_IROM1 (Base: 0x00000000, Size: 0x00008dec, Max: 0x00040000, ABSOLUTE)

    Base Addr    Size         Type   Attr      Idx    E Section Name        Object

    0x00000000   0x00000130   Data   RO         5004    RESET               startup_stm32f10x_hd.o
    0x00000130   0x00000000   Code   RO         5009  * .ARM.Collect$$$$00000000  mc_w.l(entry.o)
    0x00000130   0x00000004   Code   RO         5330    .ARM.Collect$$$$00000001  mc_w.l(entry2.o)
    0x00000134   0x00000004   Code   RO         5333    .ARM.Collect$$$$00000004  mc_w.l(entry5.o)
    0x00000138   0x00000000   Code   RO         5335    .ARM.Collect$$$$00000008  mc_w.l(entry7b.o)
    0x00000138   0x00000000   Code   RO         5337    .ARM.Collect$$$$0000000A  mc_w.l(entry8b.o)
    0x00000138   0x00000008   Code   RO         5338    .ARM.Collect$$$$0000000B  mc_w.l(entry9a.o)
    0x00000140   0x00000000   Code   RO         5340    .ARM.Collect$$$$0000000D  mc_w.l(entry10a.o)
    0x00000140   0x00000000   Code   RO         5342    .ARM.Collect$$$$0000000F  mc_w.l(entry11a.o)
    0x00000140   0x00000004   Code   RO         5331    .ARM.Collect$$$$00002712  mc_w.l(entry2.o)
    0x00000144   0x00000024   Code   RO         5005    .text               startup_stm32f10x_hd.o
    0x00000168   0x00000024   Code   RO         5015    .text               mc_w.l(memcpya.o)
    0x0000018c   0x00000024   Code   RO         5017    .text               mc_w.l(memseta.o)
    0x000001b0   0x0000001a   Code   RO         5025    .text               mc_w.l(memcmp.o)
    0x000001ca   0x000000de   Code   RO         5324    .text               mf_w.l(ddiv.o)
    0x000002a8   0x0000002c   Code   RO         5349    .text               mc_w.l(uidiv.o)
    0x000002d4   0x00000062   Code   RO         5351    .text               mc_w.l(uldiv.o)
    0x00000336   0x00000000   Code   RO         5378    .text               mc_w.l(iusefp.o)
    0x00000336   0x000000ba   Code   RO         5379    .text               mf_w.l(depilogue.o)
    0x000003f0   0x0000014e   Code   RO         5381    .text               mf_w.l(dadd.o)
    0x0000053e   0x000000e4   Code   RO         5383    .text               mf_w.l(dmul.o)
    0x00000622   0x00000030   Code   RO         5385    .text               mf_w.l(dfixul.o)
    0x00000652   0x00000002   PAD
    0x00000654   0x00000030   Code   RO         5387    .text               mf_w.l(cdrcmple.o)
    0x00000684   0x00000024   Code   RO         5389    .text               mc_w.l(init.o)
    0x000006a8   0x0000001e   Code   RO         5391    .text               mc_w.l(llshl.o)
    0x000006c6   0x00000020   Code   RO         5393    .text               mc_w.l(llushr.o)
    0x000006e6   0x00000024   Code   RO         5395    .text               mc_w.l(llsshr.o)
    0x0000070a   0x00000056   Code   RO         5420    .text               mc_w.l(__dczerorl2.o)
    0x00000760   0x0000001c   Code   RO         2541    i.BusFault_Handler  stm32f10x_it.o
    0x0000077c   0x00000030   Code   RO          350    i.CRC16_calc        crc16.o
    0x000007ac   0x00000066   Code   RO         1625    i.CalulateCRC       pn512.o
    0x00000812   0x00000044   Code   RO          843    i.Cicc_Active       cicc_api.o
    0x00000856   0x00000002   PAD
    0x00000858   0x00000028   Code   RO          844    i.Cicc_ApduExchange  cicc_api.o
    0x00000880   0x00000014   Code   RO          845    i.Cicc_PcdInit      cicc_api.o
    0x00000894   0x00000004   Code   RO          846    i.Cicc_PiccDeslect  cicc_api.o
    0x00000898   0x000000f8   Code   RO          847    i.Cicc_PiccSeekActive  cicc_api.o
    0x00000990   0x00000010   Code   RO          848    i.Cicc_WaitPiccRemove  cicc_api.o
    0x000009a0   0x00000018   Code   RO         1627    i.ClearBitMask      pn512.o
    0x000009b8   0x00000058   Code   RO          688    i.Data_Processing   lf125k.o
    0x00000a10   0x00000002   Code   RO         2542    i.DebugMon_Handler  stm32f10x_it.o
    0x00000a12   0x00000012   Code   RO         1628    i.Delay_us          pn512.o
    0x00000a24   0x00000010   Code   RO         1521    i.Delayus           rfid_firmware.o
    0x00000a34   0x000000d0   Code   RO         1522    i.Download_FW       rfid_firmware.o
    0x00000b04   0x00000002   Code   RO         1629    i.EXTI0_IRQHandler  pn512.o
    0x00000b06   0x0000002e   Code   RO         2543    i.EXTI15_10_IRQHandler  stm32f10x_it.o
    0x00000b34   0x0000001c   Code   RO         2544    i.EXTI9_5_IRQHandler  stm32f10x_it.o
    0x00000b50   0x0000000c   Code   RO         3307    i.EXTI_ClearITPendingBit  stm32f10x_exti.o
    0x00000b5c   0x00000020   Code   RO         3311    i.EXTI_GetITStatus  stm32f10x_exti.o
    0x00000b7c   0x000000a2   Code   RO         3547    i.GPIO_Init         stm32f10x_gpio.o
    0x00000c1e   0x00000002   PAD
    0x00000c20   0x00000044   Code   RO         2987    i.GPIO_LF125K_configuration  bsp_gpio.o
    0x00000c64   0x0000000e   Code   RO         3551    i.GPIO_ReadInputDataBit  stm32f10x_gpio.o
    0x00000c72   0x00000002   PAD
    0x00000c74   0x00000050   Code   RO         2988    i.GPIO_Uhf_configuration  bsp_gpio.o
    0x00000cc4   0x0000000a   Code   RO         3558    i.GPIO_WriteBit     stm32f10x_gpio.o
    0x00000cce   0x00000002   PAD
    0x00000cd0   0x00000010   Code   RO         2989    i.GPIO_read_lf125k_data  bsp_gpio.o
    0x00000ce0   0x00000018   Code   RO         2990    i.GPIO_set_lf125k_clk  bsp_gpio.o
    0x00000cf8   0x00000010   Code   RO         2991    i.GPIO_uhf_cen_disable  bsp_gpio.o
    0x00000d08   0x00000010   Code   RO         2992    i.GPIO_uhf_cen_enable  bsp_gpio.o
    0x00000d18   0x00000010   Code   RO         2994    i.GPIO_uhf_power_on  bsp_gpio.o
    0x00000d28   0x00000038   Code   RO         2545    i.HardFault_Handler  stm32f10x_it.o
    0x00000d60   0x00000004   Code   RO         1107    i.ISO_PPS_B         cicc_iso14443.o
    0x00000d64   0x00000044   Code   RO          689    i.LF125K_card_init  lf125k.o
    0x00000da8   0x00000058   Code   RO          691    i.LF125K_clear_pwd  lf125k.o
    0x00000e00   0x00000006   Code   RO          694    i.LF125K_init       lf125k.o
    0x00000e06   0x0000005c   Code   RO          696    i.LF125K_read_0_page  lf125k.o
    0x00000e62   0x00000002   PAD
    0x00000e64   0x00000048   Code   RO          697    i.LF125K_read_0_page_protect  lf125k.o
    0x00000eac   0x00000044   Code   RO          698    i.LF125K_read_1_page  lf125k.o
    0x00000ef0   0x00000040   Code   RO          700    i.LF125K_set_pwd    lf125k.o
    0x00000f30   0x00000074   Code   RO          701    i.LF125K_write_0_page  lf125k.o
    0x00000fa4   0x00000068   Code   RO          703    i.LF125K_write_0_page_protect  lf125k.o
    0x0000100c   0x0000002e   Code   RO         1180    i.M1_HostCodeKey    cicc_mifare1.o
    0x0000103a   0x00000002   PAD
    0x0000103c   0x000000a0   Code   RO         1186    i.M1_PiccAuthState  cicc_mifare1.o
    0x000010dc   0x0000004c   Code   RO         1187    i.M1_PiccAuth_key   cicc_mifare1.o
    0x00001128   0x000000a8   Code   RO         1188    i.M1_PiccBlockRead  cicc_mifare1.o
    0x000011d0   0x000000b8   Code   RO         1189    i.M1_PiccBlockWrite  cicc_mifare1.o
    0x00001288   0x0000003e   Code   RO         1631    i.M500PcdReset      pn512.o
    0x000012c6   0x00000002   PAD
    0x000012c8   0x0000001c   Code   RO         2546    i.MemManage_Handler  stm32f10x_it.o
    0x000012e4   0x00000010   Code   RO         1632    i.MfConfig          pn512.o
    0x000012f4   0x0000002a   Code   RO         2410    i.My_InitTask       my_inittask.o
    0x0000131e   0x00000002   Code   RO         2547    i.NMI_Handler       stm32f10x_it.o
    0x00001320   0x00000074   Code   RO         2411    i.NVIC_Configuration  my_inittask.o
    0x00001394   0x00000064   Code   RO         3079    i.NVIC_Init         misc.o
    0x000013f8   0x00000014   Code   RO         3080    i.NVIC_PriorityGroupConfig  misc.o
    0x0000140c   0x00000004   Code   RO         1633    i.PN512PcdConfig    pn512.o
    0x00001410   0x000001a2   Code   RO         1634    i.PN512PcdConfigISOType  pn512.o
    0x000015b2   0x00000016   Code   RO         1635    i.PN512_Init        pn512.o
    0x000015c8   0x00000070   Code   RO          148    i.PTC_ACK_CMD       protocol.o
    0x00001638   0x0000006e   Code   RO          149    i.PTC_ACK_inquiry   protocol.o
    0x000016a6   0x00000002   PAD
    0x000016a8   0x00000058   Code   RO          150    i.PTC_ACK_success_cmd  protocol.o
    0x00001700   0x00000060   Code   RO          153    i.PTC_ACK_unrecognized_cmd  protocol.o
    0x00001760   0x00000010   Code   RO          154    i.PTC_CRC16_disable  protocol.o
    0x00001770   0x00000010   Code   RO          155    i.PTC_CRC16_enable  protocol.o
    0x00001780   0x0000001c   Code   RO          156    i.PTC_detect_crc16cmd  protocol.o
    0x0000179c   0x00000020   Code   RO          157    i.PTC_get_command   protocol.o
    0x000017bc   0x00000028   Code   RO          158    i.PTC_get_data      protocol.o
    0x000017e4   0x00000088   Code   RO          159    i.PTC_judge_message  protocol.o
    0x0000186c   0x0000004c   Code   RO          160    i.PTC_receive_data  protocol.o
    0x000018b8   0x0000000c   Code   RO          161    i.PTC_refresh_receive  protocol.o
    0x000018c4   0x00000020   Code   RO          162    i.PTC_sendbyte      protocol.o
    0x000018e4   0x0000000c   Code   RO          163    i.PTC_sendbyte_n    protocol.o
    0x000018f0   0x00000010   Code   RO          164    i.PTC_struct_init   protocol.o
    0x00001900   0x00000098   Code   RO         3055    i.PWM_configuration  bsp_pwm.o
    0x00001998   0x0000000c   Code   RO         3056    i.PWM_start_beep    bsp_pwm.o
    0x000019a4   0x0000000c   Code   RO         3057    i.PWM_stop_beep     bsp_pwm.o
    0x000019b0   0x00000008   Code   RO         1636    i.PcdAntennaOff     pn512.o
    0x000019b8   0x00000028   Code   RO         1637    i.PcdAntennaOn      pn512.o
    0x000019e0   0x000000a6   Code   RO         1638    i.PcdAnticoll       pn512.o
    0x00001a86   0x00000002   PAD
    0x00001a88   0x00000074   Code   RO         1639    i.PcdAuthState      pn512.o
    0x00001afc   0x00000116   Code   RO         1641    i.PcdComMF522       pn512.o
    0x00001c12   0x00000058   Code   RO         1643    i.PcdRead           pn512.o
    0x00001c6a   0x0000005a   Code   RO         1644    i.PcdRequest        pn512.o
    0x00001cc4   0x0000007a   Code   RO         1645    i.PcdSelect         pn512.o
    0x00001d3e   0x0000008e   Code   RO         1647    i.PcdWrite          pn512.o
    0x00001dcc   0x00000002   Code   RO         2548    i.PendSV_Handler    stm32f10x_it.o
    0x00001dce   0x00000002   PAD
    0x00001dd0   0x00000018   Code   RO         3660    i.RCC_APB1PeriphClockCmd  stm32f10x_rcc.o
    0x00001de8   0x00000018   Code   RO         3662    i.RCC_APB2PeriphClockCmd  stm32f10x_rcc.o
    0x00001e00   0x00000090   Code   RO         3670    i.RCC_GetClocksFreq  stm32f10x_rcc.o
    0x00001e90   0x0000010c   Code   RO          704    i.REM_Processing    lf125k.o
    0x00001f9c   0x00000028   Code   RO         1648    i.ReadRawRC         pn512.o
    0x00001fc4   0x00000012   Code   RO         1527    i.Rece_Data_Uart0   rfid_firmware.o
    0x00001fd6   0x00000014   Code   RO         1286    i.ResetInfo         cicc_public.o
    0x00001fea   0x00000010   Code   RO         1287    i.ResetInfo_len     cicc_public.o
    0x00001ffa   0x00000014   Code   RO         4049    i.SPI_Cmd           stm32f10x_spi.o
    0x0000200e   0x0000000e   Code   RO         4057    i.SPI_I2S_GetFlagStatus  stm32f10x_spi.o
    0x0000201c   0x00000004   Code   RO         4060    i.SPI_I2S_ReceiveData  stm32f10x_spi.o
    0x00002020   0x00000004   Code   RO         4061    i.SPI_I2S_SendData  stm32f10x_spi.o
    0x00002024   0x00000038   Code   RO         4062    i.SPI_Init          stm32f10x_spi.o
    0x0000205c   0x00000002   Code   RO         2549    i.SVC_Handler       stm32f10x_it.o
    0x0000205e   0x0000000a   Code   RO         2727    i.SYSTICK_ClearSystickVal  bsp_systick.o
    0x00002068   0x00000028   Code   RO         2728    i.SYSTICK_Configuration  bsp_systick.o
    0x00002090   0x0000001c   Code   RO         2729    i.SYSTICK_Delay10ms  bsp_systick.o
    0x000020ac   0x00000008   Code   RO         2730    i.SYSTICK_GetVal    bsp_systick.o
    0x000020b4   0x0000000c   Code   RO         2733    i.SYSTICK_get_time  bsp_systick.o
    0x000020c0   0x00000018   Code   RO         1651    i.SetBitMask        pn512.o
    0x000020d8   0x000000a8   Code   RO         3198    i.SetSysClockTo72   system_stm32f10x.o
    0x00002180   0x00000018   Code   RO         3083    i.SysTick_CLKSourceConfig  misc.o
    0x00002198   0x00000010   Code   RO         2550    i.SysTick_Handler   stm32f10x_it.o
    0x000021a8   0x00000050   Code   RO         3200    i.SystemInit        system_stm32f10x.o
    0x000021f8   0x00000014   Code   RO         4469    i.TIM_Cmd           stm32f10x_tim.o
    0x0000220c   0x00000016   Code   RO         4471    i.TIM_CtrlPWMOutputs  stm32f10x_tim.o
    0x00002222   0x00000002   PAD
    0x00002224   0x00000080   Code   RO         4498    i.TIM_OC1Init       stm32f10x_tim.o
    0x000022a4   0x0000000c   Code   RO         4501    i.TIM_OC1PreloadConfig  stm32f10x_tim.o
    0x000022b0   0x0000009c   Code   RO         4540    i.TIM_TimeBaseInit  stm32f10x_tim.o
    0x0000234c   0x00000298   Code   RO         1008    i.TYPE_AB_CardActive  cicc_func.o
    0x000025e4   0x000001a4   Code   RO         1009    i.TYPE_A_AntiMain   cicc_func.o
    0x00002788   0x00000024   Code   RO         1010    i.TYPE_A_Init       cicc_func.o
    0x000027ac   0x000000ac   Code   RO         1011    i.TYPE_A_PiccAnticoll  cicc_func.o
    0x00002858   0x00000054   Code   RO         1012    i.TYPE_A_PiccHalt   cicc_func.o
    0x000028ac   0x00000090   Code   RO         1109    i.TYPE_A_PiccPara   cicc_iso14443.o
    0x0000293c   0x000000c8   Code   RO         1013    i.TYPE_A_PiccRequest  cicc_func.o
    0x00002a04   0x000000b0   Code   RO         1014    i.TYPE_A_PiccSelect  cicc_func.o
    0x00002ab4   0x00000060   Code   RO         1015    i.TYPE_A_Removal    cicc_func.o
    0x00002b14   0x000001fc   Code   RO         1016    i.TYPE_B_Attrib     cicc_func.o
    0x00002d10   0x00000018   Code   RO         1017    i.TYPE_B_Init       cicc_func.o
    0x00002d28   0x00000058   Code   RO         1018    i.TYPE_B_PiccHalt   cicc_func.o
    0x00002d80   0x00000060   Code   RO         1110    i.TYPE_B_PiccPara   cicc_iso14443.o
    0x00002de0   0x0000013c   Code   RO         1019    i.TYPE_B_PiccRequest  cicc_func.o
    0x00002f1c   0x0000006a   Code   RO         1020    i.TYPE_B_Removal    cicc_func.o
    0x00002f86   0x00000002   PAD
    0x00002f88   0x00000040   Code   RO         2864    i.UART4_Config_Baud  bsp_usart.o
    0x00002fc8   0x0000008c   Code   RO         2865    i.UART4_Configuration  bsp_usart.o
    0x00003054   0x00000028   Code   RO         2551    i.UART4_IRQHandler  stm32f10x_it.o
    0x0000307c   0x00000028   Code   RO         2866    i.UART4_ReceiveByte  bsp_usart.o
    0x000030a4   0x00000020   Code   RO         2867    i.UART4_SendData    bsp_usart.o
    0x000030c4   0x00000018   Code   RO         2868    i.UART4_set_IT_RXNE  bsp_usart.o
    0x000030dc   0x00000028   Code   RO         2552    i.USART1_IRQHandler  stm32f10x_it.o
    0x00003104   0x00000010   Code   RO         2553    i.USART2_IRQHandler  stm32f10x_it.o
    0x00003114   0x00000024   Code   RO         2554    i.USART3_IRQHandler  stm32f10x_it.o
    0x00003138   0x00000006   Code   RO         3861    i.USART_ClearFlag   stm32f10x_usart.o
    0x0000313e   0x00000014   Code   RO         3865    i.USART_Cmd         stm32f10x_usart.o
    0x00003152   0x00000002   PAD
    0x00003154   0x00000098   Code   RO         2871    i.USART_Configuration  bsp_usart.o
    0x000031ec   0x0000000e   Code   RO         3868    i.USART_GetFlagStatus  stm32f10x_usart.o
    0x000031fa   0x0000003e   Code   RO         3869    i.USART_GetITStatus  stm32f10x_usart.o
    0x00003238   0x00000030   Code   RO         3871    i.USART_ITConfig    stm32f10x_usart.o
    0x00003268   0x000000ac   Code   RO         3872    i.USART_Init        stm32f10x_usart.o
    0x00003314   0x00000008   Code   RO         3879    i.USART_ReceiveData  stm32f10x_usart.o
    0x0000331c   0x00000008   Code   RO         3882    i.USART_SendData    stm32f10x_usart.o
    0x00003324   0x0000001c   Code   RO         2555    i.UsageFault_Handler  stm32f10x_it.o
    0x00003340   0x00000026   Code   RO         1653    i.WriteRawRC        pn512.o
    0x00003366   0x00000002   PAD
    0x00003368   0x00000020   Code   RO         5266    i.__0printf         mc_w.l(printfa.o)
    0x00003388   0x0000000e   Code   RO         5414    i.__scatterload_copy  mc_w.l(handlers.o)
    0x00003396   0x00000002   Code   RO         5415    i.__scatterload_null  mc_w.l(handlers.o)
    0x00003398   0x0000000e   Code   RO         5416    i.__scatterload_zeroinit  mc_w.l(handlers.o)
    0x000033a6   0x00000002   PAD
    0x000033a8   0x00000164   Code   RO         5273    i._fp_digits        mc_w.l(printfa.o)
    0x0000350c   0x00000012   Code   RO         1022    i._msdelay          cicc_func.o
    0x0000351e   0x00000002   PAD
    0x00003520   0x000006dc   Code   RO         5274    i._printf_core      mc_w.l(printfa.o)
    0x00003bfc   0x00000024   Code   RO         5275    i._printf_post_padding  mc_w.l(printfa.o)
    0x00003c20   0x0000002e   Code   RO         5276    i._printf_pre_padding  mc_w.l(printfa.o)
    0x00003c4e   0x0000001e   Code   RO          850    i.cicc_m1_PiccAuth_key  cicc_api.o
    0x00003c6c   0x0000000e   Code   RO          851    i.cicc_m1_PiccBlockRead  cicc_api.o
    0x00003c7a   0x0000000e   Code   RO          852    i.cicc_m1_PiccBlockWrite  cicc_api.o
    0x00003c88   0x00000086   Code   RO          857    i.cicc_m1_ReqAntiSele  cicc_api.o
    0x00003d0e   0x00000004   Code   RO          858    i.cicc_m1_halt      cicc_api.o
    0x00003d12   0x00000024   Code   RO         1111    i.delay_www         cicc_iso14443.o
    0x00003d36   0x00000002   PAD
    0x00003d38   0x00000024   Code   RO         2873    i.fputc             bsp_usart.o
    0x00003d5c   0x00000050   Code   RO         5294    i.free              mc_w.l(malloc.o)
    0x00003dac   0x00000210   Code   RO         1112    i.isoBlockExchange  cicc_iso14443.o
    0x00003fbc   0x000000c0   Code   RO         1114    i.isoRatsA          cicc_iso14443.o
    0x0000407c   0x00000054   Code   RO          861    i.m1_ReqAntiSele    cicc_api.o
    0x000040d0   0x00000050   Code   RO            2    i.main              main.o
    0x00004120   0x0000006c   Code   RO         5295    i.malloc            mc_w.l(malloc.o)
    0x0000418c   0x00000038   Code   RO          621    i.nfcc_active_m1card  nfc_commu.o
    0x000041c4   0x0000000a   Code   RO          622    i.nfcc_close_ant    nfc_commu.o
    0x000041ce   0x00000002   PAD
    0x000041d0   0x0000002c   Code   RO          623    i.nfcc_coll_m1card  nfc_commu.o
    0x000041fc   0x0000000a   Code   RO          624    i.nfcc_open_ant     nfc_commu.o
    0x00004206   0x00000002   PAD
    0x00004208   0x00000024   Code   RO          625    i.nfcc_pwdauth      nfc_commu.o
    0x0000422c   0x00000014   Code   RO          626    i.nfcc_read_sector  nfc_commu.o
    0x00004240   0x00000032   Code   RO          627    i.nfcc_request_m1card  nfc_commu.o
    0x00004272   0x00000002   PAD
    0x00004274   0x00000030   Code   RO          628    i.nfcc_select_m1card  nfc_commu.o
    0x000042a4   0x00000010   Code   RO          629    i.nfcc_write_sector  nfc_commu.o
    0x000042b4   0x00000058   Code   RO         1115    i.pcdSetRblock      cicc_iso14443.o
    0x0000430c   0x00000088   Code   RO         1116    i.pcdSetSbrockWtx   cicc_iso14443.o
    0x00004394   0x0000004e   Code   RO          365    i.ptc_process       protocol_port.o
    0x000043e2   0x000000a4   Code   RO          366    i.ptc_process_cmd_inquiry  protocol_port.o
    0x00004486   0x00000002   PAD
    0x00004488   0x00000022   Code   RO          367    i.ptc_process_cmd_main  protocol_port.o
    0x000044aa   0x00000002   PAD
    0x000044ac   0x00000148   Code   RO          368    i.ptc_process_cmd_set  protocol_port.o
    0x000045f4   0x00000118   Code   RO          369    i.ptc_process_cmd_tested  protocol_port.o
    0x0000470c   0x0000017e   Code   RO          370    i.ptc_process_cmd_trans  protocol_port.o
    0x0000488a   0x00000018   Code   RO         1309    i.rc531_ClrBitMask  cicc_rc531.o
    0x000048a2   0x00000014   Code   RO         1310    i.rc531_FlushFIFO   cicc_rc531.o
    0x000048b6   0x000000de   Code   RO         1194    i.rc531_ISR         cicc_mifare1.o
    0x00004994   0x000002c8   Code   RO         1311    i.rc531_PcdCmd      cicc_rc531.o
    0x00004c5c   0x000000c8   Code   RO         1312    i.rc531_PcdConfig_A  cicc_rc531.o
    0x00004d24   0x000000d0   Code   RO         1313    i.rc531_PcdConfig_B  cicc_rc531.o
    0x00004df4   0x00000034   Code   RO         1315    i.rc531_PcdReset    cicc_rc531.o
    0x00004e28   0x00000054   Code   RO         1316    i.rc531_PcdRfReset  cicc_rc531.o
    0x00004e7c   0x0000001e   Code   RO         1317    i.rc531_PcdSetFwt   cicc_rc531.o
    0x00004e9a   0x00000076   Code   RO         1318    i.rc531_PcdSetTmo   cicc_rc531.o
    0x00004f10   0x00000004   Code   RO         1319    i.rc531_Read        cicc_rc531.o
    0x00004f14   0x00000018   Code   RO         1320    i.rc531_SetBitMask  cicc_rc531.o
    0x00004f2c   0x00000004   Code   RO         1321    i.rc531_Write       cicc_rc531.o
    0x00004f30   0x000001ba   Code   RO         1195    i.rc531_m1PcdCmd    cicc_mifare1.o
    0x000050ea   0x0000002e   Code   RO          440    i.rc531c_active_cpua_rfid  rc531_commu.o
    0x00005118   0x0000002e   Code   RO          441    i.rc531c_active_m1_rfid  rc531_commu.o
    0x00005146   0x0000003c   Code   RO          442    i.rc531c_apdu_rfid  rc531_commu.o
    0x00005182   0x00000010   Code   RO          443    i.rc531c_close_rfid  rc531_commu.o
    0x00005192   0x00000002   PAD
    0x00005194   0x000000b4   Code   RO          445    i.rc531c_coll_cpuB_rfid  rc531_commu.o
    0x00005248   0x00000028   Code   RO          446    i.rc531c_coll_cpua_rfid  rc531_commu.o
    0x00005270   0x00000024   Code   RO          447    i.rc531c_coll_m1_rfid  rc531_commu.o
    0x00005294   0x00000024   Code   RO          448    i.rc531c_coll_m1card_rfid  rc531_commu.o
    0x000052b8   0x00000072   Code   RO          450    i.rc531c_coll_tested_rfid  rc531_commu.o
    0x0000532a   0x00000002   PAD
    0x0000532c   0x000000bc   Code   RO          451    i.rc531c_find_rfid_card  rc531_commu.o
    0x000053e8   0x00000030   Code   RO          452    i.rc531c_halt_m1_rfid  rc531_commu.o
    0x00005418   0x00000028   Code   RO          454    i.rc531c_m1pwd_rfid  rc531_commu.o
    0x00005440   0x0000000a   Code   RO          455    i.rc531c_m1read_rfid  rc531_commu.o
    0x0000544a   0x0000000a   Code   RO          456    i.rc531c_m1write_rfid  rc531_commu.o
    0x00005454   0x00000024   Code   RO          457    i.rc531c_move_rfid_card  rc531_commu.o
    0x00005478   0x0000000c   Code   RO          458    i.rc531c_open_rfid  rc531_commu.o
    0x00005484   0x00000056   Code   RO          459    i.rc531c_read_cpucard_id  rc531_commu.o
    0x000054da   0x00000042   Code   RO          460    i.rc531c_read_m1card_id  rc531_commu.o
    0x0000551c   0x00000088   Code   RO          461    i.rc531c_req_cpua_rfid  rc531_commu.o
    0x000055a4   0x00000088   Code   RO          462    i.rc531c_req_m1_rfid  rc531_commu.o
    0x0000562c   0x00000038   Code   RO          464    i.rc531c_select_cpua_rfid  rc531_commu.o
    0x00005664   0x0000004c   Code   RO          465    i.rc531c_select_m1_rfid  rc531_commu.o
    0x000056b0   0x000000ac   Code   RO         2933    i.spi_pn512_configuration  bsp_spi.o
    0x0000575c   0x00000034   Code   RO         2934    i.spi_pn512_readwrite_byte  bsp_spi.o
    0x00005790   0x00000018   Code   RO         2935    i.spi_pn512_set_nss  bsp_spi.o
    0x000057a8   0x00000018   Code   RO         2936    i.spi_pn512_set_rst  bsp_spi.o
    0x000057c0   0x000000a4   Code   RO         2937    i.spi_rc531_configuration  bsp_spi.o
    0x00005864   0x00000034   Code   RO         2938    i.spi_rc531_readwrite_byte  bsp_spi.o
    0x00005898   0x00000018   Code   RO         2939    i.spi_rc531_set_nss  bsp_spi.o
    0x000058b0   0x00000018   Code   RO         2940    i.spi_rc531_set_rst  bsp_spi.o
    0x000058c8   0x00000028   Code   RO         1393    i.u7se32_rc531_interface  cicc_spi.o
    0x000058f0   0x00000024   Code   RO         1394    i.u7se32_rc531_reset  cicc_spi.o
    0x00005914   0x00000038   Code   RO         1396    i.u7se32_spi_read   cicc_spi.o
    0x0000594c   0x00000032   Code   RO         1397    i.u7se32_spi_write  cicc_spi.o
    0x0000597e   0x00000002   PAD
    0x00005980   0x00000048   Code   RO          706    i.write_add         lf125k.o
    0x000059c8   0x0000003c   Code   RO          707    i.write_data        lf125k.o
    0x00005a04   0x00000010   Code   RO          708    i.write_lock        lf125k.o
    0x00005a14   0x00000060   Code   RO          709    i.write_od          lf125k.o
    0x00005a74   0x00003357   Data   RO         1533    .constdata          rfid_firmware.o
    0x00008dcb   0x00000001   PAD
    0x00008dcc   0x00000020   Data   RO         5412    Region$$Table       anon$$obj.o


    Execution Region RW_IRAM1 (Base: 0x20000000, Size: 0x00000f30, Max: 0x00020000, ABSOLUTE, COMPRESSED[0x0000013c])

    Base Addr    Size         Type   Attr      Idx    E Section Name        Object

    0x20000000   0x00000200   Data   RW          351    .data               crc16.o
    0x20000200   0x00000001   Data   RW          371    .data               protocol_port.o
    0x20000201   0x00000001   Data   RW          631    .data               nfc_commu.o
    0x20000202   0x00000008   Data   RW          710    .data               lf125k.o
    0x2000020a   0x00000001   Data   RW          862    .data               cicc_api.o
    0x2000020b   0x00000001   Data   RW          863    .data               cicc_api.o
    0x2000020c   0x00000001   Data   RW          864    .data               cicc_api.o
    0x2000020d   0x00000001   Data   RW          865    .data               cicc_api.o
    0x2000020e   0x00000001   Data   RW          866    .data               cicc_api.o
    0x2000020f   0x00000008   Data   RW          867    .data               cicc_api.o
    0x20000217   0x00000001   Data   RW          868    .data               cicc_api.o
    0x20000218   0x00000003   Data   RW         1024    .data               cicc_func.o
    0x2000021b   0x00000002   Data   RW         1118    .data               cicc_iso14443.o
    0x2000021d   0x00000066   Data   RW         1289    .data               cicc_public.o
    0x20000283   0x00000001   Data   RW         1290    .data               cicc_public.o
    0x20000284   0x00000002   Data   RW         1534    .data               rfid_firmware.o
    0x20000286   0x00000002   PAD
    0x20000288   0x00000004   Data   RW         2734    .data               bsp_systick.o
    0x2000028c   0x00000014   Data   RW         3690    .data               stm32f10x_rcc.o
    0x200002a0   0x00000004   Data   RW         5348    .data               mc_w.l(stdout.o)
    0x200002a4   0x00000004   Data   RW         5355    .data               mc_w.l(mvars.o)
    0x200002a8   0x00000004   Data   RW         5356    .data               mc_w.l(mvars.o)
    0x200002ac   0x00000108   Zero   RW          165    .bss                protocol.o
    0x200003b4   0x0000000a   Zero   RW          630    .bss                nfc_commu.o
    0x200003be   0x00000080   Zero   RW         1023    .bss                cicc_func.o
    0x2000043e   0x00000258   Zero   RW         1117    .bss                cicc_iso14443.o
    0x20000696   0x00000080   Zero   RW         1196    .bss                cicc_mifare1.o
    0x20000716   0x00000002   PAD
    0x20000718   0x00000014   Zero   RW         1288    .bss                cicc_public.o
    0x2000072c   0x00000004   PAD
    0x20000730   0x00000400   Zero   RW         5003    HEAP                startup_stm32f10x_hd.o
    0x20000b30   0x00000400   Zero   RW         5002    STACK               startup_stm32f10x_hd.o


==============================================================================

Image component sizes


      Code (inc. data)   RO Data    RW Data    ZI Data      Debug   Object Name

       236         44          0          0          0       4254   bsp_gpio.o
       176         16          0          0          0       1657   bsp_pwm.o
       536         48          0          0          0       4650   bsp_spi.o
        98         22          0          4          0      44860   bsp_systick.o
       488         46          0          0          0       4737   bsp_usart.o
       676         16          0         14          0      13768   cicc_api.o
      2908        120          0          3        128      12037   cicc_func.o
      1224        114          0          2        600       7522   cicc_iso14443.o
      1298         68          0          0        128       6373   cicc_mifare1.o
        36          0          0        103         20       1822   cicc_public.o
      1480         38          0          0          0       8859   cicc_rc531.o
       182          0          0          0          0       3305   cicc_spi.o
         0          0          0          0          0         32   core_cm3.o
        48          6          0        512          0       1315   crc16.o
      1278         90          0          8          0      10900   lf125k.o
        80         20          0          0          0       6291   main.o
       144         16          0          0          0     215969   misc.o
       158          0          0          0          0     206155   my_inittask.o
       290         30          0          1         10       6082   nfc_commu.o
      1820          0          0          0          0      14630   pn512.o
       822         68          0          0        264      12229   protocol.o
      1266         50          0          1          0       5508   protocol_port.o
      1474        210          0          0          0      15198   rc531_commu.o
       242         10      13143          2          0       3385   rfid_firmware.o
        36          8        304          0       2048        836   startup_stm32f10x_hd.o
        44         10          0          0          0       1176   stm32f10x_exti.o
       186          0          0          0          0      11524   stm32f10x_gpio.o
       370        116          0          0          0     225988   stm32f10x_it.o
       192         28          0         20          0      13450   stm32f10x_rcc.o
        98          0          0          0          0      10938   stm32f10x_spi.o
       338         64          0          0          0      25038   stm32f10x_tim.o
       338          6          0          0          0      12767   stm32f10x_usart.o
       248         24          0          0          0       1737   system_stm32f10x.o

    ----------------------------------------------------------------------
     18858       1288      13480        672       3204     914992   Object Totals
         0          0         32          0          0          0   (incl. Generated)
        48          0          1          2          6          0   (incl. Padding)

    ----------------------------------------------------------------------

      Code (inc. data)   RO Data    RW Data    ZI Data      Debug   Library Member Name

        86          0          0          0          0          0   __dczerorl2.o
         0          0          0          0          0          0   entry.o
         0          0          0          0          0          0   entry10a.o
         0          0          0          0          0          0   entry11a.o
         8          4          0          0          0          0   entry2.o
         4          0          0          0          0          0   entry5.o
         0          0          0          0          0          0   entry7b.o
         0          0          0          0          0          0   entry8b.o
         8          4          0          0          0          0   entry9a.o
        30          0          0          0          0          0   handlers.o
        36          8          0          0          0         68   init.o
         0          0          0          0          0          0   iusefp.o
        30          0          0          0          0         68   llshl.o
        36          0          0          0          0         68   llsshr.o
        32          0          0          0          0         68   llushr.o
       188         20          0          0          0        160   malloc.o
        26          0          0          0          0         80   memcmp.o
        36          0          0          0          0         68   memcpya.o
        36          0          0          0          0        108   memseta.o
         0          0          0          8          0          0   mvars.o
      2226         90          0          0          0        444   printfa.o
         0          0          0          4          0          0   stdout.o
        44          0          0          0          0         80   uidiv.o
        98          0          0          0          0         92   uldiv.o
        48          0          0          0          0         68   cdrcmple.o
       334          0          0          0          0        148   dadd.o
       222          0          0          0          0        100   ddiv.o
       186          0          0          0          0        176   depilogue.o
        48          0          0          0          0         68   dfixul.o
       228          0          0          0          0         96   dmul.o

    ----------------------------------------------------------------------
      3994        126          0         12          0       1960   Library Totals
         4          0          0          0          0          0   (incl. Padding)

    ----------------------------------------------------------------------

      Code (inc. data)   RO Data    RW Data    ZI Data      Debug   Library Name

      2924        126          0         12          0       1304   mc_w.l
      1066          0          0          0          0        656   mf_w.l

    ----------------------------------------------------------------------
      3994        126          0         12          0       1960   Library Totals

    ----------------------------------------------------------------------

==============================================================================


      Code (inc. data)   RO Data    RW Data    ZI Data      Debug   

     22852       1414      13480        684       3204     904392   Grand Totals
     22852       1414      13480        316       3204     904392   ELF Image Totals (compressed)
     22852       1414      13480        316          0          0   ROM Totals

==============================================================================

    Total RO  Size (Code + RO Data)                36332 (  35.48kB)
    Total RW  Size (RW Data + ZI Data)              3888 (   3.80kB)
    Total ROM Size (Code + RO Data + RW Data)      36648 (  35.79kB)

==============================================================================

