Component: ARM Compiler 5.05 update 1 (build 106) Tool: armlink [4d0efa]

==============================================================================

Section Cross References

    main.o(i.USER_DataAnalysisProcess) refers to strstr.o(.text) for strstr
    main.o(i.USER_DataAnalysisProcess) refers to wifitocloud.o(i.ESP8266_IpSend) for ESP8266_IpSend
    main.o(i.USER_DataAnalysisProcess) refers to printf8.o(i.__0printf$8) for __2printf
    main.o(i.USER_DataAnalysisProcess) refers to memseta.o(.text) for __aeabi_memclr4
    main.o(i.USER_DataAnalysisProcess) refers to buzzer.o(i.buzzerClose) for buzzerClose
    main.o(i.USER_DataAnalysisProcess) refers to main.o(i.lightClose) for lightClose
    main.o(i.USER_DataAnalysisProcess) refers to lcd12864.o(i.lcd_clr_row) for lcd_clr_row
    main.o(i.USER_DataAnalysisProcess) refers to main.o(i.USER_GetJsonValue) for USER_GetJsonValue
    main.o(i.USER_DataAnalysisProcess) refers to printf8.o(i.__0sprintf$8) for __2sprintf
    main.o(i.USER_DataAnalysisProcess) refers to strlen.o(.text) for strlen
    main.o(i.USER_DataAnalysisProcess) refers to door.o(i.doorOpen) for doorOpen
    main.o(i.USER_DataAnalysisProcess) refers to main.o(.data) for .data
    main.o(i.USER_DataAnalysisProcess) refers to door.o(.data) for FlagDefense
    main.o(i.USER_DataAnalysisProcess) refers to adc.o(.data) for MEMS_ALERT
    main.o(i.USER_GetJsonValue) refers to memseta.o(.text) for __aeabi_memclr
    main.o(i.USER_GetJsonValue) refers to printf8.o(i.__0sprintf$8) for __2sprintf
    main.o(i.USER_GetJsonValue) refers to strstr.o(.text) for strstr
    main.o(i.USER_GetJsonValue) refers to strlen.o(.text) for strlen
    main.o(i.USER_GetJsonValue) refers to main.o(.bss) for .bss
    main.o(i.lightClose) refers to stm32f10x_gpio.o(i.GPIO_WriteBit) for GPIO_WriteBit
    main.o(i.lightInit) refers to stm32f10x_rcc.o(i.RCC_APB2PeriphClockCmd) for RCC_APB2PeriphClockCmd
    main.o(i.lightInit) refers to stm32f10x_gpio.o(i.GPIO_Init) for GPIO_Init
    main.o(i.lightOpen) refers to stm32f10x_gpio.o(i.GPIO_WriteBit) for GPIO_WriteBit
    main.o(i.main) refers to my_inittask.o(i.My_InitTask) for My_InitTask
    main.o(i.main) refers to ir_alert.o(i.irInit) for irInit
    main.o(i.main) refers to door.o(i.doorInit) for doorInit
    main.o(i.main) refers to main.o(i.lightInit) for lightInit
    main.o(i.main) refers to printf8.o(i.__0printf$8) for __2printf
    main.o(i.main) refers to systick.o(i.SYSTICK_Delay10ms) for SYSTICK_Delay10ms
    main.o(i.main) refers to lcd12864.o(i.show_logo) for show_logo
    main.o(i.main) refers to app_pwd.o(i.param_Init) for param_Init
    main.o(i.main) refers to app_pwd.o(i.read_DigitPwd) for read_DigitPwd
    main.o(i.main) refers to app_pwd.o(i.read_IdCardPwd) for read_IdCardPwd
    main.o(i.main) refers to app_pwd.o(i.read_MEMSData) for read_MEMSData
    main.o(i.main) refers to adc.o(i.get_ADC1_result) for get_ADC1_result
    main.o(i.main) refers to adc.o(i.set_MEMS_static_ADC_value) for set_MEMS_static_ADC_value
    main.o(i.main) refers to memseta.o(.text) for __aeabi_memclr4
    main.o(i.main) refers to printf8.o(i.__0sprintf$8) for __2sprintf
    main.o(i.main) refers to lcd12864.o(i.lcd_clr_row) for lcd_clr_row
    main.o(i.main) refers to strlen.o(.text) for strlen
    main.o(i.main) refers to lcd12864.o(i.lcd_write) for lcd_write
    main.o(i.main) refers to wifitocloud.o(i.ConnectToServer) for ConnectToServer
    main.o(i.main) refers to hal_wifitocloud.o(i.ClrAtRxBuf) for ClrAtRxBuf
    main.o(i.main) refers to lcd12864.o(i.lcd_clr) for lcd_clr
    main.o(i.main) refers to main.o(i.menuIdle_Handle) for menuIdle_Handle
    main.o(i.main) refers to main.o(i.menuAddDigitPwd_Handle) for menuAddDigitPwd_Handle
    main.o(i.main) refers to main.o(i.menuIdCardPwd_Handle) for menuIdCardPwd_Handle
    main.o(i.main) refers to main.o(i.menuMEMS_Handle) for menuMEMS_Handle
    main.o(i.main) refers to main.o(i.menuAlertClear_Handle) for menuAlertClear_Handle
    main.o(i.main) refers to wifitocloud.o(i.ESP8266_GetIpData) for ESP8266_GetIpData
    main.o(i.main) refers to main.o(i.USER_DataAnalysisProcess) for USER_DataAnalysisProcess
    main.o(i.main) refers to wifitocloud.o(i.ESP8266_SendSensor) for ESP8266_SendSensor
    main.o(i.main) refers to app_pwd.o(.data) for memsData
    main.o(i.main) refers to adc.o(.data) for mems_theshold_val
    main.o(i.main) refers to main.o(.conststring) for .conststring
    main.o(i.main) refers to hal_uart4.o(.data) for F_UART4_RX_FINISH
    main.o(i.main) refers to door.o(.data) for FlagDefense
    main.o(i.main) refers to main.o(.data) for .data
    main.o(i.main) refers to hal_uart4.o(.bss) for UART4_RX_BUF
    main.o(i.main) refers to door.o(.data) for FlagLockSta
    main.o(i.menuAddDigitPwd_Handle) refers to memseta.o(.text) for __aeabi_memclr4
    main.o(i.menuAddDigitPwd_Handle) refers to printf8.o(i.__0sprintf$8) for __2sprintf
[...]
    i.init_kbd_GPIO                          0x08003284   Section        0  keyboard_drv.o(i.init_kbd_GPIO)
    i.irAlert                                0x080032e0   Section        0  ir_alert.o(i.irAlert)
    i.irInit                                 0x08003304   Section        0  ir_alert.o(i.irInit)
    i.isDoorOpen                             0x08003330   Section        0  door.o(i.isDoorOpen)
    i.isRight_Pwd_Digit                      0x0800333c   Section        0  app_pwd.o(i.isRight_Pwd_Digit)
    i.isRight_Pwd_IdCard                     0x08003374   Section        0  app_pwd.o(i.isRight_Pwd_IdCard)
    i.is_MEMS_threshold_exceed               0x080033a8   Section        0  adc.o(i.is_MEMS_threshold_exceed)
    i.is_kbd_fifo_empt                       0x080033fc   Section        0  keyboard_drv.o(i.is_kbd_fifo_empt)
    i.kbd_init                               0x08003418   Section        0  keyboard_drv.o(i.kbd_init)
    i.kbd_scan                               0x08003454   Section        0  keyboard_drv.o(i.kbd_scan)
    i.lcd_clr                                0x080035d4   Section        0  lcd12864.o(i.lcd_clr)
    i.lcd_clr_row                            0x08003616   Section        0  lcd12864.o(i.lcd_clr_row)
    i.lcd_disp_full_img                      0x0800368c   Section        0  lcd12864.o(i.lcd_disp_full_img)
    i.lcd_gpio_init                          0x080036d0   Section        0  lcd12864.o(i.lcd_gpio_init)
    i.lcd_init                               0x08003730   Section        0  lcd12864.o(i.lcd_init)
    i.lcd_set_dsp_position                   0x0800379c   Section        0  lcd12864.o(i.lcd_set_dsp_position)
    i.lcd_write                              0x080037d4   Section        0  lcd12864.o(i.lcd_write)
    i.lcd_write_cmd                          0x080038b8   Section        0  lcd12864.o(i.lcd_write_cmd)
    i.lcd_write_data                         0x08003980   Section        0  lcd12864.o(i.lcd_write_data)
    i.lightClose                             0x08003a40   Section        0  main.o(i.lightClose)
    i.lightInit                              0x08003a50   Section        0  main.o(i.lightInit)
    i.lightOpen                              0x08003a7c   Section        0  main.o(i.lightOpen)
    i.main                                   0x08003a8c   Section        0  main.o(i.main)
    i.malloc                                 0x08003d68   Section        0  malloc.o(i.malloc)
    i.menuAddDigitPwd_Handle                 0x08003dd4   Section        0  main.o(i.menuAddDigitPwd_Handle)
    i.menuAlertClear_Handle                  0x0800407c   Section        0  main.o(i.menuAlertClear_Handle)
    i.menuIdCardPwd_Handle                   0x08004310   Section        0  main.o(i.menuIdCardPwd_Handle)
    i.menuIdle_Handle                        0x080046dc   Section        0  main.o(i.menuIdle_Handle)
    i.menuMEMS_Handle                        0x08004a60   Section        0  main.o(i.menuMEMS_Handle)
    i.param_Init                             0x08004e10   Section        0  app_pwd.o(i.param_Init)
    i.put_kbd_fifo                           0x08004f54   Section        0  keyboard_drv.o(i.put_kbd_fifo)
    i.read_DigitPwd                          0x08004f7c   Section        0  app_pwd.o(i.read_DigitPwd)
    i.read_IdCardPwd                         0x08005048   Section        0  app_pwd.o(i.read_IdCardPwd)
    i.read_MEMSData                          0x0800507c   Section        0  app_pwd.o(i.read_MEMSData)
    i.rtc_init                               0x080050b0   Section        0  rtc.o(i.rtc_init)
    i.rtc_update_notify                      0x080051c0   Section        0  my_inittask.o(i.rtc_update_notify)
    i.sEE_Init                               0x080051d4   Section        0  eeprom.o(i.sEE_Init)
    i.sEE_LowLevel_Init                      0x0800522c   Section        0  eeprom.o(i.sEE_LowLevel_Init)
    i.save_DigitPwd                          0x0800530c   Section        0  app_pwd.o(i.save_DigitPwd)
    i.save_IdCardPwd                         0x08005390   Section        0  app_pwd.o(i.save_IdCardPwd)
    i.save_MEMSData                          0x0800540c   Section        0  app_pwd.o(i.save_MEMSData)
    i.set_ADC1_update_flag                   0x0800544c   Section        0  adc.o(i.set_ADC1_update_flag)
    i.set_MEMS_static_ADC_value              0x080054f4   Section        0  adc.o(i.set_MEMS_static_ADC_value)
    i.set_lcd_data_gpio_to_output            0x08005504   Section        0  lcd12864.o(i.set_lcd_data_gpio_to_output)
    i.show_logo                              0x08005530   Section        0  lcd12864.o(i.show_logo)
    i.start_ADC1                             0x0800554c   Section        0  adc.o(i.start_ADC1)
    i.write_od                               0x08005570   Section        0  lf125k.o(i.write_od)
    .conststring                             0x080055d0   Section      214  main.o(.conststring)
    .conststring                             0x080056a8   Section       75  app_pwd.o(.conststring)
    .data                                    0x20000000   Section        4  main.o(.data)
    .data                                    0x20000004   Section        4  main.o(.data)
    .data                                    0x20000008   Section        1  main.o(.data)
    .data                                    0x2000000c   Section       12  main.o(.data)
    isAlreadyOldPwd                          0x2000000f   Data           1  main.o(.data)
    isAlreadyOldPwd                          0x20000010   Data           1  main.o(.data)
    isAlreadyOldPwd                          0x20000011   Data           1  main.o(.data)
    isAlreadyOldPwd                          0x20000012   Data           1  main.o(.data)
    .data                                    0x20000018   Section       30  app_pwd.o(.data)
    .data                                    0x20000036   Section     2544  lcd12864.o(.data)
    .data                                    0x20000a28   Section       52  keyboard_drv.o(.data)
    key_evt_flag                             0x20000a28   Data           1  keyboard_drv.o(.data)
    act_flag                                 0x20000a29   Data           1  keyboard_drv.o(.data)
    hold_key_cnt                             0x20000a2a   Data           1  keyboard_drv.o(.data)
    kbd_now                                  0x20000a2c   Data           4  keyboard_drv.o(.data)
    kbd_prev                                 0x20000a30   Data           4  keyboard_drv.o(.data)
    p_tmp                                    0x20000a34   Data           4  keyboard_drv.o(.data)
    .data                                    0x20000a5c   Section        8  adc.o(.data)
    sample_count                             0x20000a5d   Data           1  adc.o(.data)
    .data                                    0x20000a64   Section       16  eeprom.o(.data)
    .data                                    0x20000a74   Section        8  lf125k.o(.data)
    .data                                    0x20000a7c   Section       20  ultrasonic.o(.data)
    .data                                    0x20000a90   Section        8  rtc.o(.data)
    TimeVar                                  0x20000a94   Data           4  rtc.o(.data)
    .data                                    0x20000a98   Section        4  systick.o(.data)
    .data                                    0x20000a9c   Section        2  buzzer.o(.data)
    data                                     0x20000a9d   Data           1  buzzer.o(.data)
    .data                                    0x20000a9e   Section        1  door.o(.data)
    .data                                    0x20000a9f   Section        1  door.o(.data)
    .data                                    0x20000aa0   Section        4  door.o(.data)
    .data                                    0x20000aa4   Section        4  hal_uart4.o(.data)
    .data                                    0x20000aa8   Section        1  hal_uart4.o(.data)
    .data                                    0x20000aac   Section       20  hal_timer2.o(.data)
    count                                    0x20000ab8   Data           4  hal_timer2.o(.data)
    .data                                    0x20000ac0   Section       21  bsp_flash.o(.data)
    .data                                    0x20000ad8   Section       20  system_stm32f10x.o(.data)
    .data                                    0x20000aec   Section       20  stm32f10x_rcc.o(.data)
    ADCPrescTable                            0x20000aec   Data           4  stm32f10x_rcc.o(.data)
    APBAHBPrescTable                         0x20000af0   Data          16  stm32f10x_rcc.o(.data)
    .data                                    0x20000b00   Section        4  stdout.o(.data)
    .data                                    0x20000b04   Section        4  mvars.o(.data)
    .data                                    0x20000b08   Section        4  mvars.o(.data)
    .bss                                     0x20000b0c   Section       10  main.o(.bss)
    temp                                     0x20000b0c   Data          10  main.o(.bss)
    .bss                                     0x20000b16   Section       70  app_pwd.o(.bss)
    .bss                                     0x20000b5c   Section      144  keyboard_drv.o(.bss)
    kbd_same_cnt                             0x20000b5c   Data          25  keyboard_drv.o(.bss)
    kbd_status_buf1                          0x20000b75   Data          25  keyboard_drv.o(.bss)
    kbd_status_buf2                          0x20000b8e   Data          25  keyboard_drv.o(.bss)
    kbd_status                               0x20000ba7   Data          25  keyboard_drv.o(.bss)
    evt_fifo                                 0x20000bc0   Data          44  keyboard_drv.o(.bss)
    .bss                                     0x20000bec   Section      204  adc.o(.bss)
    .bss                                     0x20000cb8   Section       44  eeprom.o(.bss)
    .bss                                     0x20000ce4   Section       10  ultrasonic.o(.bss)
    .bss                                     0x20000cee   Section      255  hal_uart4.o(.bss)
    .bss                                     0x20000dee   Section       26  hal_timer2.o(.bss)
    HEAP                                     0x20000e08   Section     1024  startup_stm32f10x_hd.o(HEAP)
    STACK                                    0x20001208   Section     1024  startup_stm32f10x_hd.o(STACK)

    Global Symbols

    Symbol Name                              Value     Ov Type        Size  Object(Section)

    BuildAttributes$$THM_ISAv4$P$D$K$B$S$PE$A:L22UL41UL21$X:L11$S22US41US21$IEEE1$IW$USESV6$~STKCKD$USESV7$~SHL$OSPACE$ROPI$EBA8$MICROLIB$REQ8$PRES8$EABIv2 0x00000000   Number         0  anon$$obj.o ABSOLUTE
    __ARM_use_no_argv                        0x00000000   Number         0  main.o ABSOLUTE
    _printf_a                                0x00000000   Number         0  stubs.o ABSOLUTE
    _printf_c                                0x00000000   Number         0  stubs.o ABSOLUTE
    _printf_charcount                        0x00000000   Number         0  stubs.o ABSOLUTE
    _printf_d                                0x00000000   Number         0  stubs.o ABSOLUTE
    _printf_e                                0x00000000   Number         0  stubs.o ABSOLUTE
    _printf_f                                0x00000000   Number         0  stubs.o ABSOLUTE
    _printf_flags                            0x00000000   Number         0  stubs.o ABSOLUTE
    _printf_fp_dec                           0x00000000   Number         0  stubs.o ABSOLUTE
    _printf_fp_hex                           0x00000000   Number         0  stubs.o ABSOLUTE
    _printf_g                                0x00000000   Number         0  stubs.o ABSOLUTE
    _printf_i                                0x00000000   Number         0  stubs.o ABSOLUTE
    _printf_int_dec                          0x00000000   Number         0  stubs.o ABSOLUTE
    _printf_l                                0x00000000   Number         0  stubs.o ABSOLUTE
    _printf_lc                               0x00000000   Number         0  stubs.o ABSOLUTE
    _printf_ll                               0x00000000   Number         0  stubs.o ABSOLUTE
    _printf_lld                              0x00000000   Number         0  stubs.o ABSOLUTE
    _printf_lli                              0x00000000   Number         0  stubs.o ABSOLUTE
    _printf_llo                              0x00000000   Number         0  stubs.o ABSOLUTE
    _printf_llu                              0x00000000   Number         0  stubs.o ABSOLUTE
    _printf_llx                              0x00000000   Number         0  stubs.o ABSOLUTE
    _printf_longlong_dec                     0x00000000   Number         0  stubs.o ABSOLUTE
    _printf_longlong_hex                     0x00000000   Number         0  stubs.o ABSOLUTE
    _printf_longlong_oct                     0x00000000   Number         0  stubs.o ABSOLUTE
    _printf_ls                               0x00000000   Number         0  stubs.o ABSOLUTE
    _printf_mbtowc                           0x00000000   Number         0  stubs.o ABSOLUTE
    _printf_n                                0x00000000   Number         0  stubs.o ABSOLUTE
    _printf_o                                0x00000000   Number         0  stubs.o ABSOLUTE
    _printf_p                                0x00000000   Number         0  stubs.o ABSOLUTE
    _printf_percent                          0x00000000   Number         0  stubs.o ABSOLUTE
    _printf_pre_padding                      0x00000000   Number         0  stubs.o ABSOLUTE
    _printf_return_value                     0x00000000   Number         0  stubs.o ABSOLUTE
    _printf_s                                0x00000000   Number         0  stubs.o ABSOLUTE
    _printf_sizespec                         0x00000000   Number         0  stubs.o ABSOLUTE
    _printf_str                              0x00000000   Number         0  stubs.o ABSOLUTE
    _printf_truncate_signed                  0x00000000   Number         0  stubs.o ABSOLUTE
    _printf_truncate_unsigned                0x00000000   Number         0  stubs.o ABSOLUTE
    _printf_u                                0x00000000   Number         0  stubs.o ABSOLUTE
    _printf_wc                               0x00000000   Number         0  stubs.o ABSOLUTE
    _printf_wctomb                           0x00000000   Number         0  stubs.o ABSOLUTE
    _printf_widthprec                        0x00000000   Number         0  stubs.o ABSOLUTE
    _printf_x                                0x00000000   Number         0  stubs.o ABSOLUTE
    __cpp_initialize__aeabi_                  - Undefined Weak Reference
    __cxa_finalize                            - Undefined Weak Reference
    _clock_init                               - Undefined Weak Reference
    _microlib_exit                            - Undefined Weak Reference
    __Vectors_Size                           0x00000130   Number         0  startup_stm32f10x_hd.o ABSOLUTE
    __Vectors                                0x08000000   Data           4  startup_stm32f10x_hd.o(RESET)
    __Vectors_End                            0x08000130   Data           0  startup_stm32f10x_hd.o(RESET)
    __main                                   0x08000131   Thumb Code     0  entry.o(.ARM.Collect$$$$00000000)
    _main_stk                                0x08000131   Thumb Code     0  entry2.o(.ARM.Collect$$$$00000001)
    _main_scatterload                        0x08000135   Thumb Code     0  entry5.o(.ARM.Collect$$$$00000004)
    __main_after_scatterload                 0x08000139   Thumb Code     0  entry5.o(.ARM.Collect$$$$00000004)
    _main_clock                              0x08000139   Thumb Code     0  entry7b.o(.ARM.Collect$$$$00000008)
    _main_cpp_init                           0x08000139   Thumb Code     0  entry8b.o(.ARM.Collect$$$$0000000A)
    _main_init                               0x08000139   Thumb Code     0  entry9a.o(.ARM.Collect$$$$0000000B)
    __rt_final_cpp                           0x08000141   Thumb Code     0  entry10a.o(.ARM.Collect$$$$0000000D)
    __rt_final_exit                          0x08000141   Thumb Code     0  entry11a.o(.ARM.Collect$$$$0000000F)
    Reset_Handler                            0x08000145   Thumb Code     8  startup_stm32f10x_hd.o(.text)
    ADC3_IRQHandler                          0x0800015f   Thumb Code     0  startup_stm32f10x_hd.o(.text)
    CAN1_RX1_IRQHandler                      0x0800015f   Thumb Code     0  startup_stm32f10x_hd.o(.text)
    CAN1_SCE_IRQHandler                      0x0800015f   Thumb Code     0  startup_stm32f10x_hd.o(.text)
    DMA1_Channel2_IRQHandler                 0x0800015f   Thumb Code     0  startup_stm32f10x_hd.o(.text)
    DMA1_Channel3_IRQHandler                 0x0800015f   Thumb Code     0  startup_stm32f10x_hd.o(.text)
    DMA1_Channel4_IRQHandler                 0x0800015f   Thumb Code     0  startup_stm32f10x_hd.o(.text)
    DMA1_Channel5_IRQHandler                 0x0800015f   Thumb Code     0  startup_stm32f10x_hd.o(.text)
    DMA2_Channel1_IRQHandler                 0x0800015f   Thumb Code     0  startup_stm32f10x_hd.o(.text)
    DMA2_Channel2_IRQHandler                 0x0800015f   Thumb Code     0  startup_stm32f10x_hd.o(.text)
    DMA2_Channel3_IRQHandler                 0x0800015f   Thumb Code     0  startup_stm32f10x_hd.o(.text)
    DMA2_Channel4_5_IRQHandler               0x0800015f   Thumb Code     0  startup_stm32f10x_hd.o(.text)
    EXTI0_IRQHandler                         0x0800015f   Thumb Code     0  startup_stm32f10x_hd.o(.text)
    EXTI1_IRQHandler                         0x0800015f   Thumb Code     0  startup_stm32f10x_hd.o(.text)
    EXTI2_IRQHandler                         0x0800015f   Thumb Code     0  startup_stm32f10x_hd.o(.text)
    EXTI3_IRQHandler                         0x0800015f   Thumb Code     0  startup_stm32f10x_hd.o(.text)
    EXTI4_IRQHandler                         0x0800015f   Thumb Code     0  startup_stm32f10x_hd.o(.text)
    FLASH_IRQHandler                         0x0800015f   Thumb Code     0  startup_stm32f10x_hd.o(.text)
    FSMC_IRQHandler                          0x0800015f   Thumb Code     0  startup_stm32f10x_hd.o(.text)
    I2C1_ER_IRQHandler                       0x0800015f   Thumb Code     0  startup_stm32f10x_hd.o(.text)
    I2C1_EV_IRQHandler                       0x0800015f   Thumb Code     0  startup_stm32f10x_hd.o(.text)
    I2C2_ER_IRQHandler                       0x0800015f   Thumb Code     0  startup_stm32f10x_hd.o(.text)
    I2C2_EV_IRQHandler                       0x0800015f   Thumb Code     0  startup_stm32f10x_hd.o(.text)
    PVD_IRQHandler                           0x0800015f   Thumb Code     0  startup_stm32f10x_hd.o(.text)
    RCC_IRQHandler                           0x0800015f   Thumb Code     0  startup_stm32f10x_hd.o(.text)
    RTCAlarm_IRQHandler                      0x0800015f   Thumb Code     0  startup_stm32f10x_hd.o(.text)
    SDIO_IRQHandler                          0x0800015f   Thumb Code     0  startup_stm32f10x_hd.o(.text)
    SPI1_IRQHandler                          0x0800015f   Thumb Code     0  startup_stm32f10x_hd.o(.text)
    SPI2_IRQHandler                          0x0800015f   Thumb Code     0  startup_stm32f10x_hd.o(.text)
    SPI3_IRQHandler                          0x0800015f   Thumb Code     0  startup_stm32f10x_hd.o(.text)
    TAMPER_IRQHandler                        0x0800015f   Thumb Code     0  startup_stm32f10x_hd.o(.text)
    TIM1_BRK_IRQHandler                      0x0800015f   Thumb Code     0  startup_stm32f10x_hd.o(.text)
    TIM1_CC_IRQHandler                       0x0800015f   Thumb Code     0  startup_stm32f10x_hd.o(.text)
    TIM1_TRG_COM_IRQHandler                  0x0800015f   Thumb Code     0  startup_stm32f10x_hd.o(.text)
    TIM1_UP_IRQHandler                       0x0800015f   Thumb Code     0  startup_stm32f10x_hd.o(.text)
    TIM3_IRQHandler                          0x0800015f   Thumb Code     0  startup_stm32f10x_hd.o(.text)
    TIM5_IRQHandler                          0x0800015f   Thumb Code     0  startup_stm32f10x_hd.o(.text)
    TIM7_IRQHandler                          0x0800015f   Thumb Code     0  startup_stm32f10x_hd.o(.text)
    TIM8_BRK_IRQHandler                      0x0800015f   Thumb Code     0  startup_stm32f10x_hd.o(.text)
    TIM8_CC_IRQHandler                       0x0800015f   Thumb Code     0  startup_stm32f10x_hd.o(.text)
    TIM8_TRG_COM_IRQHandler                  0x0800015f   Thumb Code     0  startup_stm32f10x_hd.o(.text)
    TIM8_UP_IRQHandler                       0x0800015f   Thumb Code     0  startup_stm32f10x_hd.o(.text)
    UART5_IRQHandler                         0x0800015f   Thumb Code     0  startup_stm32f10x_hd.o(.text)
    USBWakeUp_IRQHandler                     0x0800015f   Thumb Code     0  startup_stm32f10x_hd.o(.text)
    USB_HP_CAN1_TX_IRQHandler                0x0800015f   Thumb Code     0  startup_stm32f10x_hd.o(.text)
    USB_LP_CAN1_RX0_IRQHandler               0x0800015f   Thumb Code     0  startup_stm32f10x_hd.o(.text)
    WWDG_IRQHandler                          0x0800015f   Thumb Code     0  startup_stm32f10x_hd.o(.text)
    __aeabi_memcpy                           0x08000169   Thumb Code    36  memcpya.o(.text)
    __aeabi_memcpy4                          0x08000169   Thumb Code     0  memcpya.o(.text)
    __aeabi_memcpy8                          0x08000169   Thumb Code     0  memcpya.o(.text)
    __aeabi_memset                           0x0800018d   Thumb Code    14  memseta.o(.text)
    __aeabi_memset4                          0x0800018d   Thumb Code     0  memseta.o(.text)
    __aeabi_memset8                          0x0800018d   Thumb Code     0  memseta.o(.text)
    __aeabi_memclr                           0x0800019b   Thumb Code     4  memseta.o(.text)
    __aeabi_memclr4                          0x0800019b   Thumb Code     0  memseta.o(.text)
    __aeabi_memclr8                          0x0800019b   Thumb Code     0  memseta.o(.text)
    _memset$wrapper                          0x0800019f   Thumb Code    18  memseta.o(.text)
    strcat                                   0x080001b1   Thumb Code    24  strcat.o(.text)
    strstr                                   0x080001c9   Thumb Code    36  strstr.o(.text)
    strlen                                   0x080001ed   Thumb Code    14  strlen.o(.text)
    memcmp                                   0x080001fb   Thumb Code    26  memcmp.o(.text)
    calloc                                   0x08000215   Thumb Code    28  calloc.o(.text)
    __aeabi_uldivmod                         0x08000231   Thumb Code    98  uldiv.o(.text)
    __scatterload                            0x08000295   Thumb Code    28  init.o(.text)
    __scatterload_rt2                        0x08000295   Thumb Code     0  init.o(.text)
    __aeabi_llsl                             0x080002b9   Thumb Code    30  llshl.o(.text)
    _ll_shift_l                              0x080002b9   Thumb Code     0  llshl.o(.text)
    __aeabi_llsr                             0x080002d7   Thumb Code    32  llushr.o(.text)
    _ll_ushift_r                             0x080002d7   Thumb Code     0  llushr.o(.text)
    __decompress                             0x080002f7   Thumb Code     0  __dczerorl2.o(.text)
    __decompress1                            0x080002f7   Thumb Code    86  __dczerorl2.o(.text)
    ADC1_2_IRQHandler                        0x0800034d   Thumb Code    32  adc.o(i.ADC1_2_IRQHandler)
    ADC1_GPIO_Configuration                  0x0800037d   Thumb Code    24  adc.o(i.ADC1_GPIO_Configuration)
    ADC1_NVIC_Configuration                  0x08000399   Thumb Code    32  adc.o(i.ADC1_NVIC_Configuration)
    ADC1_RCC_Configuration                   0x080003b9   Thumb Code    32  adc.o(i.ADC1_RCC_Configuration)
    ADC1_init                                0x080003d9   Thumb Code   254  adc.o(i.ADC1_init)
    ADC_ClearITPendingBit                    0x080004e9   Thumb Code     8  stm32f10x_adc.o(i.ADC_ClearITPendingBit)
    ADC_Cmd                                  0x080004f1   Thumb Code    20  stm32f10x_adc.o(i.ADC_Cmd)
    ADC_DMACmd                               0x08000505   Thumb Code    20  stm32f10x_adc.o(i.ADC_DMACmd)
    ADC_GetCalibrationStatus                 0x08000519   Thumb Code    14  stm32f10x_adc.o(i.ADC_GetCalibrationStatus)
    ADC_GetConversionValue                   0x08000527   Thumb Code     6  stm32f10x_adc.o(i.ADC_GetConversionValue)
    ADC_GetResetCalibrationStatus            0x0800052d   Thumb Code    14  stm32f10x_adc.o(i.ADC_GetResetCalibrationStatus)
    ADC_Init                                 0x0800053d   Thumb Code    62  stm32f10x_adc.o(i.ADC_Init)
    ADC_RegularChannelConfig                 0x08000585   Thumb Code   116  stm32f10x_adc.o(i.ADC_RegularChannelConfig)
    ADC_ResetCalibration                     0x080005f9   Thumb Code    10  stm32f10x_adc.o(i.ADC_ResetCalibration)
    ADC_SoftwareStartConvCmd                 0x08000603   Thumb Code    20  stm32f10x_adc.o(i.ADC_SoftwareStartConvCmd)
    ADC_StartCalibration                     0x08000617   Thumb Code    10  stm32f10x_adc.o(i.ADC_StartCalibration)
    BKP_DeInit                               0x08000621   Thumb Code    18  stm32f10x_bkp.o(i.BKP_DeInit)
    BKP_ReadBackupRegister                   0x08000635   Thumb Code    12  stm32f10x_bkp.o(i.BKP_ReadBackupRegister)
    BKP_WriteBackupRegister                  0x08000645   Thumb Code    12  stm32f10x_bkp.o(i.BKP_WriteBackupRegister)
    BusFault_Handler                         0x08000655   Thumb Code     8  stm32f10x_it.o(i.BusFault_Handler)
    ClrAtRxBuf                               0x08000671   Thumb Code    22  hal_wifitocloud.o(i.ClrAtRxBuf)
    ConnectToServer                          0x08000695   Thumb Code   174  wifitocloud.o(i.ConnectToServer)
    DMA1_Channel1_IRQHandler                 0x080007a9   Thumb Code    16  adc.o(i.DMA1_Channel1_IRQHandler)
    DMA1_Channel6_IRQHandler                 0x080007b9   Thumb Code    90  eeprom.o(i.DMA1_Channel6_IRQHandler)
    DMA1_Channel7_IRQHandler                 0x08000825   Thumb Code    48  eeprom.o(i.DMA1_Channel7_IRQHandler)
    DMA_ClearFlag                            0x08000861   Thumb Code    16  stm32f10x_dma.o(i.DMA_ClearFlag)
    DMA_ClearITPendingBit                    0x08000879   Thumb Code    16  stm32f10x_dma.o(i.DMA_ClearITPendingBit)
    DMA_Cmd                                  0x08000891   Thumb Code    22  stm32f10x_dma.o(i.DMA_Cmd)
    DMA_DeInit                               0x080008a9   Thumb Code   218  stm32f10x_dma.o(i.DMA_DeInit)
    DMA_GetFlagStatus                        0x0800098d   Thumb Code    24  stm32f10x_dma.o(i.DMA_GetFlagStatus)
    DMA_ITConfig                             0x080009ad   Thumb Code    16  stm32f10x_dma.o(i.DMA_ITConfig)
    DMA_Init                                 0x080009bd   Thumb Code    58  stm32f10x_dma.o(i.DMA_Init)
    Data_Processing                          0x080009f9   Thumb Code    70  lf125k.o(i.Data_Processing)
    DebugMon_Handler                         0x08000a51   Thumb Code     2  stm32f10x_it.o(i.DebugMon_Handler)
    ESP8266_GetIpData                        0x08000a55   Thumb Code    78  wifitocloud.o(i.ESP8266_GetIpData)
    ESP8266_IpSend                           0x08000ad9   Thumb Code   116  wifitocloud.o(i.ESP8266_IpSend)
    ESP8266_IpStart                          0x08000b6d   Thumb Code    76  wifitocloud.o(i.ESP8266_IpStart)
    ESP8266_SendSensor                       0x08000bdd   Thumb Code    88  wifitocloud.o(i.ESP8266_SendSensor)
    ESP8266_SetAP                            0x08000c81   Thumb Code    76  wifitocloud.o(i.ESP8266_SetAP)
    ESP8266_SetStation                       0x08000ced   Thumb Code    40  wifitocloud.o(i.ESP8266_SetStation)
    EXTI15_10_IRQHandler                     0x08000d2d   Thumb Code    46  stm32f10x_it.o(i.EXTI15_10_IRQHandler)
    EXTI9_5_IRQHandler                       0x08000d5b   Thumb Code    28  stm32f10x_it.o(i.EXTI9_5_IRQHandler)
    EXTI_ClearITPendingBit                   0x08000d79   Thumb Code     6  stm32f10x_exti.o(i.EXTI_ClearITPendingBit)
    EXTI_GetITStatus                         0x08000d85   Thumb Code    28  stm32f10x_exti.o(i.EXTI_GetITStatus)
    FLASH_ClearFlag                          0x08000da5   Thumb Code     6  stm32f10x_flash.o(i.FLASH_ClearFlag)
    FLASH_ErasePage                          0x08000db1   Thumb Code    56  stm32f10x_flash.o(i.FLASH_ErasePage)
    FLASH_GetBank1Status                     0x08000ded   Thumb Code    34  stm32f10x_flash.o(i.FLASH_GetBank1Status)
    FLASH_Lock                               0x08000e15   Thumb Code    12  stm32f10x_flash.o(i.FLASH_Lock)
    FLASH_ProgramWord                        0x08000e25   Thumb Code    76  stm32f10x_flash.o(i.FLASH_ProgramWord)
    FLASH_Unlock                             0x08000e75   Thumb Code    12  stm32f10x_flash.o(i.FLASH_Unlock)
    FLASH_WaitForLastOperation               0x08000e8d   Thumb Code    36  stm32f10x_flash.o(i.FLASH_WaitForLastOperation)
    GPIO_Init                                0x08000eb1   Thumb Code   162  stm32f10x_gpio.o(i.GPIO_Init)
    GPIO_LF125K_configuration                0x08000f55   Thumb Code    58  lf125k.o(i.GPIO_LF125K_configuration)
    GPIO_ReadInputData                       0x08000f95   Thumb Code     6  stm32f10x_gpio.o(i.GPIO_ReadInputData)
    GPIO_ReadInputDataBit                    0x08000f9b   Thumb Code    14  stm32f10x_gpio.o(i.GPIO_ReadInputDataBit)
    GPIO_ResetBits                           0x08000fa9   Thumb Code     4  stm32f10x_gpio.o(i.GPIO_ResetBits)
    GPIO_SetBits                             0x08000fad   Thumb Code     4  stm32f10x_gpio.o(i.GPIO_SetBits)
    GPIO_Write                               0x08000fb1   Thumb Code     4  stm32f10x_gpio.o(i.GPIO_Write)
    GPIO_WriteBit                            0x08000fb5   Thumb Code    10  stm32f10x_gpio.o(i.GPIO_WriteBit)
    GPIO_read_lf125k_data                    0x08000fc1   Thumb Code     8  lf125k.o(i.GPIO_read_lf125k_data)
    GPIO_set_lf125k_clk                      0x08000fcd   Thumb Code    18  lf125k.o(i.GPIO_set_lf125k_clk)
    HardFault_Handler                        0x08000fe5   Thumb Code    26  stm32f10x_it.o(i.HardFault_Handler)
    I2C_Cmd                                  0x0800101d   Thumb Code    20  stm32f10x_i2c.o(i.I2C_Cmd)
    I2C_DMACmd                               0x08001031   Thumb Code    20  stm32f10x_i2c.o(i.I2C_DMACmd)
    I2C_GenerateSTOP                         0x08001045   Thumb Code    20  stm32f10x_i2c.o(i.I2C_GenerateSTOP)
    I2C_GetFlagStatus                        0x08001059   Thumb Code    42  stm32f10x_i2c.o(i.I2C_GetFlagStatus)
    I2C_Init                                 0x08001085   Thumb Code   178  stm32f10x_i2c.o(i.I2C_Init)
    LF125K_init                              0x08001141   Thumb Code    16  lf125k.o(i.LF125K_init)
    LF125K_read_1_page                       0x08001151   Thumb Code    68  lf125k.o(i.LF125K_read_1_page)
    MY_NVIC_Init                             0x08001195   Thumb Code    40  sys.o(i.MY_NVIC_Init)
    MemManage_Handler                        0x080011bd   Thumb Code     8  stm32f10x_it.o(i.MemManage_Handler)
    My_InitTask                              0x080011d9   Thumb Code    66  my_inittask.o(i.My_InitTask)
    NMI_Handler                              0x08001225   Thumb Code     2  stm32f10x_it.o(i.NMI_Handler)
    NVIC_Init                                0x08001229   Thumb Code    94  misc.o(i.NVIC_Init)
    NVIC_PriorityGroupConfig                 0x0800128d   Thumb Code    10  misc.o(i.NVIC_PriorityGroupConfig)
    PWR_BackupAccessCmd                      0x080012a1   Thumb Code     6  stm32f10x_pwr.o(i.PWR_BackupAccessCmd)
    PendSV_Handler                           0x080012ad   Thumb Code     2  stm32f10x_it.o(i.PendSV_Handler)
    RCC_ADCCLKConfig                         0x080012b1   Thumb Code    14  stm32f10x_rcc.o(i.RCC_ADCCLKConfig)
    RCC_AHBPeriphClockCmd                    0x080012c5   Thumb Code    18  stm32f10x_rcc.o(i.RCC_AHBPeriphClockCmd)
    RCC_APB1PeriphClockCmd                   0x080012dd   Thumb Code    18  stm32f10x_rcc.o(i.RCC_APB1PeriphClockCmd)
    RCC_APB1PeriphResetCmd                   0x080012f5   Thumb Code    18  stm32f10x_rcc.o(i.RCC_APB1PeriphResetCmd)
    RCC_APB2PeriphClockCmd                   0x0800130d   Thumb Code    18  stm32f10x_rcc.o(i.RCC_APB2PeriphClockCmd)
    RCC_APB2PeriphResetCmd                   0x08001325   Thumb Code    18  stm32f10x_rcc.o(i.RCC_APB2PeriphResetCmd)
    RCC_BackupResetCmd                       0x0800133d   Thumb Code     6  stm32f10x_rcc.o(i.RCC_BackupResetCmd)
    RCC_ClearFlag                            0x08001349   Thumb Code    12  stm32f10x_rcc.o(i.RCC_ClearFlag)
    RCC_GetClocksFreq                        0x08001359   Thumb Code   128  stm32f10x_rcc.o(i.RCC_GetClocksFreq)
    RCC_GetFlagStatus                        0x080013e9   Thumb Code    44  stm32f10x_rcc.o(i.RCC_GetFlagStatus)
    RCC_LSEConfig                            0x08001419   Thumb Code    28  stm32f10x_rcc.o(i.RCC_LSEConfig)
    RCC_RTCCLKCmd                            0x08001439   Thumb Code     6  stm32f10x_rcc.o(i.RCC_RTCCLKCmd)
    RCC_RTCCLKConfig                         0x08001445   Thumb Code    10  stm32f10x_rcc.o(i.RCC_RTCCLKConfig)
    REM_Processing                           0x08001455   Thumb Code   248  lf125k.o(i.REM_Processing)
    RTC_ClearITPendingBit                    0x08001561   Thumb Code    10  stm32f10x_rtc.o(i.RTC_ClearITPendingBit)
    RTC_Configuration                        0x08001571   Thumb Code    88  rtc.o(i.RTC_Configuration)
    RTC_EnterConfigMode                      0x080015c9   Thumb Code    12  stm32f10x_rtc.o(i.RTC_EnterConfigMode)
    RTC_ExitConfigMode                       0x080015d9   Thumb Code    12  stm32f10x_rtc.o(i.RTC_ExitConfigMode)
    RTC_GetCounter                           0x080015e9   Thumb Code    16  stm32f10x_rtc.o(i.RTC_GetCounter)
    RTC_GetITStatus                          0x080015fd   Thumb Code    28  stm32f10x_rtc.o(i.RTC_GetITStatus)
    RTC_IRQHandler                           0x0800161d   Thumb Code    58  rtc.o(i.RTC_IRQHandler)
    RTC_ITConfig                             0x08001661   Thumb Code    18  stm32f10x_rtc.o(i.RTC_ITConfig)
    RTC_NVIC_Configuration                   0x08001679   Thumb Code    34  rtc.o(i.RTC_NVIC_Configuration)
    RTC_SetCounter                           0x0800169d   Thumb Code    26  stm32f10x_rtc.o(i.RTC_SetCounter)
    RTC_SetPrescaler                         0x080016bd   Thumb Code    28  stm32f10x_rtc.o(i.RTC_SetPrescaler)
    RTC_WaitForLastTask                      0x080016dd   Thumb Code    10  stm32f10x_rtc.o(i.RTC_WaitForLastTask)
    RTC_WaitForSynchro                       0x080016ed   Thumb Code    18  stm32f10x_rtc.o(i.RTC_WaitForSynchro)
    SVC_Handler                              0x08001705   Thumb Code     2  stm32f10x_it.o(i.SVC_Handler)
    SYSTICK_ClearSystickVal                  0x08001707   Thumb Code    10  systick.o(i.SYSTICK_ClearSystickVal)
    SYSTICK_Configuration                    0x08001711   Thumb Code    30  systick.o(i.SYSTICK_Configuration)
    SYSTICK_Delay10ms                        0x08001739   Thumb Code    22  systick.o(i.SYSTICK_Delay10ms)
    SYSTICK_GetVal                           0x08001755   Thumb Code     8  systick.o(i.SYSTICK_GetVal)
    SYSTICK_NVIC_Configuration               0x0800175d   Thumb Code    34  systick.o(i.SYSTICK_NVIC_Configuration)
    SYSTICK_init                             0x0800177f   Thumb Code    14  systick.o(i.SYSTICK_init)
    SendAtCmd                                0x0800178d   Thumb Code    18  hal_wifitocloud.o(i.SendAtCmd)
    SendStrLen                               0x080017a5   Thumb Code     4  hal_wifitocloud.o(i.SendStrLen)
    SysTick_CLKSourceConfig                  0x08001851   Thumb Code    24  misc.o(i.SysTick_CLKSourceConfig)
    SysTick_Handler                          0x08001869   Thumb Code    10  systick.o(i.SysTick_Handler)
    SystemInit                               0x08001879   Thumb Code    64  system_stm32f10x.o(i.SystemInit)
    TIM1_GPIO_Configuration                  0x080019b1   Thumb Code    32  buzzer.o(i.TIM1_GPIO_Configuration)
    TIM2_IRQHandler                          0x080019d5   Thumb Code   258  hal_timer2.o(i.TIM2_IRQHandler)
    TIM2_Init                                0x08001af9   Thumb Code   204  hal_timer2.o(i.TIM2_Init)
    TIM4_IRQHandler                          0x08001bd5   Thumb Code   148  ultrasonic.o(i.TIM4_IRQHandler)
    TIM4_ch3_start_capture_Falling           0x08001c79   Thumb Code    54  ultrasonic.o(i.TIM4_ch3_start_capture_Falling)
    TIM4_ch3_start_capture_Rising            0x08001cb9   Thumb Code    52  ultrasonic.o(i.TIM4_ch3_start_capture_Rising)
    TIM6_IRQHandler                          0x08001cf5   Thumb Code    56  buzzer.o(i.TIM6_IRQHandler)
    TIM_ARRPreloadConfig                     0x08001dc5   Thumb Code    20  stm32f10x_tim.o(i.TIM_ARRPreloadConfig)
    TIM_ClearFlag                            0x08001dd9   Thumb Code     6  stm32f10x_tim.o(i.TIM_ClearFlag)
    TIM_ClearITPendingBit                    0x08001ddf   Thumb Code     6  stm32f10x_tim.o(i.TIM_ClearITPendingBit)
    TIM_Cmd                                  0x08001de5   Thumb Code    20  stm32f10x_tim.o(i.TIM_Cmd)
    TIM_DeInit                               0x08001df9   Thumb Code   304  stm32f10x_tim.o(i.TIM_DeInit)
    TIM_GetCapture1                          0x08001f69   Thumb Code     4  stm32f10x_tim.o(i.TIM_GetCapture1)
    TIM_GetCapture2                          0x08001f6d   Thumb Code     4  stm32f10x_tim.o(i.TIM_GetCapture2)
    TIM_GetCapture3                          0x08001f71   Thumb Code     4  stm32f10x_tim.o(i.TIM_GetCapture3)
    TIM_GetCapture4                          0x08001f75   Thumb Code     6  stm32f10x_tim.o(i.TIM_GetCapture4)
    TIM_GetITStatus                          0x08001f7b   Thumb Code    24  stm32f10x_tim.o(i.TIM_GetITStatus)
    TIM_ICInit                               0x08001f95   Thumb Code   280  stm32f10x_tim.o(i.TIM_ICInit)
    TIM_ITConfig                             0x080020c1   Thumb Code    16  stm32f10x_tim.o(i.TIM_ITConfig)
    TIM_OC1Init                              0x080020d1   Thumb Code   106  stm32f10x_tim.o(i.TIM_OC1Init)
    TIM_OC1PreloadConfig                     0x08002151   Thumb Code    12  stm32f10x_tim.o(i.TIM_OC1PreloadConfig)
    TIM_OC2Init                              0x0800215d   Thumb Code   120  stm32f10x_tim.o(i.TIM_OC2Init)
    TIM_OC2PreloadConfig                     0x080021dd   Thumb Code    20  stm32f10x_tim.o(i.TIM_OC2PreloadConfig)
    TIM_OC3Init                              0x080021f1   Thumb Code   116  stm32f10x_tim.o(i.TIM_OC3Init)
    TIM_OC3PreloadConfig                     0x0800226d   Thumb Code    12  stm32f10x_tim.o(i.TIM_OC3PreloadConfig)
    TIM_OC4Init                              0x08002279   Thumb Code    90  stm32f10x_tim.o(i.TIM_OC4Init)
    TIM_OC4PreloadConfig                     0x080022dd   Thumb Code    20  stm32f10x_tim.o(i.TIM_OC4PreloadConfig)
    TIM_PrescalerConfig                      0x080022f1   Thumb Code     6  stm32f10x_tim.o(i.TIM_PrescalerConfig)
    TIM_SetCompare1                          0x080022f7   Thumb Code     4  stm32f10x_tim.o(i.TIM_SetCompare1)
    TIM_SetCompare2                          0x080022fb   Thumb Code     4  stm32f10x_tim.o(i.TIM_SetCompare2)
    TIM_SetCompare3                          0x080022ff   Thumb Code     4  stm32f10x_tim.o(i.TIM_SetCompare3)
    TIM_SetCompare4                          0x08002303   Thumb Code     6  stm32f10x_tim.o(i.TIM_SetCompare4)
    TIM_SetIC1Prescaler                      0x08002309   Thumb Code    16  stm32f10x_tim.o(i.TIM_SetIC1Prescaler)
    TIM_SetIC2Prescaler                      0x08002319   Thumb Code    24  stm32f10x_tim.o(i.TIM_SetIC2Prescaler)
    TIM_SetIC3Prescaler                      0x08002331   Thumb Code    16  stm32f10x_tim.o(i.TIM_SetIC3Prescaler)
    TIM_SetIC4Prescaler                      0x08002341   Thumb Code    24  stm32f10x_tim.o(i.TIM_SetIC4Prescaler)
    TIM_TimeBaseInit                         0x08002359   Thumb Code   114  stm32f10x_tim.o(i.TIM_TimeBaseInit)
    Time_Adjust                              0x080023f5   Thumb Code    56  rtc.o(i.Time_Adjust)
    UART4_IRQHandler                         0x0800242d   Thumb Code    54  hal_uart4.o(i.UART4_IRQHandler)
    UART4_Init                               0x08002471   Thumb Code   170  hal_uart4.o(i.UART4_Init)
    UART4_SendData                           0x08002525   Thumb Code    14  hal_uart4.o(i.UART4_SendData)
    UART4_SendStrlen                         0x08002539   Thumb Code    24  hal_uart4.o(i.UART4_SendStrlen)
    USART1_Configuration                     0x08002551   Thumb Code   142  usart.o(i.USART1_Configuration)
    USART1_IRQHandler                        0x080025e9   Thumb Code    30  usart.o(i.USART1_IRQHandler)
    USART1_NVIC_Configuration                0x0800260d   Thumb Code    32  usart.o(i.USART1_NVIC_Configuration)
    USART1_init                              0x0800262d   Thumb Code    14  usart.o(i.USART1_init)
    USART2_IRQHandler                        0x0800263d   Thumb Code    30  stm32f10x_it.o(i.USART2_IRQHandler)
    USART3_IRQHandler                        0x08002661   Thumb Code    30  stm32f10x_it.o(i.USART3_IRQHandler)
    USART_ClearFlag                          0x08002685   Thumb Code     6  stm32f10x_usart.o(i.USART_ClearFlag)
    USART_Cmd                                0x0800268b   Thumb Code    20  stm32f10x_usart.o(i.USART_Cmd)
    USART_DeInit                             0x080026a1   Thumb Code    96  stm32f10x_usart.o(i.USART_DeInit)
    USART_GetFlagStatus                      0x08002715   Thumb Code    14  stm32f10x_usart.o(i.USART_GetFlagStatus)
    USART_GetITStatus                        0x08002723   Thumb Code    62  stm32f10x_usart.o(i.USART_GetITStatus)
    USART_ITConfig                           0x08002761   Thumb Code    48  stm32f10x_usart.o(i.USART_ITConfig)
    USART_Init                               0x08002791   Thumb Code   166  stm32f10x_usart.o(i.USART_Init)
    USART_ReceiveData                        0x0800283d   Thumb Code     8  stm32f10x_usart.o(i.USART_ReceiveData)
    USART_SendData                           0x08002845   Thumb Code     8  stm32f10x_usart.o(i.USART_SendData)
    USER_DataAnalysisProcess                 0x0800284d   Thumb Code   302  main.o(i.USER_DataAnalysisProcess)
    USER_GetJsonValue                        0x08002a99   Thumb Code    94  main.o(i.USER_GetJsonValue)
    UsageFault_Handler                       0x08002b05   Thumb Code     8  stm32f10x_it.o(i.UsageFault_Handler)
    __0printf$8                              0x08002b21   Thumb Code    22  printf8.o(i.__0printf$8)
    __1printf$8                              0x08002b21   Thumb Code     0  printf8.o(i.__0printf$8)
    __2printf                                0x08002b21   Thumb Code     0  printf8.o(i.__0printf$8)
    __0sprintf$8                             0x08002b41   Thumb Code    34  printf8.o(i.__0sprintf$8)
    __1sprintf$8                             0x08002b41   Thumb Code     0  printf8.o(i.__0sprintf$8)
    __2sprintf                               0x08002b41   Thumb Code     0  printf8.o(i.__0sprintf$8)
    __scatterload_copy                       0x08002b69   Thumb Code    14  handlers.o(i.__scatterload_copy)
    __scatterload_null                       0x08002b77   Thumb Code     2  handlers.o(i.__scatterload_null)
    __scatterload_zeroinit                   0x08002b79   Thumb Code    14  handlers.o(i.__scatterload_zeroinit)
    adc_update_notify                        0x08002ff5   Thumb Code     6  my_inittask.o(i.adc_update_notify)
    bsp_flash_erase                          0x08003001   Thumb Code    68  bsp_flash.o(i.bsp_flash_erase)
    bsp_flash_read                           0x08003049   Thumb Code    18  bsp_flash.o(i.bsp_flash_read)
    bsp_flash_write                          0x0800305b   Thumb Code    78  bsp_flash.o(i.bsp_flash_write)
    buzzerClose                              0x080030a9   Thumb Code     2  buzzer.o(i.buzzerClose)
    buzzerInit                               0x080030ab   Thumb Code    14  buzzer.o(i.buzzerInit)
    buzzerOpen                               0x080030b9   Thumb Code     2  buzzer.o(i.buzzerOpen)
    clear_PwdCache                           0x080030bd   Thumb Code    20  app_pwd.o(i.clear_PwdCache)
    delay_ms                                 0x080030d5   Thumb Code    30  systick.o(i.delay_ms)
    delay_us                                 0x080030f3   Thumb Code    26  systick.o(i.delay_us)
    delete_IdCardPwd                         0x0800310d   Thumb Code    76  app_pwd.o(i.delete_IdCardPwd)
    doorInit                                 0x08003161   Thumb Code    38  door.o(i.doorInit)
    doorOpen                                 0x0800318d   Thumb Code    40  door.o(i.doorOpen)
    fputc                                    0x080031bd   Thumb Code    30  usart.o(i.fputc)
    free                                     0x080031e1   Thumb Code    76  malloc.o(i.free)
    get_ADC1_result                          0x08003231   Thumb Code    22  adc.o(i.get_ADC1_result)
    get_kbd_fifo                             0x0800324d   Thumb Code    52  keyboard_drv.o(i.get_kbd_fifo)
    init_kbd_GPIO                            0x08003285   Thumb Code    84  keyboard_drv.o(i.init_kbd_GPIO)
    irAlert                                  0x080032e1   Thumb Code    32  ir_alert.o(i.irAlert)
    irInit                                   0x08003305   Thumb Code    40  ir_alert.o(i.irInit)
    isDoorOpen                               0x08003331   Thumb Code     6  door.o(i.isDoorOpen)
    isRight_Pwd_Digit                        0x0800333d   Thumb Code    50  app_pwd.o(i.isRight_Pwd_Digit)
    isRight_Pwd_IdCard                       0x08003375   Thumb Code    46  app_pwd.o(i.isRight_Pwd_IdCard)
    is_MEMS_threshold_exceed                 0x080033a9   Thumb Code    74  adc.o(i.is_MEMS_threshold_exceed)
    is_kbd_fifo_empt                         0x080033fd   Thumb Code    22  keyboard_drv.o(i.is_kbd_fifo_empt)
    kbd_init                                 0x08003419   Thumb Code    54  keyboard_drv.o(i.kbd_init)
    kbd_scan                                 0x08003455   Thumb Code   366  keyboard_drv.o(i.kbd_scan)
    lcd_clr                                  0x080035d5   Thumb Code    66  lcd12864.o(i.lcd_clr)
    lcd_clr_row                              0x08003617   Thumb Code   118  lcd12864.o(i.lcd_clr_row)
    lcd_disp_full_img                        0x0800368d   Thumb Code    68  lcd12864.o(i.lcd_disp_full_img)
    lcd_gpio_init                            0x080036d1   Thumb Code    88  lcd12864.o(i.lcd_gpio_init)
    lcd_init                                 0x08003731   Thumb Code   100  lcd12864.o(i.lcd_init)
    lcd_set_dsp_position                     0x0800379d   Thumb Code    54  lcd12864.o(i.lcd_set_dsp_position)
    lcd_write                                0x080037d5   Thumb Code   192  lcd12864.o(i.lcd_write)
    lcd_write_cmd                            0x080038b9   Thumb Code   164  lcd12864.o(i.lcd_write_cmd)
    lcd_write_data                           0x08003981   Thumb Code   156  lcd12864.o(i.lcd_write_data)
    lightClose                               0x08003a41   Thumb Code    12  main.o(i.lightClose)
    lightInit                                0x08003a51   Thumb Code    40  main.o(i.lightInit)
    lightOpen                                0x08003a7d   Thumb Code    10  main.o(i.lightOpen)
    main                                     0x08003a8d   Thumb Code   450  main.o(i.main)
    malloc                                   0x08003d69   Thumb Code    92  malloc.o(i.malloc)
    menuAddDigitPwd_Handle                   0x08003dd5   Thumb Code   562  main.o(i.menuAddDigitPwd_Handle)
    menuAlertClear_Handle                    0x0800407d   Thumb Code   564  main.o(i.menuAlertClear_Handle)
    menuIdCardPwd_Handle                     0x08004311   Thumb Code   796  main.o(i.menuIdCardPwd_Handle)
    menuIdle_Handle                          0x080046dd   Thumb Code   776  main.o(i.menuIdle_Handle)
    menuMEMS_Handle                          0x08004a61   Thumb Code   810  main.o(i.menuMEMS_Handle)
    param_Init                               0x08004e11   Thumb Code   248  app_pwd.o(i.param_Init)
    put_kbd_fifo                             0x08004f55   Thumb Code    36  keyboard_drv.o(i.put_kbd_fifo)
    read_DigitPwd                            0x08004f7d   Thumb Code   124  app_pwd.o(i.read_DigitPwd)
    read_IdCardPwd                           0x08005049   Thumb Code    36  app_pwd.o(i.read_IdCardPwd)
    read_MEMSData                            0x0800507d   Thumb Code    38  app_pwd.o(i.read_MEMSData)
    rtc_init                                 0x080050b1   Thumb Code   116  rtc.o(i.rtc_init)
    rtc_update_notify                        0x080051c1   Thumb Code    12  my_inittask.o(i.rtc_update_notify)
    sEE_Init                                 0x080051d5   Thumb Code    76  eeprom.o(i.sEE_Init)
    sEE_LowLevel_Init                        0x0800522d   Thumb Code   208  eeprom.o(i.sEE_LowLevel_Init)
    save_DigitPwd                            0x0800530d   Thumb Code   114  app_pwd.o(i.save_DigitPwd)
    save_IdCardPwd                           0x08005391   Thumb Code   108  app_pwd.o(i.save_IdCardPwd)
    save_MEMSData                            0x0800540d   Thumb Code    50  app_pwd.o(i.save_MEMSData)
    set_ADC1_update_flag                     0x0800544d   Thumb Code   158  adc.o(i.set_ADC1_update_flag)
    set_MEMS_static_ADC_value                0x080054f5   Thumb Code    10  adc.o(i.set_MEMS_static_ADC_value)
    set_lcd_data_gpio_to_output              0x08005505   Thumb Code    40  lcd12864.o(i.set_lcd_data_gpio_to_output)
    show_logo                                0x08005531   Thumb Code    24  lcd12864.o(i.show_logo)
    start_ADC1                               0x0800554d   Thumb Code    28  adc.o(i.start_ADC1)
    write_od                                 0x08005571   Thumb Code    84  lf125k.o(i.write_od)
    Region$$Table$$Base                      0x080056f4   Number         0  anon$$obj.o(Region$$Table)
    Region$$Table$$Limit                     0x08005714   Number         0  anon$$obj.o(Region$$Table)
    rtc_second                               0x20000000   Data           4  main.o(.data)
    is_rtc_update                            0x20000004   Data           4  main.o(.data)
    adc_nofify_rank                          0x20000008   Data           1  main.o(.data)
    menuStatus                               0x2000000c   Data           1  main.o(.data)
    lcdRefresh                               0x2000000d   Data           1  main.o(.data)
    isAlert                                  0x2000000e   Data           1  main.o(.data)
    TimeCount                                0x20000014   Data           4  main.o(.data)
    digitPwd_offset                          0x20000018   Data           1  app_pwd.o(.data)
    curDigitPwd_offset                       0x20000019   Data           1  app_pwd.o(.data)
    idCardPwd_offset                         0x2000001a   Data           1  app_pwd.o(.data)
    curDigitPwd                              0x2000001b   Data           6  app_pwd.o(.data)
    curIdCardPwd                             0x20000021   Data           8  app_pwd.o(.data)
    memsData                                 0x2000002a   Data          12  app_pwd.o(.data)
    newLandEduLogo                           0x20000036   Data        1024  lcd12864.o(.data)
    char_code_8x16                           0x20000436   Data        1520  lcd12864.o(.data)
    kbd_columns                              0x20000a38   Data          10  keyboard_drv.o(.data)
    key_code_cnvt                            0x20000a42   Data          26  keyboard_drv.o(.data)
    MEMS_ALERT                               0x20000a5c   Data           1  adc.o(.data)
    mems_theshold_val                        0x20000a5e   Data           2  adc.o(.data)
    adc_nofify_callbk                        0x20000a60   Data           4  adc.o(.data)
    sEEDataNum                               0x20000a64   Data           1  eeprom.o(.data)
    sEEAddress                               0x20000a66   Data           2  eeprom.o(.data)
    sEETimeout                               0x20000a68   Data           4  eeprom.o(.data)
    sEEDataReadPointer                       0x20000a6c   Data           4  eeprom.o(.data)
    sEEDataWritePointer                      0x20000a70   Data           4  eeprom.o(.data)
    volue                                    0x20000a74   Data           1  lf125k.o(.data)
    tap                                      0x20000a75   Data           1  lf125k.o(.data)
    data_tap                                 0x20000a76   Data           6  lf125k.o(.data)
    IC4ReadValue1                            0x20000a7c   Data           2  ultrasonic.o(.data)
    IC4ReadValue2                            0x20000a7e   Data           2  ultrasonic.o(.data)
    CaptureNumber                            0x20000a80   Data           2  ultrasonic.o(.data)
    Capture                                  0x20000a84   Data           4  ultrasonic.o(.data)
    TIM4_ultrasonic_dist                     0x20000a88   Data           4  ultrasonic.o(.data)
    ult_cb                                   0x20000a8c   Data           4  ultrasonic.o(.data)
    rtc_cb                                   0x20000a90   Data           4  rtc.o(.data)
    jiffies                                  0x20000a98   Data           4  systick.o(.data)
    buzzer_on                                0x20000a9c   Data           1  buzzer.o(.data)
    FlagDefense                              0x20000a9e   Data           1  door.o(.data)
    FlagLockSta                              0x20000a9f   Data           1  door.o(.data)
    LockTimeCount                            0x20000aa0   Data           4  door.o(.data)
    F_UART4_RX_RECEIVING                     0x20000aa4   Data           1  hal_uart4.o(.data)
    UART4_RX_TIMEOUT_COUNT                   0x20000aa5   Data           1  hal_uart4.o(.data)
    UART4_RX_COUNT                           0x20000aa6   Data           2  hal_uart4.o(.data)
    F_UART4_RX_FINISH                        0x20000aa8   Data           1  hal_uart4.o(.data)
    capture                                  0x20000aac   Data           2  hal_timer2.o(.data)
    CCR1_Val                                 0x20000aae   Data           2  hal_timer2.o(.data)
    CCR2_Val                                 0x20000ab0   Data           2  hal_timer2.o(.data)
    CCR3_Val                                 0x20000ab2   Data           2  hal_timer2.o(.data)
    CCR4_Val                                 0x20000ab4   Data           2  hal_timer2.o(.data)
    NVIC_InitStructure                       0x20000abc   Data           4  hal_timer2.o(.data)
    FLASHStatus                              0x20000ac0   Data           1  bsp_flash.o(.data)
    test_buffer                              0x20000ac1   Data          20  bsp_flash.o(.data)
    SystemCoreClock                          0x20000ad8   Data           4  system_stm32f10x.o(.data)
    AHBPrescTable                            0x20000adc   Data          16  system_stm32f10x.o(.data)
    __stdout                                 0x20000b00   Data           4  stdout.o(.data)
    __microlib_freelist                      0x20000b04   Data           4  mvars.o(.data)
    __microlib_freelist_initialised          0x20000b08   Data           4  mvars.o(.data)
    digitPwd                                 0x20000b16   Data          30  app_pwd.o(.bss)
    idCardPwd                                0x20000b34   Data          40  app_pwd.o(.bss)
    ADC_InitStructure                        0x20000bec   Data          20  adc.o(.bss)
    DMA_InitStructure                        0x20000c00   Data          44  adc.o(.bss)
    ADCConvertedValueBuf                     0x20000c2c   Data          10  adc.o(.bss)
    ADCMltConvertedValue                     0x20000c36   Data         100  adc.o(.bss)
    ADCConvertedValue                        0x20000c9a   Data          10  adc.o(.bss)
    ADCPriorConvertedValue                   0x20000ca4   Data          10  adc.o(.bss)
    MEMS_static_ADCValue                     0x20000cae   Data          10  adc.o(.bss)
    sEEDMA_InitStructure                     0x20000cb8   Data          44  eeprom.o(.bss)
    TIM_ICInitStructure                      0x20000ce4   Data          10  ultrasonic.o(.bss)
    UART4_RX_BUF                             0x20000cee   Data         255  hal_uart4.o(.bss)
    TIM_TimeBaseStructure                    0x20000dee   Data          10  hal_timer2.o(.bss)
    TIM_OCInitStructure                      0x20000df8   Data          16  hal_timer2.o(.bss)
    __heap_base                              0x20000e08   Data           0  startup_stm32f10x_hd.o(HEAP)
    __heap_limit                             0x20001208   Data           0  startup_stm32f10x_hd.o(HEAP)
    __initial_sp                             0x20001608   Data           0  startup_stm32f10x_hd.o(STACK)



==============================================================================

Memory Map of the image

  Image Entry point : 0x08000131

  Load Region LR_IROM1 (Base: 0x08000000, Size: 0x00006220, Max: 0x00080000, ABSOLUTE, COMPRESSED[0x00005ca0])

    Execution Region ER_IROM1 (Base: 0x08000000, Size: 0x00005714, Max: 0x00080000, ABSOLUTE)

    Base Addr    Size         Type   Attr      Idx    E Section Name        Object

    0x08000000   0x00000130   Data   RO          608    RESET               startup_stm32f10x_hd.o
    0x08000130   0x00000000   Code   RO          637  * .ARM.Collect$$$$00000000  mc_w.l(entry.o)
    0x08000130   0x00000004   Code   RO          793    .ARM.Collect$$$$00000001  mc_w.l(entry2.o)
    0x08000134   0x00000004   Code   RO          796    .ARM.Collect$$$$00000004  mc_w.l(entry5.o)
    0x08000138   0x00000000   Code   RO          798    .ARM.Collect$$$$00000008  mc_w.l(entry7b.o)
    0x08000138   0x00000000   Code   RO          800    .ARM.Collect$$$$0000000A  mc_w.l(entry8b.o)
    0x08000138   0x00000008   Code   RO          801    .ARM.Collect$$$$0000000B  mc_w.l(entry9a.o)
    0x08000140   0x00000000   Code   RO          803    .ARM.Collect$$$$0000000D  mc_w.l(entry10a.o)
    0x08000140   0x00000000   Code   RO          805    .ARM.Collect$$$$0000000F  mc_w.l(entry11a.o)
    0x08000140   0x00000004   Code   RO          794    .ARM.Collect$$$$00002712  mc_w.l(entry2.o)
    0x08000144   0x00000024   Code   RO          609    .text               startup_stm32f10x_hd.o
    0x08000168   0x00000024   Code   RO          640    .text               mc_w.l(memcpya.o)
    0x0800018c   0x00000024   Code   RO          641    .text               mc_w.l(memseta.o)
    0x080001b0   0x00000018   Code   RO          642    .text               mc_w.l(strcat.o)
    0x080001c8   0x00000024   Code   RO          643    .text               mc_w.l(strstr.o)
    0x080001ec   0x0000000e   Code   RO          644    .text               mc_w.l(strlen.o)
    0x080001fa   0x0000001a   Code   RO          645    .text               mc_w.l(memcmp.o)
    0x08000214   0x0000001c   Code   RO          792    .text               mc_w.l(calloc.o)
    0x08000230   0x00000062   Code   RO          809    .text               mc_w.l(uldiv.o)
    0x08000292   0x00000002   PAD
    0x08000294   0x00000024   Code   RO          818    .text               mc_w.l(init.o)
    0x080002b8   0x0000001e   Code   RO          819    .text               mc_w.l(llshl.o)
    0x080002d6   0x00000020   Code   RO          820    .text               mc_w.l(llushr.o)
    0x080002f6   0x00000056   Code   RO          828    .text               mc_w.l(__dczerorl2.o)
    0x0800034c   0x00000030   Code   RO           59    i.ADC1_2_IRQHandler  adc.o
    0x0800037c   0x0000001c   Code   RO           60    i.ADC1_GPIO_Configuration  adc.o
    0x08000398   0x00000020   Code   RO           61    i.ADC1_NVIC_Configuration  adc.o
    0x080003b8   0x00000020   Code   RO           62    i.ADC1_RCC_Configuration  adc.o
    0x080003d8   0x00000110   Code   RO           63    i.ADC1_init         adc.o
    0x080004e8   0x00000008   Code   RO          506    i.ADC_ClearITPendingBit  stm32f10x_adc.o
    0x080004f0   0x00000014   Code   RO          507    i.ADC_Cmd           stm32f10x_adc.o
    0x08000504   0x00000014   Code   RO          508    i.ADC_DMACmd        stm32f10x_adc.o
    0x08000518   0x0000000e   Code   RO          515    i.ADC_GetCalibrationStatus  stm32f10x_adc.o
    0x08000526   0x00000006   Code   RO          516    i.ADC_GetConversionValue  stm32f10x_adc.o
    0x0800052c   0x0000000e   Code   RO          521    i.ADC_GetResetCalibrationStatus  stm32f10x_adc.o
    0x0800053a   0x00000002   PAD
    0x0800053c   0x00000048   Code   RO          525    i.ADC_Init          stm32f10x_adc.o
    0x08000584   0x00000074   Code   RO          529    i.ADC_RegularChannelConfig  stm32f10x_adc.o
    0x080005f8   0x0000000a   Code   RO          530    i.ADC_ResetCalibration  stm32f10x_adc.o
    0x08000602   0x00000014   Code   RO          532    i.ADC_SoftwareStartConvCmd  stm32f10x_adc.o
    0x08000616   0x0000000a   Code   RO          534    i.ADC_StartCalibration  stm32f10x_adc.o
    0x08000620   0x00000012   Code   RO          586    i.BKP_DeInit        stm32f10x_bkp.o
    0x08000632   0x00000002   PAD
    0x08000634   0x00000010   Code   RO          591    i.BKP_ReadBackupRegister  stm32f10x_bkp.o
    0x08000644   0x00000010   Code   RO          595    i.BKP_WriteBackupRegister  stm32f10x_bkp.o
    0x08000654   0x0000001c   Code   RO          206    i.BusFault_Handler  stm32f10x_it.o
    0x08000670   0x00000024   Code   RO          626    i.ClrAtRxBuf        hal_wifitocloud.o
    0x08000694   0x00000114   Code   RO          629    i.ConnectToServer   wifitocloud.o
    0x080007a8   0x00000010   Code   RO           64    i.DMA1_Channel1_IRQHandler  adc.o
    0x080007b8   0x0000006c   Code   RO           75    i.DMA1_Channel6_IRQHandler  eeprom.o
    0x08000824   0x0000003c   Code   RO           76    i.DMA1_Channel7_IRQHandler  eeprom.o
    0x08000860   0x00000018   Code   RO          401    i.DMA_ClearFlag     stm32f10x_dma.o
    0x08000878   0x00000018   Code   RO          402    i.DMA_ClearITPendingBit  stm32f10x_dma.o
    0x08000890   0x00000016   Code   RO          403    i.DMA_Cmd           stm32f10x_dma.o
    0x080008a6   0x00000002   PAD
    0x080008a8   0x000000e4   Code   RO          404    i.DMA_DeInit        stm32f10x_dma.o
    0x0800098c   0x00000020   Code   RO          406    i.DMA_GetFlagStatus  stm32f10x_dma.o
    0x080009ac   0x00000010   Code   RO          408    i.DMA_ITConfig      stm32f10x_dma.o
    0x080009bc   0x0000003a   Code   RO          409    i.DMA_Init          stm32f10x_dma.o
    0x080009f6   0x00000002   PAD
    0x080009f8   0x00000058   Code   RO           92    i.Data_Processing   lf125k.o
    0x08000a50   0x00000002   Code   RO          207    i.DebugMon_Handler  stm32f10x_it.o
    0x08000a52   0x00000002   PAD
    0x08000a54   0x00000084   Code   RO          631    i.ESP8266_GetIpData  wifitocloud.o
    0x08000ad8   0x00000094   Code   RO          632    i.ESP8266_IpSend    wifitocloud.o
    0x08000b6c   0x00000070   Code   RO          633    i.ESP8266_IpStart   wifitocloud.o
    0x08000bdc   0x000000a4   Code   RO          634    i.ESP8266_SendSensor  wifitocloud.o
    0x08000c80   0x0000006c   Code   RO          635    i.ESP8266_SetAP     wifitocloud.o
    0x08000cec   0x00000040   Code   RO          636    i.ESP8266_SetStation  wifitocloud.o
    0x08000d2c   0x0000002e   Code   RO          208    i.EXTI15_10_IRQHandler  stm32f10x_it.o
    0x08000d5a   0x0000001c   Code   RO          209    i.EXTI9_5_IRQHandler  stm32f10x_it.o
    0x08000d76   0x00000002   PAD
    0x08000d78   0x0000000c   Code   RO          233    i.EXTI_ClearITPendingBit  stm32f10x_exti.o
    0x08000d84   0x00000020   Code   RO          237    i.EXTI_GetITStatus  stm32f10x_exti.o
    0x08000da4   0x0000000c   Code   RO          240    i.FLASH_ClearFlag   stm32f10x_flash.o
    0x08000db0   0x0000003c   Code   RO          245    i.FLASH_ErasePage   stm32f10x_flash.o
    0x08000dec   0x00000028   Code   RO          246    i.FLASH_GetBank1Status  stm32f10x_flash.o
    0x08000e14   0x00000010   Code   RO          255    i.FLASH_Lock        stm32f10x_flash.o
    0x08000e24   0x00000050   Code   RO          260    i.FLASH_ProgramWord  stm32f10x_flash.o
    0x08000e74   0x00000018   Code   RO          263    i.FLASH_Unlock      stm32f10x_flash.o
    0x08000e8c   0x00000024   Code   RO          267    i.FLASH_WaitForLastOperation  stm32f10x_flash.o
    0x08000eb0   0x000000a2   Code   RO          274    i.GPIO_Init         stm32f10x_gpio.o
    0x08000f52   0x00000002   PAD
    0x08000f54   0x00000040   Code   RO           93    i.GPIO_LF125K_configuration  lf125k.o
    0x08000f94   0x00000006   Code   RO          277    i.GPIO_ReadInputData  stm32f10x_gpio.o
    0x08000f9a   0x0000000e   Code   RO          278    i.GPIO_ReadInputDataBit  stm32f10x_gpio.o
    0x08000fa8   0x00000004   Code   RO          281    i.GPIO_ResetBits    stm32f10x_gpio.o
    0x08000fac   0x00000004   Code   RO          282    i.GPIO_SetBits      stm32f10x_gpio.o
    0x08000fb0   0x00000004   Code   RO          284    i.GPIO_Write        stm32f10x_gpio.o
    0x08000fb4   0x0000000a   Code   RO          285    i.GPIO_WriteBit     stm32f10x_gpio.o
    0x08000fbe   0x00000002   PAD
    0x08000fc0   0x0000000c   Code   RO           94    i.GPIO_read_lf125k_data  lf125k.o
    0x08000fcc   0x00000018   Code   RO           95    i.GPIO_set_lf125k_clk  lf125k.o
    0x08000fe4   0x00000038   Code   RO          210    i.HardFault_Handler  stm32f10x_it.o
    0x0800101c   0x00000014   Code   RO          543    i.I2C_Cmd           stm32f10x_i2c.o
    0x08001030   0x00000014   Code   RO          544    i.I2C_DMACmd        stm32f10x_i2c.o
    0x08001044   0x00000014   Code   RO          551    i.I2C_GenerateSTOP  stm32f10x_i2c.o
    0x08001058   0x0000002a   Code   RO          552    i.I2C_GetFlagStatus  stm32f10x_i2c.o
    0x08001082   0x00000002   PAD
    0x08001084   0x000000bc   Code   RO          557    i.I2C_Init          stm32f10x_i2c.o
    0x08001140   0x00000010   Code   RO          101    i.LF125K_init       lf125k.o
    0x08001150   0x00000044   Code   RO          105    i.LF125K_read_1_page  lf125k.o
    0x08001194   0x00000028   Code   RO          615    i.MY_NVIC_Init      sys.o
    0x080011bc   0x0000001c   Code   RO          211    i.MemManage_Handler  stm32f10x_it.o
    0x080011d8   0x0000004c   Code   RO          201    i.My_InitTask       my_inittask.o
    0x08001224   0x00000002   Code   RO          212    i.NMI_Handler       stm32f10x_it.o
    0x08001226   0x00000002   PAD
    0x08001228   0x00000064   Code   RO          223    i.NVIC_Init         misc.o
    0x0800128c   0x00000014   Code   RO          224    i.NVIC_PriorityGroupConfig  misc.o
    0x080012a0   0x0000000c   Code   RO          596    i.PWR_BackupAccessCmd  stm32f10x_pwr.o
    0x080012ac   0x00000002   Code   RO          213    i.PendSV_Handler    stm32f10x_it.o
    0x080012ae   0x00000002   PAD
    0x080012b0   0x00000014   Code   RO          286    i.RCC_ADCCLKConfig  stm32f10x_rcc.o
    0x080012c4   0x00000018   Code   RO          287    i.RCC_AHBPeriphClockCmd  stm32f10x_rcc.o
    0x080012dc   0x00000018   Code   RO          288    i.RCC_APB1PeriphClockCmd  stm32f10x_rcc.o
    0x080012f4   0x00000018   Code   RO          289    i.RCC_APB1PeriphResetCmd  stm32f10x_rcc.o
    0x0800130c   0x00000018   Code   RO          290    i.RCC_APB2PeriphClockCmd  stm32f10x_rcc.o
    0x08001324   0x00000018   Code   RO          291    i.RCC_APB2PeriphResetCmd  stm32f10x_rcc.o
    0x0800133c   0x0000000c   Code   RO          293    i.RCC_BackupResetCmd  stm32f10x_rcc.o
    0x08001348   0x00000010   Code   RO          294    i.RCC_ClearFlag     stm32f10x_rcc.o
    0x08001358   0x00000090   Code   RO          298    i.RCC_GetClocksFreq  stm32f10x_rcc.o
    0x080013e8   0x00000030   Code   RO          299    i.RCC_GetFlagStatus  stm32f10x_rcc.o
    0x08001418   0x00000020   Code   RO          306    i.RCC_LSEConfig     stm32f10x_rcc.o
    0x08001438   0x0000000c   Code   RO          313    i.RCC_RTCCLKCmd     stm32f10x_rcc.o
    0x08001444   0x00000010   Code   RO          314    i.RCC_RTCCLKConfig  stm32f10x_rcc.o
    0x08001454   0x0000010c   Code   RO          111    i.REM_Processing    lf125k.o
    0x08001560   0x00000010   Code   RO          571    i.RTC_ClearITPendingBit  stm32f10x_rtc.o
    0x08001570   0x00000058   Code   RO          128    i.RTC_Configuration  rtc.o
    0x080015c8   0x00000010   Code   RO          572    i.RTC_EnterConfigMode  stm32f10x_rtc.o
    0x080015d8   0x00000010   Code   RO          573    i.RTC_ExitConfigMode  stm32f10x_rtc.o
    0x080015e8   0x00000014   Code   RO          574    i.RTC_GetCounter    stm32f10x_rtc.o
    0x080015fc   0x00000020   Code   RO          577    i.RTC_GetITStatus   stm32f10x_rtc.o
    0x0800161c   0x00000044   Code   RO          129    i.RTC_IRQHandler    rtc.o
    0x08001660   0x00000018   Code   RO          578    i.RTC_ITConfig      stm32f10x_rtc.o
    0x08001678   0x00000022   Code   RO          130    i.RTC_NVIC_Configuration  rtc.o
    0x0800169a   0x00000002   PAD
    0x0800169c   0x00000020   Code   RO          580    i.RTC_SetCounter    stm32f10x_rtc.o
    0x080016bc   0x00000020   Code   RO          581    i.RTC_SetPrescaler  stm32f10x_rtc.o
    0x080016dc   0x00000010   Code   RO          582    i.RTC_WaitForLastTask  stm32f10x_rtc.o
    0x080016ec   0x00000018   Code   RO          583    i.RTC_WaitForSynchro  stm32f10x_rtc.o
    0x08001704   0x00000002   Code   RO          214    i.SVC_Handler       stm32f10x_it.o
    0x08001706   0x0000000a   Code   RO          134    i.SYSTICK_ClearSystickVal  systick.o
    0x08001710   0x00000028   Code   RO          135    i.SYSTICK_Configuration  systick.o
    0x08001738   0x0000001c   Code   RO          136    i.SYSTICK_Delay10ms  systick.o
    0x08001754   0x00000008   Code   RO          137    i.SYSTICK_GetVal    systick.o
    0x0800175c   0x00000022   Code   RO          140    i.SYSTICK_NVIC_Configuration  systick.o
    0x0800177e   0x0000000e   Code   RO          142    i.SYSTICK_init      systick.o
    0x0800178c   0x00000018   Code   RO          627    i.SendAtCmd         hal_wifitocloud.o
    0x080017a4   0x00000004   Code   RO          628    i.SendStrLen        hal_wifitocloud.o
    0x080017a8   0x000000a8   Code   RO          228    i.SetSysClockTo72   system_stm32f10x.o
    0x08001850   0x00000018   Code   RO          227    i.SysTick_CLKSourceConfig  misc.o
    0x08001868   0x00000010   Code   RO          143    i.SysTick_Handler   systick.o
    0x08001878   0x00000050   Code   RO          230    i.SystemInit        system_stm32f10x.o
    0x080018c8   0x0000006c   Code   RO          412    i.TI1_Config        stm32f10x_tim.o
    0x08001934   0x0000007c   Code   RO          413    i.TI2_Config        stm32f10x_tim.o
    0x080019b0   0x00000024   Code   RO          162    i.TIM1_GPIO_Configuration  buzzer.o
    0x080019d4   0x00000124   Code   RO          187    i.TIM2_IRQHandler   hal_timer2.o
    0x08001af8   0x000000dc   Code   RO          188    i.TIM2_Init         hal_timer2.o
    0x08001bd4   0x000000a4   Code   RO          118    i.TIM4_IRQHandler   ultrasonic.o
    0x08001c78   0x00000040   Code   RO          123    i.TIM4_ch3_start_capture_Falling  ultrasonic.o
    0x08001cb8   0x0000003c   Code   RO          124    i.TIM4_ch3_start_capture_Rising  ultrasonic.o
    0x08001cf4   0x00000044   Code   RO          164    i.TIM6_IRQHandler   buzzer.o
    0x08001d38   0x0000008c   Code   RO          165    i.TIME6_init        buzzer.o
    0x08001dc4   0x00000014   Code   RO          414    i.TIM_ARRPreloadConfig  stm32f10x_tim.o
    0x08001dd8   0x00000006   Code   RO          420    i.TIM_ClearFlag     stm32f10x_tim.o
    0x08001dde   0x00000006   Code   RO          421    i.TIM_ClearITPendingBit  stm32f10x_tim.o
    0x08001de4   0x00000014   Code   RO          426    i.TIM_Cmd           stm32f10x_tim.o
    0x08001df8   0x00000170   Code   RO          431    i.TIM_DeInit        stm32f10x_tim.o
    0x08001f68   0x00000004   Code   RO          441    i.TIM_GetCapture1   stm32f10x_tim.o
    0x08001f6c   0x00000004   Code   RO          442    i.TIM_GetCapture2   stm32f10x_tim.o
    0x08001f70   0x00000004   Code   RO          443    i.TIM_GetCapture3   stm32f10x_tim.o
    0x08001f74   0x00000006   Code   RO          444    i.TIM_GetCapture4   stm32f10x_tim.o
    0x08001f7a   0x00000018   Code   RO          447    i.TIM_GetITStatus   stm32f10x_tim.o
    0x08001f92   0x00000002   PAD
    0x08001f94   0x0000012c   Code   RO          449    i.TIM_ICInit        stm32f10x_tim.o
    0x080020c0   0x00000010   Code   RO          451    i.TIM_ITConfig      stm32f10x_tim.o
    0x080020d0   0x00000080   Code   RO          455    i.TIM_OC1Init       stm32f10x_tim.o
    0x08002150   0x0000000c   Code   RO          458    i.TIM_OC1PreloadConfig  stm32f10x_tim.o
    0x0800215c   0x00000080   Code   RO          460    i.TIM_OC2Init       stm32f10x_tim.o
    0x080021dc   0x00000014   Code   RO          463    i.TIM_OC2PreloadConfig  stm32f10x_tim.o
    0x080021f0   0x0000007c   Code   RO          465    i.TIM_OC3Init       stm32f10x_tim.o
    0x0800226c   0x0000000c   Code   RO          468    i.TIM_OC3PreloadConfig  stm32f10x_tim.o
    0x08002278   0x00000064   Code   RO          470    i.TIM_OC4Init       stm32f10x_tim.o
    0x080022dc   0x00000014   Code   RO          472    i.TIM_OC4PreloadConfig  stm32f10x_tim.o
    0x080022f0   0x00000006   Code   RO          475    i.TIM_PrescalerConfig  stm32f10x_tim.o
    0x080022f6   0x00000004   Code   RO          487    i.TIM_SetCompare1   stm32f10x_tim.o
    0x080022fa   0x00000004   Code   RO          488    i.TIM_SetCompare2   stm32f10x_tim.o
    0x080022fe   0x00000004   Code   RO          489    i.TIM_SetCompare3   stm32f10x_tim.o
    0x08002302   0x00000006   Code   RO          490    i.TIM_SetCompare4   stm32f10x_tim.o
    0x08002308   0x00000010   Code   RO          492    i.TIM_SetIC1Prescaler  stm32f10x_tim.o
    0x08002318   0x00000018   Code   RO          493    i.TIM_SetIC2Prescaler  stm32f10x_tim.o
    0x08002330   0x00000010   Code   RO          494    i.TIM_SetIC3Prescaler  stm32f10x_tim.o
    0x08002340   0x00000018   Code   RO          495    i.TIM_SetIC4Prescaler  stm32f10x_tim.o
    0x08002358   0x0000009c   Code   RO          497    i.TIM_TimeBaseInit  stm32f10x_tim.o
    0x080023f4   0x00000038   Code   RO          131    i.Time_Adjust       rtc.o
    0x0800242c   0x00000044   Code   RO          179    i.UART4_IRQHandler  hal_uart4.o
    0x08002470   0x000000b4   Code   RO          180    i.UART4_Init        hal_uart4.o
    0x08002524   0x00000014   Code   RO          181    i.UART4_SendData    hal_uart4.o
    0x08002538   0x00000018   Code   RO          183    i.UART4_SendStrlen  hal_uart4.o
    0x08002550   0x00000098   Code   RO          147    i.USART1_Configuration  usart.o
    0x080025e8   0x00000024   Code   RO          148    i.USART1_IRQHandler  usart.o
    0x0800260c   0x00000020   Code   RO          149    i.USART1_NVIC_Configuration  usart.o
    0x0800262c   0x0000000e   Code   RO          150    i.USART1_init       usart.o
    0x0800263a   0x00000002   PAD
    0x0800263c   0x00000024   Code   RO          215    i.USART2_IRQHandler  stm32f10x_it.o
    0x08002660   0x00000024   Code   RO          216    i.USART3_IRQHandler  stm32f10x_it.o
    0x08002684   0x00000006   Code   RO          319    i.USART_ClearFlag   stm32f10x_usart.o
    0x0800268a   0x00000014   Code   RO          323    i.USART_Cmd         stm32f10x_usart.o
    0x0800269e   0x00000002   PAD
    0x080026a0   0x00000074   Code   RO          325    i.USART_DeInit      stm32f10x_usart.o
    0x08002714   0x0000000e   Code   RO          326    i.USART_GetFlagStatus  stm32f10x_usart.o
    0x08002722   0x0000003e   Code   RO          327    i.USART_GetITStatus  stm32f10x_usart.o
    0x08002760   0x00000030   Code   RO          329    i.USART_ITConfig    stm32f10x_usart.o
    0x08002790   0x000000ac   Code   RO          330    i.USART_Init        stm32f10x_usart.o
    0x0800283c   0x00000008   Code   RO          337    i.USART_ReceiveData  stm32f10x_usart.o
    0x08002844   0x00000008   Code   RO          340    i.USART_SendData    stm32f10x_usart.o
    0x0800284c   0x0000024c   Code   RO            1    i.USER_DataAnalysisProcess  main.o
    0x08002a98   0x0000006c   Code   RO            2    i.USER_GetJsonValue  main.o
    0x08002b04   0x0000001c   Code   RO          217    i.UsageFault_Handler  stm32f10x_it.o
    0x08002b20   0x00000020   Code   RO          751    i.__0printf$8       mc_w.l(printf8.o)
    0x08002b40   0x00000028   Code   RO          753    i.__0sprintf$8      mc_w.l(printf8.o)
    0x08002b68   0x0000000e   Code   RO          825    i.__scatterload_copy  mc_w.l(handlers.o)
    0x08002b76   0x00000002   Code   RO          826    i.__scatterload_null  mc_w.l(handlers.o)
    0x08002b78   0x0000000e   Code   RO          827    i.__scatterload_zeroinit  mc_w.l(handlers.o)
    0x08002b86   0x00000002   PAD
    0x08002b88   0x00000410   Code   RO          758    i._printf_core      mc_w.l(printf8.o)
    0x08002f98   0x00000024   Code   RO          759    i._printf_post_padding  mc_w.l(printf8.o)
    0x08002fbc   0x0000002e   Code   RO          760    i._printf_pre_padding  mc_w.l(printf8.o)
    0x08002fea   0x0000000a   Code   RO          762    i._sputc            mc_w.l(printf8.o)
    0x08002ff4   0x0000000c   Code   RO          203    i.adc_update_notify  my_inittask.o
    0x08003000   0x00000048   Code   RO          218    i.bsp_flash_erase   bsp_flash.o
    0x08003048   0x00000012   Code   RO          219    i.bsp_flash_read    bsp_flash.o
    0x0800305a   0x0000004e   Code   RO          220    i.bsp_flash_write   bsp_flash.o
    0x080030a8   0x00000002   Code   RO          166    i.buzzerClose       buzzer.o
    0x080030aa   0x0000000e   Code   RO          167    i.buzzerInit        buzzer.o
    0x080030b8   0x00000002   Code   RO          168    i.buzzerOpen        buzzer.o
    0x080030ba   0x00000002   PAD
    0x080030bc   0x00000018   Code   RO           20    i.clear_PwdCache    app_pwd.o
    0x080030d4   0x0000001e   Code   RO          144    i.delay_ms          systick.o
    0x080030f2   0x0000001a   Code   RO          145    i.delay_us          systick.o
    0x0800310c   0x00000054   Code   RO           21    i.delete_IdCardPwd  app_pwd.o
    0x08003160   0x0000002c   Code   RO          173    i.doorInit          door.o
    0x0800318c   0x00000030   Code   RO          174    i.doorOpen          door.o
    0x080031bc   0x00000024   Code   RO          152    i.fputc             usart.o
    0x080031e0   0x00000050   Code   RO          778    i.free              mc_w.l(malloc.o)
    0x08003230   0x0000001c   Code   RO           65    i.get_ADC1_result   adc.o
    0x0800324c   0x00000038   Code   RO           48    i.get_kbd_fifo      keyboard_drv.o
    0x08003284   0x0000005c   Code   RO           49    i.init_kbd_GPIO     keyboard_drv.o
    0x080032e0   0x00000024   Code   RO          171    i.irAlert           ir_alert.o
    0x08003304   0x0000002c   Code   RO          172    i.irInit            ir_alert.o
    0x08003330   0x0000000c   Code   RO          175    i.isDoorOpen        door.o
    0x0800333c   0x00000038   Code   RO           22    i.isRight_Pwd_Digit  app_pwd.o
    0x08003374   0x00000034   Code   RO           23    i.isRight_Pwd_IdCard  app_pwd.o
    0x080033a8   0x00000054   Code   RO           67    i.is_MEMS_threshold_exceed  adc.o
    0x080033fc   0x0000001c   Code   RO           50    i.is_kbd_fifo_empt  keyboard_drv.o
    0x08003418   0x0000003c   Code   RO           52    i.kbd_init          keyboard_drv.o
    0x08003454   0x00000180   Code   RO           53    i.kbd_scan          keyboard_drv.o
    0x080035d4   0x00000042   Code   RO           35    i.lcd_clr           lcd12864.o
    0x08003616   0x00000076   Code   RO           36    i.lcd_clr_row       lcd12864.o
    0x0800368c   0x00000044   Code   RO           37    i.lcd_disp_full_img  lcd12864.o
    0x080036d0   0x00000060   Code   RO           38    i.lcd_gpio_init     lcd12864.o
    0x08003730   0x0000006c   Code   RO           39    i.lcd_init          lcd12864.o
    0x0800379c   0x00000036   Code   RO           40    i.lcd_set_dsp_position  lcd12864.o
    0x080037d2   0x00000002   PAD
    0x080037d4   0x000000e4   Code   RO           41    i.lcd_write         lcd12864.o
    0x080038b8   0x000000c8   Code   RO           42    i.lcd_write_cmd     lcd12864.o
    0x08003980   0x000000c0   Code   RO           43    i.lcd_write_data    lcd12864.o
    0x08003a40   0x00000010   Code   RO            3    i.lightClose        main.o
    0x08003a50   0x0000002c   Code   RO            4    i.lightInit         main.o
    0x08003a7c   0x00000010   Code   RO            5    i.lightOpen         main.o
    0x08003a8c   0x000002dc   Code   RO            6    i.main              main.o
    0x08003d68   0x0000006c   Code   RO          779    i.malloc            mc_w.l(malloc.o)
    0x08003dd4   0x000002a8   Code   RO            7    i.menuAddDigitPwd_Handle  main.o
    0x0800407c   0x00000294   Code   RO            8    i.menuAlertClear_Handle  main.o
    0x08004310   0x000003cc   Code   RO            9    i.menuIdCardPwd_Handle  main.o
    0x080046dc   0x00000384   Code   RO           10    i.menuIdle_Handle   main.o
    0x08004a60   0x000003b0   Code   RO           11    i.menuMEMS_Handle   main.o
    0x08004e10   0x00000144   Code   RO           24    i.param_Init        app_pwd.o
    0x08004f54   0x00000028   Code   RO           55    i.put_kbd_fifo      keyboard_drv.o
    0x08004f7c   0x000000cc   Code   RO           25    i.read_DigitPwd     app_pwd.o
    0x08005048   0x00000034   Code   RO           26    i.read_IdCardPwd    app_pwd.o
    0x0800507c   0x00000034   Code   RO           27    i.read_MEMSData     app_pwd.o
    0x080050b0   0x00000110   Code   RO          132    i.rtc_init          rtc.o
    0x080051c0   0x00000014   Code   RO          204    i.rtc_update_notify  my_inittask.o
    0x080051d4   0x00000058   Code   RO           80    i.sEE_Init          eeprom.o
    0x0800522c   0x000000e0   Code   RO           83    i.sEE_LowLevel_Init  eeprom.o
    0x0800530c   0x00000084   Code   RO           28    i.save_DigitPwd     app_pwd.o
    0x08005390   0x0000007c   Code   RO           29    i.save_IdCardPwd    app_pwd.o
    0x0800540c   0x00000040   Code   RO           30    i.save_MEMSData     app_pwd.o
    0x0800544c   0x000000a8   Code   RO           68    i.set_ADC1_update_flag  adc.o
    0x080054f4   0x00000010   Code   RO           69    i.set_MEMS_static_ADC_value  adc.o
    0x08005504   0x0000002c   Code   RO           45    i.set_lcd_data_gpio_to_output  lcd12864.o
    0x08005530   0x0000001c   Code   RO           46    i.show_logo         lcd12864.o
    0x0800554c   0x00000024   Code   RO           70    i.start_ADC1        adc.o
    0x08005570   0x00000060   Code   RO          116    i.write_od          lf125k.o
    0x080055d0   0x000000d6   Data   RO           13    .conststring        main.o
    0x080056a6   0x00000002   PAD
    0x080056a8   0x0000004b   Data   RO           32    .conststring        app_pwd.o
    0x080056f3   0x00000001   PAD
    0x080056f4   0x00000020   Data   RO          823    Region$$Table       anon$$obj.o


    Execution Region RW_IRAM1 (Base: 0x20000000, Size: 0x00001608, Max: 0x00010000, ABSOLUTE, COMPRESSED[0x0000058c])

    Base Addr    Size         Type   Attr      Idx    E Section Name        Object

    0x20000000   0x00000004   Data   RW           14    .data               main.o
    0x20000004   0x00000004   Data   RW           15    .data               main.o
    0x20000008   0x00000001   Data   RW           18    .data               main.o
    0x20000009   0x00000003   PAD
    0x2000000c   0x0000000c   Data   RW           19    .data               main.o
    0x20000018   0x0000001e   Data   RW           33    .data               app_pwd.o
    0x20000036   0x000009f0   Data   RW           47    .data               lcd12864.o
    0x20000a26   0x00000002   PAD
    0x20000a28   0x00000034   Data   RW           58    .data               keyboard_drv.o
    0x20000a5c   0x00000008   Data   RW           74    .data               adc.o
    0x20000a64   0x00000010   Data   RW           90    .data               eeprom.o
    0x20000a74   0x00000008   Data   RW          117    .data               lf125k.o
    0x20000a7c   0x00000014   Data   RW          127    .data               ultrasonic.o
    0x20000a90   0x00000008   Data   RW          133    .data               rtc.o
    0x20000a98   0x00000004   Data   RW          146    .data               systick.o
    0x20000a9c   0x00000002   Data   RW          170    .data               buzzer.o
    0x20000a9e   0x00000001   Data   RW          176    .data               door.o
    0x20000a9f   0x00000001   Data   RW          177    .data               door.o
    0x20000aa0   0x00000004   Data   RW          178    .data               door.o
    0x20000aa4   0x00000004   Data   RW          185    .data               hal_uart4.o
    0x20000aa8   0x00000001   Data   RW          186    .data               hal_uart4.o
    0x20000aa9   0x00000003   PAD
    0x20000aac   0x00000014   Data   RW          190    .data               hal_timer2.o
    0x20000ac0   0x00000015   Data   RW          222    .data               bsp_flash.o
    0x20000ad5   0x00000003   PAD
    0x20000ad8   0x00000014   Data   RW          231    .data               system_stm32f10x.o
    0x20000aec   0x00000014   Data   RW          318    .data               stm32f10x_rcc.o
    0x20000b00   0x00000004   Data   RW          807    .data               mc_w.l(stdout.o)
    0x20000b04   0x00000004   Data   RW          810    .data               mc_w.l(mvars.o)
    0x20000b08   0x00000004   Data   RW          811    .data               mc_w.l(mvars.o)
    0x20000b0c   0x0000000a   Zero   RW           12    .bss                main.o
    0x20000b16   0x00000046   Zero   RW           31    .bss                app_pwd.o
    0x20000b5c   0x00000090   Zero   RW           56    .bss                keyboard_drv.o
    0x20000bec   0x000000cc   Zero   RW           71    .bss                adc.o
    0x20000cb8   0x0000002c   Zero   RW           89    .bss                eeprom.o
    0x20000ce4   0x0000000a   Zero   RW          126    .bss                ultrasonic.o
    0x20000cee   0x000000ff   Zero   RW          184    .bss                hal_uart4.o
    0x20000ded   0x00000001   PAD
    0x20000dee   0x0000001a   Zero   RW          189    .bss                hal_timer2.o
    0x20000e08   0x00000400   Zero   RW          607    HEAP                startup_stm32f10x_hd.o
    0x20001208   0x00000400   Zero   RW          606    STACK               startup_stm32f10x_hd.o


==============================================================================

Image component sizes


      Code (inc. data)   RO Data    RW Data    ZI Data      Debug   Object Name

       760         78          0          8        204          0   adc.o
      1168        258         75         30         70          0   app_pwd.o
       168          4          0         21          0          0   bsp_flash.o
       262         30          0          2          0          0   buzzer.o
       104         20          0          6          0          0   door.o
       480         58          0         16         44          0   eeprom.o
       512         50          0         20         26          0   hal_timer2.o
       292         30          0          5        255          0   hal_uart4.o
        64         20          0          0          0          0   hal_wifitocloud.o
        80          8          0          0          0          0   ir_alert.o
       660         46          0         52        144          0   keyboard_drv.o
      1202        132          0       2544          0          0   lcd12864.o
       636         66          0          8          0          0   lf125k.o
      5660       1380        214         21         10          0   main.o
       144         16          0          0          0          0   misc.o
       108         24          0          0          0          0   my_inittask.o
       518        166          0          8          0          0   rtc.o
        36          8        304          0       2048          0   startup_stm32f10x_hd.o
       310         10          0          0          0          0   stm32f10x_adc.o
        50          8          0          0          0          0   stm32f10x_bkp.o
       404         34          0          0          0          0   stm32f10x_dma.o
        44         10          0          0          0          0   stm32f10x_exti.o
       268         36          0          0          0          0   stm32f10x_flash.o
       204          0          0          0          0          0   stm32f10x_gpio.o
       290         10          0          0          0          0   stm32f10x_i2c.o
       294        102          0          0          0          0   stm32f10x_it.o
        12          6          0          0          0          0   stm32f10x_pwr.o
       420         82          0         20          0          0   stm32f10x_rcc.o
       228         50          0          0          0          0   stm32f10x_rtc.o
      1814        216          0          0          0          0   stm32f10x_tim.o
       454         26          0          0          0          0   stm32f10x_usart.o
        40          0          0          0          0          0   sys.o
       248         24          0         20          0          0   system_stm32f10x.o
       206         22          0          4          0          0   systick.o
       288         34          0         20         10          0   ultrasonic.o
       270         22          0          0          0          0   usart.o
      1004        356          0          0          0          0   wifitocloud.o

    ----------------------------------------------------------------------
     19736       3442        628       2816       2812          0   Object Totals
         0          0         32          0          0          0   (incl. Generated)
        34          0          3         11          1          0   (incl. Padding)

    ----------------------------------------------------------------------

      Code (inc. data)   RO Data    RW Data    ZI Data      Debug   Library Member Name

        86          0          0          0          0          0   __dczerorl2.o
        28          0          0          0          0          0   calloc.o
         0          0          0          0          0          0   entry.o
         0          0          0          0          0          0   entry10a.o
         0          0          0          0          0          0   entry11a.o
         8          4          0          0          0          0   entry2.o
         4          0          0          0          0          0   entry5.o
         0          0          0          0          0          0   entry7b.o
         0          0          0          0          0          0   entry8b.o
         8          4          0          0          0          0   entry9a.o
        30          0          0          0          0          0   handlers.o
        36          8          0          0          0          0   init.o
        30          0          0          0          0          0   llshl.o
        32          0          0          0          0          0   llushr.o
       188         20          0          0          0          0   malloc.o
        26          0          0          0          0          0   memcmp.o
        36          0          0          0          0          0   memcpya.o
        36          0          0          0          0          0   memseta.o
         0          0          0          8          0          0   mvars.o
      1204         60          0          0          0          0   printf8.o
         0          0          0          4          0          0   stdout.o
        24          0          0          0          0          0   strcat.o
        14          0          0          0          0          0   strlen.o
        36          0          0          0          0          0   strstr.o
        98          0          0          0          0          0   uldiv.o

    ----------------------------------------------------------------------
      1928         96          0         12          0          0   Library Totals
         4          0          0          0          0          0   (incl. Padding)

    ----------------------------------------------------------------------

      Code (inc. data)   RO Data    RW Data    ZI Data      Debug   Library Name

      1924         96          0         12          0          0   mc_w.l

    ----------------------------------------------------------------------
      1928         96          0         12          0          0   Library Totals

    ----------------------------------------------------------------------

==============================================================================


      Code (inc. data)   RO Data    RW Data    ZI Data      Debug   

     21664       3538        628       2828       2812          0   Grand Totals
     21664       3538        628       1420       2812          0   ELF Image Totals (compressed)
     21664       3538        628       1420          0          0   ROM Totals

==============================================================================

    Total RO  Size (Code + RO Data)                22292 (  21.77kB)
    Total RW  Size (RW Data + ZI Data)              5640 (   5.51kB)
    Total ROM Size (Code + RO Data + RW Data)      23712 (  23.16kB)

==============================================================================

