Component: ARM Compiler 5.05 update 1 (build 106) Tool: armlink [4d0efa]

==============================================================================

Section Cross References

    main.o(i.main) refers to task.o(i.task_init) for task_init
    main.o(i.main) refers to task.o(i.task_driver) for task_driver
    app_pwd.o(i.clear_PwdCache) refers to app_pwd.o(.data) for .data
    app_pwd.o(i.delete_IdCardPwd) refers to memcmp.o(.text) for memcmp
    app_pwd.o(i.delete_IdCardPwd) refers to memseta.o(.text) for __aeabi_memset
    app_pwd.o(i.delete_IdCardPwd) refers to bsp_flash.o(i.bsp_flash_erase) for bsp_flash_erase
    app_pwd.o(i.delete_IdCardPwd) refers to bsp_flash.o(i.bsp_flash_write) for bsp_flash_write
    app_pwd.o(i.delete_IdCardPwd) refers to app_pwd.o(.bss) for .bss
    app_pwd.o(i.isRight_Pwd_Digit) refers to memcmp.o(.text) for memcmp
    app_pwd.o(i.isRight_Pwd_Digit) refers to app_pwd.o(.bss) for .bss
    app_pwd.o(i.isRight_Pwd_IdCard) refers to app_pwd.o(i.read_IdCardPwd) for read_IdCardPwd
    app_pwd.o(i.isRight_Pwd_IdCard) refers to printfa.o(i.__0printf) for __2printf
    app_pwd.o(i.isRight_Pwd_IdCard) refers to memcmp.o(.text) for memcmp
    app_pwd.o(i.isRight_Pwd_IdCard) refers to app_pwd.o(.bss) for .bss
    app_pwd.o(i.param_Init) refers to bsp_flash.o(i.bsp_flash_read) for bsp_flash_read
    app_pwd.o(i.param_Init) refers to printfa.o(i.__0printf) for __2printf
    app_pwd.o(i.param_Init) refers to bsp_flash.o(i.bsp_flash_erase) for bsp_flash_erase
    app_pwd.o(i.param_Init) refers to bsp_flash.o(i.bsp_flash_write) for bsp_flash_write
    app_pwd.o(i.param_Init) refers to memseta.o(.text) for __aeabi_memset
    app_pwd.o(i.param_Init) refers to app_pwd.o(.bss) for .bss
    app_pwd.o(i.param_Init) refers to app_pwd.o(.data) for .data
    app_pwd.o(i.read_DigitPwd) refers to calloc.o(.text) for calloc
    app_pwd.o(i.read_DigitPwd) refers to bsp_flash.o(i.bsp_flash_read) for bsp_flash_read
    app_pwd.o(i.read_DigitPwd) refers to memseta.o(.text) for __aeabi_memset
    app_pwd.o(i.read_DigitPwd) refers to printfa.o(i.__0sprintf) for __2sprintf
    app_pwd.o(i.read_DigitPwd) refers to strcat.o(.text) for strcat
    app_pwd.o(i.read_DigitPwd) refers to printfa.o(i.__0printf) for __2printf
    app_pwd.o(i.read_DigitPwd) refers to systick.o(i.delay_ms) for delay_ms
    app_pwd.o(i.read_DigitPwd) refers to malloc.o(i.free) for free
    app_pwd.o(i.read_DigitPwd) refers to app_pwd.o(.data) for .data
    app_pwd.o(i.read_DigitPwd) refers to app_pwd.o(.bss) for .bss
    app_pwd.o(i.read_IdCardPwd) refers to bsp_flash.o(i.bsp_flash_read) for bsp_flash_read
    app_pwd.o(i.read_IdCardPwd) refers to memseta.o(.text) for __aeabi_memset
    app_pwd.o(i.read_IdCardPwd) refers to app_pwd.o(.data) for .data
    app_pwd.o(i.read_IdCardPwd) refers to app_pwd.o(.bss) for .bss
    app_pwd.o(i.read_MEMSData) refers to bsp_flash.o(i.bsp_flash_read) for bsp_flash_read
    app_pwd.o(i.read_MEMSData) refers to printfa.o(i.__0printf) for __2printf
    app_pwd.o(i.read_MEMSData) refers to app_pwd.o(.data) for .data
    app_pwd.o(i.read_MEMSData) refers to app_pwd.o(.conststring) for .conststring
    app_pwd.o(i.save_DigitPwd) refers to memseta.o(.text) for __aeabi_memset
    app_pwd.o(i.save_DigitPwd) refers to memcpya.o(.text) for __aeabi_memcpy
    app_pwd.o(i.save_DigitPwd) refers to bsp_flash.o(i.bsp_flash_erase) for bsp_flash_erase
    app_pwd.o(i.save_DigitPwd) refers to bsp_flash.o(i.bsp_flash_write) for bsp_flash_write
    app_pwd.o(i.save_DigitPwd) refers to app_pwd.o(.data) for .data
    app_pwd.o(i.save_DigitPwd) refers to app_pwd.o(.bss) for .bss
    app_pwd.o(i.save_IdCardPwd) refers to memseta.o(.text) for __aeabi_memset
    app_pwd.o(i.save_IdCardPwd) refers to memcpya.o(.text) for __aeabi_memcpy
    app_pwd.o(i.save_IdCardPwd) refers to bsp_flash.o(i.bsp_flash_erase) for bsp_flash_erase
    app_pwd.o(i.save_IdCardPwd) refers to bsp_flash.o(i.bsp_flash_write) for bsp_flash_write
    app_pwd.o(i.save_IdCardPwd) refers to app_pwd.o(.data) for .data
    app_pwd.o(i.save_IdCardPwd) refers to app_pwd.o(.bss) for .bss
    app_pwd.o(i.save_MEMSData) refers to bsp_flash.o(i.bsp_flash_erase) for bsp_flash_erase
    app_pwd.o(i.save_MEMSData) refers to bsp_flash.o(i.bsp_flash_write) for bsp_flash_write
    app_pwd.o(i.save_MEMSData) refers to printfa.o(i.__0printf) for __2printf
    app_pwd.o(i.save_MEMSData) refers to app_pwd.o(.data) for .data
    app_pwd.o(i.save_MEMSData) refers to app_pwd.o(.conststring) for .conststring
    rtc.o(i.RTC_Configuration) refers to stm32f10x_rcc.o(i.RCC_APB1PeriphClockCmd) for RCC_APB1PeriphClockCmd
    rtc.o(i.RTC_Configuration) refers to stm32f10x_pwr.o(i.PWR_BackupAccessCmd) for PWR_BackupAccessCmd
    rtc.o(i.RTC_Configuration) refers to stm32f10x_bkp.o(i.BKP_DeInit) for BKP_DeInit
    rtc.o(i.RTC_Configuration) refers to stm32f10x_rcc.o(i.RCC_LSEConfig) for RCC_LSEConfig
[...]
    ../mathlib/log.c                         0x00000000   Number         0  log_x.o ABSOLUTE
    ../mathlib/log10.c                       0x00000000   Number         0  log10.o ABSOLUTE
    ../mathlib/log10.c                       0x00000000   Number         0  log10_x.o ABSOLUTE
    ../mathlib/poly.c                        0x00000000   Number         0  poly.o ABSOLUTE
    ../mathlib/pow.c                         0x00000000   Number         0  pow.o ABSOLUTE
    ../mathlib/pow.c                         0x00000000   Number         0  pow_x.o ABSOLUTE
    ../mathlib/qnan.c                        0x00000000   Number         0  qnan.o ABSOLUTE
    ../mathlib/sqrt.c                        0x00000000   Number         0  sqrt.o ABSOLUTE
    ../mathlib/sqrt.c                        0x00000000   Number         0  sqrt_x.o ABSOLUTE
    ..\..\Libraries\core_cm3.c               0x00000000   Number         0  core_cm3.o ABSOLUTE
    ..\..\Libraries\src\misc.c               0x00000000   Number         0  misc.o ABSOLUTE
    ..\..\Libraries\src\stm32f10x_adc.c      0x00000000   Number         0  stm32f10x_adc.o ABSOLUTE
    ..\..\Libraries\src\stm32f10x_bkp.c      0x00000000   Number         0  stm32f10x_bkp.o ABSOLUTE
    ..\..\Libraries\src\stm32f10x_dma.c      0x00000000   Number         0  stm32f10x_dma.o ABSOLUTE
    ..\..\Libraries\src\stm32f10x_exti.c     0x00000000   Number         0  stm32f10x_exti.o ABSOLUTE
    ..\..\Libraries\src\stm32f10x_flash.c    0x00000000   Number         0  stm32f10x_flash.o ABSOLUTE
    ..\..\Libraries\src\stm32f10x_gpio.c     0x00000000   Number         0  stm32f10x_gpio.o ABSOLUTE
    ..\..\Libraries\src\stm32f10x_i2c.c      0x00000000   Number         0  stm32f10x_i2c.o ABSOLUTE
    ..\..\Libraries\src\stm32f10x_pwr.c      0x00000000   Number         0  stm32f10x_pwr.o ABSOLUTE
    ..\..\Libraries\src\stm32f10x_rcc.c      0x00000000   Number         0  stm32f10x_rcc.o ABSOLUTE
    ..\..\Libraries\src\stm32f10x_rtc.c      0x00000000   Number         0  stm32f10x_rtc.o ABSOLUTE
    ..\..\Libraries\src\stm32f10x_sdio.c     0x00000000   Number         0  stm32f10x_sdio.o ABSOLUTE
    ..\..\Libraries\src\stm32f10x_spi.c      0x00000000   Number         0  stm32f10x_spi.o ABSOLUTE
    ..\..\Libraries\src\stm32f10x_tim.c      0x00000000   Number         0  stm32f10x_tim.o ABSOLUTE
    ..\..\Libraries\src\stm32f10x_usart.c    0x00000000   Number         0  stm32f10x_usart.o ABSOLUTE
    ..\..\Libraries\system_stm32f10x.c       0x00000000   Number         0  system_stm32f10x.o ABSOLUTE
    ..\..\Startup\startup_stm32f10x_hd.s     0x00000000   Number         0  startup_stm32f10x_hd.o ABSOLUTE
    ..\\..\\Libraries\\core_cm3.c            0x00000000   Number         0  core_cm3.o ABSOLUTE
    cdcmple.s                                0x00000000   Number         0  cdcmple.o ABSOLUTE
    cdrcmple.s                               0x00000000   Number         0  cdrcmple.o ABSOLUTE
    code\Bsp\bsp_flash.c                     0x00000000   Number         0  bsp_flash.o ABSOLUTE
    code\Bsp\task.c                          0x00000000   Number         0  task.o ABSOLUTE
    code\Drv\ADC1_DMA\adc_dma.c              0x00000000   Number         0  adc_dma.o ABSOLUTE
    code\Drv\ADC_NumCal\numcal.c             0x00000000   Number         0  numcal.o ABSOLUTE
    code\Drv\Buzzer\buzzer.c                 0x00000000   Number         0  buzzer.o ABSOLUTE
    code\Drv\Door\door.c                     0x00000000   Number         0  door.o ABSOLUTE
    code\Drv\IR_Alert\ir_alert.c             0x00000000   Number         0  ir_alert.o ABSOLUTE
    code\Drv\LCD12864\LCD12864.c             0x00000000   Number         0  lcd12864.o ABSOLUTE
    code\Drv\RTC\rtc.c                       0x00000000   Number         0  rtc.o ABSOLUTE
    code\Drv\SegLED\light.c                  0x00000000   Number         0  light.o ABSOLUTE
    code\Drv\SysTick\systick.c               0x00000000   Number         0  systick.o ABSOLUTE
    code\Drv\TIM\PWM_Output\pwm_output.c     0x00000000   Number         0  pwm_output.o ABSOLUTE
    code\Drv\TIM\timer\timer.c               0x00000000   Number         0  timer.o ABSOLUTE
    code\Drv\USART\hal_usart1.c              0x00000000   Number         0  hal_usart1.o ABSOLUTE
    code\Drv\uart4\hal_uart4.c               0x00000000   Number         0  hal_uart4.o ABSOLUTE
    code\WiFiToCloud\HAL_WiFiToCloud.c       0x00000000   Number         0  hal_wifitocloud.o ABSOLUTE
    code\WiFiToCloud\WiFiToCloud.c           0x00000000   Number         0  wifitocloud.o ABSOLUTE
    code\WiFiToCloud\cJSON.c                 0x00000000   Number         0  cjson.o ABSOLUTE
    code\\system\\sys.c                      0x00000000   Number         0  sys.o ABSOLUTE
    code\app\app_pwd.c                       0x00000000   Number         0  app_pwd.o ABSOLUTE
    code\main.c                              0x00000000   Number         0  main.o ABSOLUTE
    code\stm32f10x_it.c                      0x00000000   Number         0  stm32f10x_it.o ABSOLUTE
    code\system\sys.c                        0x00000000   Number         0  sys.o ABSOLUTE
    dc.s                                     0x00000000   Number         0  dc.o ABSOLUTE
    handlers.s                               0x00000000   Number         0  handlers.o ABSOLUTE
    init.s                                   0x00000000   Number         0  init.o ABSOLUTE
    RESET                                    0x08000000   Section      304  startup_stm32f10x_hd.o(RESET)
    .ARM.Collect$$$$00000000                 0x08000130   Section        0  entry.o(.ARM.Collect$$$$00000000)
    .ARM.Collect$$$$00000001                 0x08000130   Section        4  entry2.o(.ARM.Collect$$$$00000001)
    .ARM.Collect$$$$00000004                 0x08000134   Section        4  entry5.o(.ARM.Collect$$$$00000004)
    .ARM.Collect$$$$00000008                 0x08000138   Section        0  entry7b.o(.ARM.Collect$$$$00000008)
    .ARM.Collect$$$$0000000A                 0x08000138   Section        0  entry8b.o(.ARM.Collect$$$$0000000A)
    .ARM.Collect$$$$0000000B                 0x08000138   Section        8  entry9a.o(.ARM.Collect$$$$0000000B)
    .ARM.Collect$$$$0000000D                 0x08000140   Section        0  entry10a.o(.ARM.Collect$$$$0000000D)
    .ARM.Collect$$$$0000000F                 0x08000140   Section        0  entry11a.o(.ARM.Collect$$$$0000000F)
    .ARM.Collect$$$$00002712                 0x08000140   Section        4  entry2.o(.ARM.Collect$$$$00002712)
    __lit__00000000                          0x08000140   Data           4  entry2.o(.ARM.Collect$$$$00002712)
    .text                                    0x08000144   Section       36  startup_stm32f10x_hd.o(.text)
    .text                                    0x08000168   Section        0  tolower.o(.text)
    .text                                    0x08000174   Section        0  memseta.o(.text)
    .text                                    0x08000198   Section        0  strstr.o(.text)
    .text                                    0x080001bc   Section        0  strncmp.o(.text)
    .text                                    0x080001da   Section        0  atoi.o(.text)
    .text                                    0x080001f4   Section        0  dadd.o(.text)
    .text                                    0x08000342   Section        0  dmul.o(.text)
    .text                                    0x08000426   Section        0  ddiv.o(.text)
    .text                                    0x08000504   Section        0  dscalb.o(.text)
    .text                                    0x08000532   Section        0  dflti.o(.text)
    .text                                    0x08000554   Section        0  dfixi.o(.text)
    .text                                    0x08000594   Section       48  cdrcmple.o(.text)
    .text                                    0x080005c4   Section        0  uidiv.o(.text)
    .text                                    0x080005f0   Section        0  uldiv.o(.text)
    .text                                    0x08000652   Section        0  llshl.o(.text)
    .text                                    0x08000670   Section        0  llushr.o(.text)
    .text                                    0x08000690   Section        0  llsshr.o(.text)
    .text                                    0x080006b4   Section        0  strtol.o(.text)
    .text                                    0x08000724   Section        0  iusefp.o(.text)
    .text                                    0x08000724   Section        0  depilogue.o(.text)
    .text                                    0x080007de   Section        0  dfixul.o(.text)
    .text                                    0x08000810   Section       36  init.o(.text)
    .text                                    0x08000834   Section        0  ctype_o.o(.text)
    .text                                    0x0800083c   Section        0  _strtoul.o(.text)
    .text                                    0x080008da   Section        0  dsqrt.o(.text)
    .text                                    0x0800097c   Section        0  _chval.o(.text)
    i.BusFault_Handler                       0x08000998   Section        0  stm32f10x_it.o(i.BusFault_Handler)
    i.DebugMon_Handler                       0x080009b4   Section        0  stm32f10x_it.o(i.DebugMon_Handler)
    i.EXTI15_10_IRQHandler                   0x080009b6   Section        0  stm32f10x_it.o(i.EXTI15_10_IRQHandler)
    i.EXTI9_5_IRQHandler                     0x080009e4   Section        0  stm32f10x_it.o(i.EXTI9_5_IRQHandler)
    i.EXTI_ClearITPendingBit                 0x08000a00   Section        0  stm32f10x_exti.o(i.EXTI_ClearITPendingBit)
    i.EXTI_GetITStatus                       0x08000a0c   Section        0  stm32f10x_exti.o(i.EXTI_GetITStatus)
    i.GPIO_Init                              0x08000a2c   Section        0  stm32f10x_gpio.o(i.GPIO_Init)
    i.GPIO_ReadInputData                     0x08000ace   Section        0  stm32f10x_gpio.o(i.GPIO_ReadInputData)
    i.GPIO_ResetBits                         0x08000ad4   Section        0  stm32f10x_gpio.o(i.GPIO_ResetBits)
    i.GPIO_SetBits                           0x08000ad8   Section        0  stm32f10x_gpio.o(i.GPIO_SetBits)
    i.GPIO_Write                             0x08000adc   Section        0  stm32f10x_gpio.o(i.GPIO_Write)
    i.GPIO_WriteBit                          0x08000ae0   Section        0  stm32f10x_gpio.o(i.GPIO_WriteBit)
    i.HardFault_Handler                      0x08000aec   Section        0  stm32f10x_it.o(i.HardFault_Handler)
    i.MY_NVIC_Init                           0x08000b24   Section        0  sys.o(i.MY_NVIC_Init)
    i.MemManage_Handler                      0x08000b4c   Section        0  stm32f10x_it.o(i.MemManage_Handler)
    i.NMI_Handler                            0x08000b68   Section        0  stm32f10x_it.o(i.NMI_Handler)
    i.NVIC_Init                              0x08000b6c   Section        0  misc.o(i.NVIC_Init)
    i.NVIC_PriorityGroupConfig               0x08000bd0   Section        0  misc.o(i.NVIC_PriorityGroupConfig)
    i.PWR_BackupAccessCmd                    0x08000be4   Section        0  stm32f10x_pwr.o(i.PWR_BackupAccessCmd)
    i.PendSV_Handler                         0x08000bf0   Section        0  stm32f10x_it.o(i.PendSV_Handler)
    i.RCC_APB1PeriphClockCmd                 0x08000bf4   Section        0  stm32f10x_rcc.o(i.RCC_APB1PeriphClockCmd)
    i.RCC_APB1PeriphResetCmd                 0x08000c0c   Section        0  stm32f10x_rcc.o(i.RCC_APB1PeriphResetCmd)
    i.RCC_APB2PeriphClockCmd                 0x08000c24   Section        0  stm32f10x_rcc.o(i.RCC_APB2PeriphClockCmd)
    i.RCC_APB2PeriphResetCmd                 0x08000c3c   Section        0  stm32f10x_rcc.o(i.RCC_APB2PeriphResetCmd)
    i.RCC_GetClocksFreq                      0x08000c54   Section        0  stm32f10x_rcc.o(i.RCC_GetClocksFreq)
    i.RTC_ClearITPendingBit                  0x08000ce4   Section        0  stm32f10x_rtc.o(i.RTC_ClearITPendingBit)
    i.RTC_EnterConfigMode                    0x08000cf4   Section        0  stm32f10x_rtc.o(i.RTC_EnterConfigMode)
    i.RTC_ExitConfigMode                     0x08000d04   Section        0  stm32f10x_rtc.o(i.RTC_ExitConfigMode)
    i.RTC_GetCounter                         0x08000d14   Section        0  stm32f10x_rtc.o(i.RTC_GetCounter)
    i.RTC_GetITStatus                        0x08000d28   Section        0  stm32f10x_rtc.o(i.RTC_GetITStatus)
    i.RTC_IRQHandler                         0x08000d48   Section        0  rtc.o(i.RTC_IRQHandler)
    i.RTC_SetCounter                         0x08000d8c   Section        0  stm32f10x_rtc.o(i.RTC_SetCounter)
    i.RTC_WaitForLastTask                    0x08000dac   Section        0  stm32f10x_rtc.o(i.RTC_WaitForLastTask)
    i.SVC_Handler                            0x08000dbc   Section        0  stm32f10x_it.o(i.SVC_Handler)
    i.SYSTICK_Configuration                  0x08000dc0   Section        0  systick.o(i.SYSTICK_Configuration)
    i.SYSTICK_NVIC_Configuration             0x08000de8   Section        0  systick.o(i.SYSTICK_NVIC_Configuration)
    i.SYSTICK_init                           0x08000e0a   Section        0  systick.o(i.SYSTICK_init)
    i.SetSysClockTo72                        0x08000e18   Section        0  system_stm32f10x.o(i.SetSysClockTo72)
    SetSysClockTo72                          0x08000e19   Thumb Code   160  system_stm32f10x.o(i.SetSysClockTo72)
    i.SysTick_CLKSourceConfig                0x08000ec0   Section        0  misc.o(i.SysTick_CLKSourceConfig)
    i.SysTick_Handler                        0x08000ed8   Section        0  systick.o(i.SysTick_Handler)
    i.SystemInit                             0x08000ee8   Section        0  system_stm32f10x.o(i.SystemInit)
    i.TIM1_GPIO_Configuration                0x08000f38   Section        0  buzzer.o(i.TIM1_GPIO_Configuration)
    i.TIM2_Configuration                     0x08000f5c   Section        0  timer.o(i.TIM2_Configuration)
    i.TIM2_IRQHandler                        0x08000fb2   Section        0  timer.o(i.TIM2_IRQHandler)
    i.TIM2_Init                              0x08000fd6   Section        0  timer.o(i.TIM2_Init)
    i.TIM2_NVIC_Configuration                0x08000fec   Section        0  timer.o(i.TIM2_NVIC_Configuration)
    i.TIM3_CH1_set_servo_degree              0x08001010   Section        0  pwm_output.o(i.TIM3_CH1_set_servo_degree)
    i.TIM3_CH2_set_servo_degree              0x08001034   Section        0  pwm_output.o(i.TIM3_CH2_set_servo_degree)
    i.TIM3_GPIO_Configuration                0x08001058   Section        0  pwm_output.o(i.TIM3_GPIO_Configuration)
    i.TIM3_RCC_Configuration                 0x0800108c   Section        0  pwm_output.o(i.TIM3_RCC_Configuration)
    i.TIM3_pwm_init                          0x080010a4   Section        0  pwm_output.o(i.TIM3_pwm_init)
    i.TIM6_IRQHandler                        0x08001168   Section        0  buzzer.o(i.TIM6_IRQHandler)
    i.TIME6_init                             0x080011ac   Section        0  buzzer.o(i.TIME6_init)
    TIME6_init                               0x080011ad   Thumb Code   126  buzzer.o(i.TIME6_init)
    i.TIM_ARRPreloadConfig                   0x08001238   Section        0  stm32f10x_tim.o(i.TIM_ARRPreloadConfig)
    i.TIM_ClearFlag                          0x0800124c   Section        0  stm32f10x_tim.o(i.TIM_ClearFlag)
    i.TIM_ClearITPendingBit                  0x08001252   Section        0  stm32f10x_tim.o(i.TIM_ClearITPendingBit)
    i.TIM_Cmd                                0x08001258   Section        0  stm32f10x_tim.o(i.TIM_Cmd)
    i.TIM_DeInit                             0x0800126c   Section        0  stm32f10x_tim.o(i.TIM_DeInit)
    i.TIM_GetITStatus                        0x080013dc   Section        0  stm32f10x_tim.o(i.TIM_GetITStatus)
    i.TIM_ITConfig                           0x080013f4   Section        0  stm32f10x_tim.o(i.TIM_ITConfig)
    i.TIM_InternalClockConfig                0x08001404   Section        0  stm32f10x_tim.o(i.TIM_InternalClockConfig)
    i.TIM_OC1Init                            0x08001410   Section        0  stm32f10x_tim.o(i.TIM_OC1Init)
    i.TIM_OC1PreloadConfig                   0x08001490   Section        0  stm32f10x_tim.o(i.TIM_OC1PreloadConfig)
    i.TIM_OC2Init                            0x0800149c   Section        0  stm32f10x_tim.o(i.TIM_OC2Init)
    i.TIM_OC2PreloadConfig                   0x0800151c   Section        0  stm32f10x_tim.o(i.TIM_OC2PreloadConfig)
    i.TIM_OC3Init                            0x08001530   Section        0  stm32f10x_tim.o(i.TIM_OC3Init)
    i.TIM_OC3PreloadConfig                   0x080015ac   Section        0  stm32f10x_tim.o(i.TIM_OC3PreloadConfig)
    i.TIM_OC4Init                            0x080015b8   Section        0  stm32f10x_tim.o(i.TIM_OC4Init)
    i.TIM_OC4PreloadConfig                   0x0800161c   Section        0  stm32f10x_tim.o(i.TIM_OC4PreloadConfig)
    i.TIM_SetCompare1                        0x08001630   Section        0  stm32f10x_tim.o(i.TIM_SetCompare1)
    i.TIM_SetCompare2                        0x08001634   Section        0  stm32f10x_tim.o(i.TIM_SetCompare2)
    i.TIM_TimeBaseInit                       0x08001638   Section        0  stm32f10x_tim.o(i.TIM_TimeBaseInit)
    i.Time_Adjust                            0x080016d4   Section        0  rtc.o(i.Time_Adjust)
    i.UART4_IRQHandler                       0x0800170c   Section        0  hal_uart4.o(i.UART4_IRQHandler)
    i.UART4_Init                             0x08001750   Section        0  hal_uart4.o(i.UART4_Init)
    i.USART1_Detail_Configuration            0x08001804   Section        0  hal_usart1.o(i.USART1_Detail_Configuration)
    i.USART1_IRQHandler                      0x0800189c   Section        0  hal_usart1.o(i.USART1_IRQHandler)
    i.USART1_NVIC_Configuration              0x080018c4   Section        0  hal_usart1.o(i.USART1_NVIC_Configuration)
    i.USART1_init                            0x080018e4   Section        0  hal_usart1.o(i.USART1_init)
    i.USART2_IRQHandler                      0x080018f4   Section        0  stm32f10x_it.o(i.USART2_IRQHandler)
    i.USART3_IRQHandler                      0x08001918   Section        0  stm32f10x_it.o(i.USART3_IRQHandler)
    i.USART_ClearFlag                        0x0800193c   Section        0  stm32f10x_usart.o(i.USART_ClearFlag)
    i.USART_Cmd                              0x08001942   Section        0  stm32f10x_usart.o(i.USART_Cmd)
    i.USART_DeInit                           0x08001958   Section        0  stm32f10x_usart.o(i.USART_DeInit)
    i.USART_GetFlagStatus                    0x080019cc   Section        0  stm32f10x_usart.o(i.USART_GetFlagStatus)
    i.USART_GetITStatus                      0x080019da   Section        0  stm32f10x_usart.o(i.USART_GetITStatus)
    i.USART_ITConfig                         0x08001a18   Section        0  stm32f10x_usart.o(i.USART_ITConfig)
    i.USART_Init                             0x08001a48   Section        0  stm32f10x_usart.o(i.USART_Init)
    i.USART_ReceiveData                      0x08001af4   Section        0  stm32f10x_usart.o(i.USART_ReceiveData)
    i.USART_SendData                         0x08001afc   Section        0  stm32f10x_usart.o(i.USART_SendData)
    i.UsageFault_Handler                     0x08001b04   Section        0  stm32f10x_it.o(i.UsageFault_Handler)
    i.__0printf                              0x08001b20   Section        0  printfa.o(i.__0printf)
    i.__ARM_fpclassify                       0x08001b40   Section        0  fpclassify.o(i.__ARM_fpclassify)
    i.__aeabi_errno_addr                     0x08001b68   Section        0  errno.o(i.__aeabi_errno_addr)
    i.__kernel_poly                          0x08001b70   Section        0  poly.o(i.__kernel_poly)
    i.__mathlib_dbl_divzero                  0x08001c1c   Section        0  dunder.o(i.__mathlib_dbl_divzero)
    i.__mathlib_dbl_infnan2                  0x08001c2c   Section        0  dunder.o(i.__mathlib_dbl_infnan2)
    i.__mathlib_dbl_invalid                  0x08001c30   Section        0  dunder.o(i.__mathlib_dbl_invalid)
    i.__mathlib_dbl_overflow                 0x08001c3c   Section        0  dunder.o(i.__mathlib_dbl_overflow)
    i.__mathlib_dbl_underflow                0x08001c4c   Section        0  dunder.o(i.__mathlib_dbl_underflow)
    i.__scatterload_copy                     0x08001c5c   Section       14  handlers.o(i.__scatterload_copy)
    i.__scatterload_null                     0x08001c6a   Section        2  handlers.o(i.__scatterload_null)
    i.__scatterload_zeroinit                 0x08001c6c   Section       14  handlers.o(i.__scatterload_zeroinit)
    i.__set_errno                            0x08001c7c   Section        0  errno.o(i.__set_errno)
    i._fp_digits                             0x08001c88   Section        0  printfa.o(i._fp_digits)
    _fp_digits                               0x08001c89   Thumb Code   334  printfa.o(i._fp_digits)
    i._printf_core                           0x08001dec   Section        0  printfa.o(i._printf_core)
    _printf_core                             0x08001ded   Thumb Code  1744  printfa.o(i._printf_core)
    i._printf_post_padding                   0x080024c8   Section        0  printfa.o(i._printf_post_padding)
    _printf_post_padding                     0x080024c9   Thumb Code    36  printfa.o(i._printf_post_padding)
    i._printf_pre_padding                    0x080024ec   Section        0  printfa.o(i._printf_pre_padding)
    _printf_pre_padding                      0x080024ed   Thumb Code    46  printfa.o(i._printf_pre_padding)
    i.analysis_json_value                    0x0800251c   Section        0  hal_usart1.o(i.analysis_json_value)
    i.buzzerClose                            0x0800260c   Section        0  buzzer.o(i.buzzerClose)
    i.buzzerInit                             0x0800260e   Section        0  buzzer.o(i.buzzerInit)
    i.cJSON_Delete                           0x0800261c   Section        0  cjson.o(i.cJSON_Delete)
    i.cJSON_GetObjectItem                    0x0800265c   Section        0  cjson.o(i.cJSON_GetObjectItem)
    i.cJSON_New_Item                         0x08002678   Section        0  cjson.o(i.cJSON_New_Item)
    cJSON_New_Item                           0x08002679   Thumb Code    24  cjson.o(i.cJSON_New_Item)
    i.cJSON_Parse                            0x08002694   Section        0  cjson.o(i.cJSON_Parse)
    i.cJSON_ParseWithOpts                    0x0800269c   Section        0  cjson.o(i.cJSON_ParseWithOpts)
    i.cJSON_strcasecmp                       0x080026fc   Section        0  cjson.o(i.cJSON_strcasecmp)
    cJSON_strcasecmp                         0x080026fd   Thumb Code    66  cjson.o(i.cJSON_strcasecmp)
    i.delay_ms                               0x0800273e   Section        0  systick.o(i.delay_ms)
    i.delay_us                               0x0800275c   Section        0  systick.o(i.delay_us)
    i.doorOpen                               0x08002778   Section        0  door.o(i.doorOpen)
    i.fputc                                  0x080027a8   Section        0  hal_usart1.o(i.fputc)
    i.free                                   0x080027cc   Section        0  malloc.o(i.free)
    i.lcd_clr                                0x0800281c   Section        0  lcd12864.o(i.lcd_clr)
    i.lcd_gpio_init                          0x08002860   Section        0  lcd12864.o(i.lcd_gpio_init)
    i.lcd_init                               0x080028c0   Section        0  lcd12864.o(i.lcd_init)
    i.lcd_set_dsp_position                   0x0800292c   Section        0  lcd12864.o(i.lcd_set_dsp_position)
    i.lcd_write_cmd                          0x08002964   Section        0  lcd12864.o(i.lcd_write_cmd)
    i.lcd_write_data                         0x08002a2c   Section        0  lcd12864.o(i.lcd_write_data)
    i.lightClose                             0x08002aec   Section        0  light.o(i.lightClose)
    i.light_init                             0x08002afc   Section        0  light.o(i.light_init)
    i.main                                   0x08002b28   Section        0  main.o(i.main)
    i.malloc                                 0x08002b34   Section        0  malloc.o(i.malloc)
    i.parse_array                            0x08002ba0   Section        0  cjson.o(i.parse_array)
    parse_array                              0x08002ba1   Thumb Code   114  cjson.o(i.parse_array)
    i.parse_hex4                             0x08002c18   Section        0  cjson.o(i.parse_hex4)
    parse_hex4                               0x08002c19   Thumb Code   166  cjson.o(i.parse_hex4)
    i.parse_number                           0x08002cc0   Section        0  cjson.o(i.parse_number)
    parse_number                             0x08002cc1   Thumb Code   332  cjson.o(i.parse_number)
    i.parse_object                           0x08002e18   Section        0  cjson.o(i.parse_object)
    parse_object                             0x08002e19   Thumb Code   180  cjson.o(i.parse_object)
    i.parse_string                           0x08002ed0   Section        0  cjson.o(i.parse_string)
    parse_string                             0x08002ed1   Thumb Code   374  cjson.o(i.parse_string)
    i.parse_value                            0x08003050   Section        0  cjson.o(i.parse_value)
    parse_value                              0x08003051   Thumb Code   152  cjson.o(i.parse_value)
    i.pow                                    0x08003104   Section        0  pow.o(i.pow)
    i.set_lcd_data_gpio_to_output            0x08003abc   Section        0  lcd12864.o(i.set_lcd_data_gpio_to_output)
    i.skip                                   0x08003ae8   Section        0  cjson.o(i.skip)
    skip                                     0x08003ae9   Thumb Code    20  cjson.o(i.skip)
    i.sqrt                                   0x08003afc   Section        0  sqrt.o(i.sqrt)
    i.task_driver                            0x08003b48   Section        0  task.o(i.task_driver)
    i.task_init                              0x08003b54   Section        0  task.o(i.task_init)
    i.usart1_driver                          0x08003ba8   Section        0  hal_usart1.o(i.usart1_driver)
    i.usart1_get_str                         0x08003bd8   Section        0  hal_usart1.o(i.usart1_get_str)
    i.usart1_read_str                        0x08003c04   Section        0  hal_usart1.o(i.usart1_read_str)
    i.usart1_rx_fifo_clean                   0x08003c28   Section        0  hal_usart1.o(i.usart1_rx_fifo_clean)
    i.usart1_rx_fifo_is_full                 0x08003c3c   Section        0  hal_usart1.o(i.usart1_rx_fifo_is_full)
    i.usart1_rx_fifo_len                     0x08003c54   Section        0  hal_usart1.o(i.usart1_rx_fifo_len)
    i.usart1_rx_fifo_monitor                 0x08003c64   Section        0  hal_usart1.o(i.usart1_rx_fifo_monitor)
    i.usart1_rx_fifo_put                     0x08003ca0   Section        0  hal_usart1.o(i.usart1_rx_fifo_put)
    i.usart1_send_str                        0x08003ccc   Section        0  hal_usart1.o(i.usart1_send_str)
    i.usart_data_analysis_process            0x08003cf8   Section        0  hal_usart1.o(i.usart_data_analysis_process)
    .constdata                               0x08003df0   Section        7  cjson.o(.constdata)
    firstByteMark                            0x08003df0   Data           7  cjson.o(.constdata)
    .constdata                               0x08003df8   Section      136  pow.o(.constdata)
    bp                                       0x08003df8   Data          16  pow.o(.constdata)
    dp_h                                     0x08003e08   Data          16  pow.o(.constdata)
    dp_l                                     0x08003e18   Data          16  pow.o(.constdata)
    L                                        0x08003e28   Data          48  pow.o(.constdata)
    P                                        0x08003e58   Data          40  pow.o(.constdata)
    .constdata                               0x08003e80   Section        8  qnan.o(.constdata)
    .constdata                               0x08003e88   Section      129  ctype_o.o(.constdata)
    .constdata                               0x08003f0c   Section        4  ctype_o.o(.constdata)
    table                                    0x08003f0c   Data           4  ctype_o.o(.constdata)
    .data                                    0x20000000   Section        1  main.o(.data)
    .data                                    0x20000004   Section        8  rtc.o(.data)
    TimeVar                                  0x20000008   Data           4  rtc.o(.data)
    .data                                    0x2000000c   Section        4  systick.o(.data)
    .data                                    0x20000010   Section        2  buzzer.o(.data)
    data                                     0x20000011   Data           1  buzzer.o(.data)
    .data                                    0x20000012   Section        1  door.o(.data)
    .data                                    0x20000013   Section        1  door.o(.data)
    .data                                    0x20000014   Section        4  hal_uart4.o(.data)
    .data                                    0x20000018   Section       16  hal_usart1.o(.data)
    cnt_bkp                                  0x2000001a   Data           2  hal_usart1.o(.data)
    idle_tmr                                 0x2000001c   Data           2  hal_usart1.o(.data)
    .data                                    0x20000028   Section       10  pwm_output.o(.data)
    .data                                    0x20000034   Section       20  system_stm32f10x.o(.data)
    .data                                    0x20000048   Section       20  stm32f10x_rcc.o(.data)
    ADCPrescTable                            0x20000048   Data           4  stm32f10x_rcc.o(.data)
    APBAHBPrescTable                         0x2000004c   Data          16  stm32f10x_rcc.o(.data)
    .data                                    0x2000005c   Section       12  cjson.o(.data)
    cJSON_malloc                             0x2000005c   Data           4  cjson.o(.data)
    cJSON_free                               0x20000060   Data           4  cjson.o(.data)
    ep                                       0x20000064   Data           4  cjson.o(.data)
    .data                                    0x20000068   Section        4  stdout.o(.data)
    .data                                    0x2000006c   Section        4  mvars.o(.data)
    .data                                    0x20000070   Section        4  mvars.o(.data)
    .data                                    0x20000074   Section        4  errno.o(.data)
    _errno                                   0x20000074   Data           4  errno.o(.data)
    .bss                                     0x20000078   Section      255  hal_uart4.o(.bss)
    .bss                                     0x20000178   Section      292  hal_usart1.o(.bss)
    temp                                     0x20000178   Data          20  hal_usart1.o(.bss)
    .bss                                     0x2000029c   Section       26  pwm_output.o(.bss)
    HEAP                                     0x200002b8   Section     1024  startup_stm32f10x_hd.o(HEAP)
    STACK                                    0x200006b8   Section     1024  startup_stm32f10x_hd.o(STACK)

    Global Symbols

    Symbol Name                              Value     Ov Type        Size  Object(Section)

    BuildAttributes$$THM_ISAv4$P$D$K$B$S$PE$A:L22UL41UL21$X:L11$S22US41US21$IEEE1$IW$USESV6$~STKCKD$USESV7$~SHL$OTIME$ROPI$IEEEX$EBA8$MICROLIB$REQ8$PRES8$EABIv2 0x00000000   Number         0  anon$$obj.o ABSOLUTE
    __ARM_use_no_argv                        0x00000000   Number         0  main.o ABSOLUTE
    _printf_a                                0x00000000   Number         0  stubs.o ABSOLUTE
    _printf_c                                0x00000000   Number         0  stubs.o ABSOLUTE
    _printf_charcount                        0x00000000   Number         0  stubs.o ABSOLUTE
    _printf_d                                0x00000000   Number         0  stubs.o ABSOLUTE
    _printf_e                                0x00000000   Number         0  stubs.o ABSOLUTE
    _printf_f                                0x00000000   Number         0  stubs.o ABSOLUTE
    _printf_flags                            0x00000000   Number         0  stubs.o ABSOLUTE
    _printf_fp_dec                           0x00000000   Number         0  stubs.o ABSOLUTE
    _printf_fp_hex                           0x00000000   Number         0  stubs.o ABSOLUTE
    _printf_g                                0x00000000   Number         0  stubs.o ABSOLUTE
    _printf_i                                0x00000000   Number         0  stubs.o ABSOLUTE
    _printf_int_dec                          0x00000000   Number         0  stubs.o ABSOLUTE
    _printf_l                                0x00000000   Number         0  stubs.o ABSOLUTE
    _printf_lc                               0x00000000   Number         0  stubs.o ABSOLUTE
    _printf_ll                               0x00000000   Number         0  stubs.o ABSOLUTE
    _printf_lld                              0x00000000   Number         0  stubs.o ABSOLUTE
    _printf_lli                              0x00000000   Number         0  stubs.o ABSOLUTE
    _printf_llo                              0x00000000   Number         0  stubs.o ABSOLUTE
    _printf_llu                              0x00000000   Number         0  stubs.o ABSOLUTE
    _printf_llx                              0x00000000   Number         0  stubs.o ABSOLUTE
    _printf_longlong_dec                     0x00000000   Number         0  stubs.o ABSOLUTE
    _printf_longlong_hex                     0x00000000   Number         0  stubs.o ABSOLUTE
    _printf_longlong_oct                     0x00000000   Number         0  stubs.o ABSOLUTE
    _printf_ls                               0x00000000   Number         0  stubs.o ABSOLUTE
    _printf_mbtowc                           0x00000000   Number         0  stubs.o ABSOLUTE
    _printf_n                                0x00000000   Number         0  stubs.o ABSOLUTE
    _printf_o                                0x00000000   Number         0  stubs.o ABSOLUTE
    _printf_p                                0x00000000   Number         0  stubs.o ABSOLUTE
    _printf_percent                          0x00000000   Number         0  stubs.o ABSOLUTE
    _printf_pre_padding                      0x00000000   Number         0  stubs.o ABSOLUTE
    _printf_return_value                     0x00000000   Number         0  stubs.o ABSOLUTE
    _printf_s                                0x00000000   Number         0  stubs.o ABSOLUTE
    _printf_sizespec                         0x00000000   Number         0  stubs.o ABSOLUTE
    _printf_str                              0x00000000   Number         0  stubs.o ABSOLUTE
    _printf_truncate_signed                  0x00000000   Number         0  stubs.o ABSOLUTE
    _printf_truncate_unsigned                0x00000000   Number         0  stubs.o ABSOLUTE
    _printf_u                                0x00000000   Number         0  stubs.o ABSOLUTE
    _printf_wc                               0x00000000   Number         0  stubs.o ABSOLUTE
    _printf_wctomb                           0x00000000   Number         0  stubs.o ABSOLUTE
    _printf_widthprec                        0x00000000   Number         0  stubs.o ABSOLUTE
    _printf_x                                0x00000000   Number         0  stubs.o ABSOLUTE
    __cpp_initialize__aeabi_                  - Undefined Weak Reference
    __cxa_finalize                            - Undefined Weak Reference
    __decompress                              - Undefined Weak Reference
    _clock_init                               - Undefined Weak Reference
    _microlib_exit                            - Undefined Weak Reference
    __Vectors_Size                           0x00000130   Number         0  startup_stm32f10x_hd.o ABSOLUTE
    __Vectors                                0x08000000   Data           4  startup_stm32f10x_hd.o(RESET)
    __Vectors_End                            0x08000130   Data           0  startup_stm32f10x_hd.o(RESET)
    __main                                   0x08000131   Thumb Code     0  entry.o(.ARM.Collect$$$$00000000)
    _main_stk                                0x08000131   Thumb Code     0  entry2.o(.ARM.Collect$$$$00000001)
    _main_scatterload                        0x08000135   Thumb Code     0  entry5.o(.ARM.Collect$$$$00000004)
    __main_after_scatterload                 0x08000139   Thumb Code     0  entry5.o(.ARM.Collect$$$$00000004)
    _main_clock                              0x08000139   Thumb Code     0  entry7b.o(.ARM.Collect$$$$00000008)
    _main_cpp_init                           0x08000139   Thumb Code     0  entry8b.o(.ARM.Collect$$$$0000000A)
    _main_init                               0x08000139   Thumb Code     0  entry9a.o(.ARM.Collect$$$$0000000B)
    __rt_final_cpp                           0x08000141   Thumb Code     0  entry10a.o(.ARM.Collect$$$$0000000D)
    __rt_final_exit                          0x08000141   Thumb Code     0  entry11a.o(.ARM.Collect$$$$0000000F)
    Reset_Handler                            0x08000145   Thumb Code     8  startup_stm32f10x_hd.o(.text)
    ADC1_2_IRQHandler                        0x0800015f   Thumb Code     0  startup_stm32f10x_hd.o(.text)
    ADC3_IRQHandler                          0x0800015f   Thumb Code     0  startup_stm32f10x_hd.o(.text)
    CAN1_RX1_IRQHandler                      0x0800015f   Thumb Code     0  startup_stm32f10x_hd.o(.text)
    CAN1_SCE_IRQHandler                      0x0800015f   Thumb Code     0  startup_stm32f10x_hd.o(.text)
    DMA1_Channel1_IRQHandler                 0x0800015f   Thumb Code     0  startup_stm32f10x_hd.o(.text)
    DMA1_Channel2_IRQHandler                 0x0800015f   Thumb Code     0  startup_stm32f10x_hd.o(.text)
    DMA1_Channel3_IRQHandler                 0x0800015f   Thumb Code     0  startup_stm32f10x_hd.o(.text)
    DMA1_Channel4_IRQHandler                 0x0800015f   Thumb Code     0  startup_stm32f10x_hd.o(.text)
    DMA1_Channel5_IRQHandler                 0x0800015f   Thumb Code     0  startup_stm32f10x_hd.o(.text)
    DMA1_Channel6_IRQHandler                 0x0800015f   Thumb Code     0  startup_stm32f10x_hd.o(.text)
    DMA1_Channel7_IRQHandler                 0x0800015f   Thumb Code     0  startup_stm32f10x_hd.o(.text)
    DMA2_Channel1_IRQHandler                 0x0800015f   Thumb Code     0  startup_stm32f10x_hd.o(.text)
    DMA2_Channel2_IRQHandler                 0x0800015f   Thumb Code     0  startup_stm32f10x_hd.o(.text)
    DMA2_Channel3_IRQHandler                 0x0800015f   Thumb Code     0  startup_stm32f10x_hd.o(.text)
    DMA2_Channel4_5_IRQHandler               0x0800015f   Thumb Code     0  startup_stm32f10x_hd.o(.text)
    EXTI0_IRQHandler                         0x0800015f   Thumb Code     0  startup_stm32f10x_hd.o(.text)
    EXTI1_IRQHandler                         0x0800015f   Thumb Code     0  startup_stm32f10x_hd.o(.text)
    EXTI2_IRQHandler                         0x0800015f   Thumb Code     0  startup_stm32f10x_hd.o(.text)
    EXTI3_IRQHandler                         0x0800015f   Thumb Code     0  startup_stm32f10x_hd.o(.text)
    EXTI4_IRQHandler                         0x0800015f   Thumb Code     0  startup_stm32f10x_hd.o(.text)
    FLASH_IRQHandler                         0x0800015f   Thumb Code     0  startup_stm32f10x_hd.o(.text)
    FSMC_IRQHandler                          0x0800015f   Thumb Code     0  startup_stm32f10x_hd.o(.text)
    I2C1_ER_IRQHandler                       0x0800015f   Thumb Code     0  startup_stm32f10x_hd.o(.text)
    I2C1_EV_IRQHandler                       0x0800015f   Thumb Code     0  startup_stm32f10x_hd.o(.text)
    I2C2_ER_IRQHandler                       0x0800015f   Thumb Code     0  startup_stm32f10x_hd.o(.text)
    I2C2_EV_IRQHandler                       0x0800015f   Thumb Code     0  startup_stm32f10x_hd.o(.text)
    PVD_IRQHandler                           0x0800015f   Thumb Code     0  startup_stm32f10x_hd.o(.text)
    RCC_IRQHandler                           0x0800015f   Thumb Code     0  startup_stm32f10x_hd.o(.text)
    RTCAlarm_IRQHandler                      0x0800015f   Thumb Code     0  startup_stm32f10x_hd.o(.text)
    SDIO_IRQHandler                          0x0800015f   Thumb Code     0  startup_stm32f10x_hd.o(.text)
    SPI1_IRQHandler                          0x0800015f   Thumb Code     0  startup_stm32f10x_hd.o(.text)
    SPI2_IRQHandler                          0x0800015f   Thumb Code     0  startup_stm32f10x_hd.o(.text)
    SPI3_IRQHandler                          0x0800015f   Thumb Code     0  startup_stm32f10x_hd.o(.text)
    TAMPER_IRQHandler                        0x0800015f   Thumb Code     0  startup_stm32f10x_hd.o(.text)
    TIM1_BRK_IRQHandler                      0x0800015f   Thumb Code     0  startup_stm32f10x_hd.o(.text)
    TIM1_CC_IRQHandler                       0x0800015f   Thumb Code     0  startup_stm32f10x_hd.o(.text)
    TIM1_TRG_COM_IRQHandler                  0x0800015f   Thumb Code     0  startup_stm32f10x_hd.o(.text)
    TIM1_UP_IRQHandler                       0x0800015f   Thumb Code     0  startup_stm32f10x_hd.o(.text)
    TIM3_IRQHandler                          0x0800015f   Thumb Code     0  startup_stm32f10x_hd.o(.text)
    TIM4_IRQHandler                          0x0800015f   Thumb Code     0  startup_stm32f10x_hd.o(.text)
    TIM5_IRQHandler                          0x0800015f   Thumb Code     0  startup_stm32f10x_hd.o(.text)
    TIM7_IRQHandler                          0x0800015f   Thumb Code     0  startup_stm32f10x_hd.o(.text)
    TIM8_BRK_IRQHandler                      0x0800015f   Thumb Code     0  startup_stm32f10x_hd.o(.text)
    TIM8_CC_IRQHandler                       0x0800015f   Thumb Code     0  startup_stm32f10x_hd.o(.text)
    TIM8_TRG_COM_IRQHandler                  0x0800015f   Thumb Code     0  startup_stm32f10x_hd.o(.text)
    TIM8_UP_IRQHandler                       0x0800015f   Thumb Code     0  startup_stm32f10x_hd.o(.text)
    UART5_IRQHandler                         0x0800015f   Thumb Code     0  startup_stm32f10x_hd.o(.text)
    USBWakeUp_IRQHandler                     0x0800015f   Thumb Code     0  startup_stm32f10x_hd.o(.text)
    USB_HP_CAN1_TX_IRQHandler                0x0800015f   Thumb Code     0  startup_stm32f10x_hd.o(.text)
    USB_LP_CAN1_RX0_IRQHandler               0x0800015f   Thumb Code     0  startup_stm32f10x_hd.o(.text)
    WWDG_IRQHandler                          0x0800015f   Thumb Code     0  startup_stm32f10x_hd.o(.text)
    tolower                                  0x08000169   Thumb Code    12  tolower.o(.text)
    __aeabi_memset                           0x08000175   Thumb Code    14  memseta.o(.text)
    __aeabi_memset4                          0x08000175   Thumb Code     0  memseta.o(.text)
    __aeabi_memset8                          0x08000175   Thumb Code     0  memseta.o(.text)
    __aeabi_memclr                           0x08000183   Thumb Code     4  memseta.o(.text)
    __aeabi_memclr4                          0x08000183   Thumb Code     0  memseta.o(.text)
    __aeabi_memclr8                          0x08000183   Thumb Code     0  memseta.o(.text)
    _memset$wrapper                          0x08000187   Thumb Code    18  memseta.o(.text)
    strstr                                   0x08000199   Thumb Code    36  strstr.o(.text)
    strncmp                                  0x080001bd   Thumb Code    30  strncmp.o(.text)
    atoi                                     0x080001db   Thumb Code    26  atoi.o(.text)
    __aeabi_dadd                             0x080001f5   Thumb Code   322  dadd.o(.text)
    __aeabi_dsub                             0x08000337   Thumb Code     6  dadd.o(.text)
    __aeabi_drsub                            0x0800033d   Thumb Code     6  dadd.o(.text)
    __aeabi_dmul                             0x08000343   Thumb Code   228  dmul.o(.text)
    __aeabi_ddiv                             0x08000427   Thumb Code   222  ddiv.o(.text)
    __ARM_scalbn                             0x08000505   Thumb Code    46  dscalb.o(.text)
    scalbn                                   0x08000505   Thumb Code     0  dscalb.o(.text)
    __aeabi_i2d                              0x08000533   Thumb Code    34  dflti.o(.text)
    __aeabi_d2iz                             0x08000555   Thumb Code    62  dfixi.o(.text)
    __aeabi_cdrcmple                         0x08000595   Thumb Code    48  cdrcmple.o(.text)
    __aeabi_uidiv                            0x080005c5   Thumb Code     0  uidiv.o(.text)
    __aeabi_uidivmod                         0x080005c5   Thumb Code    44  uidiv.o(.text)
    __aeabi_uldivmod                         0x080005f1   Thumb Code    98  uldiv.o(.text)
    __aeabi_llsl                             0x08000653   Thumb Code    30  llshl.o(.text)
    _ll_shift_l                              0x08000653   Thumb Code     0  llshl.o(.text)
    __aeabi_llsr                             0x08000671   Thumb Code    32  llushr.o(.text)
    _ll_ushift_r                             0x08000671   Thumb Code     0  llushr.o(.text)
    __aeabi_lasr                             0x08000691   Thumb Code    36  llsshr.o(.text)
    _ll_sshift_r                             0x08000691   Thumb Code     0  llsshr.o(.text)
    strtol                                   0x080006b5   Thumb Code   112  strtol.o(.text)
    __I$use$fp                               0x08000725   Thumb Code     0  iusefp.o(.text)
    _double_round                            0x08000725   Thumb Code    30  depilogue.o(.text)
    _double_epilogue                         0x08000743   Thumb Code   156  depilogue.o(.text)
    __aeabi_d2ulz                            0x080007df   Thumb Code    48  dfixul.o(.text)
    __scatterload                            0x08000811   Thumb Code    28  init.o(.text)
    __scatterload_rt2                        0x08000811   Thumb Code     0  init.o(.text)
    __rt_ctype_table                         0x08000835   Thumb Code     4  ctype_o.o(.text)
    _strtoul                                 0x0800083d   Thumb Code   158  _strtoul.o(.text)
    _dsqrt                                   0x080008db   Thumb Code   162  dsqrt.o(.text)
    _chval                                   0x0800097d   Thumb Code    28  _chval.o(.text)
    BusFault_Handler                         0x08000999   Thumb Code     8  stm32f10x_it.o(i.BusFault_Handler)
    DebugMon_Handler                         0x080009b5   Thumb Code     2  stm32f10x_it.o(i.DebugMon_Handler)
    EXTI15_10_IRQHandler                     0x080009b7   Thumb Code    46  stm32f10x_it.o(i.EXTI15_10_IRQHandler)
    EXTI9_5_IRQHandler                       0x080009e5   Thumb Code    28  stm32f10x_it.o(i.EXTI9_5_IRQHandler)
    EXTI_ClearITPendingBit                   0x08000a01   Thumb Code     6  stm32f10x_exti.o(i.EXTI_ClearITPendingBit)
    EXTI_GetITStatus                         0x08000a0d   Thumb Code    28  stm32f10x_exti.o(i.EXTI_GetITStatus)
    GPIO_Init                                0x08000a2d   Thumb Code   162  stm32f10x_gpio.o(i.GPIO_Init)
    GPIO_ReadInputData                       0x08000acf   Thumb Code     6  stm32f10x_gpio.o(i.GPIO_ReadInputData)
    GPIO_ResetBits                           0x08000ad5   Thumb Code     4  stm32f10x_gpio.o(i.GPIO_ResetBits)
    GPIO_SetBits                             0x08000ad9   Thumb Code     4  stm32f10x_gpio.o(i.GPIO_SetBits)
    GPIO_Write                               0x08000add   Thumb Code     4  stm32f10x_gpio.o(i.GPIO_Write)
    GPIO_WriteBit                            0x08000ae1   Thumb Code    10  stm32f10x_gpio.o(i.GPIO_WriteBit)
    HardFault_Handler                        0x08000aed   Thumb Code    26  stm32f10x_it.o(i.HardFault_Handler)
    MY_NVIC_Init                             0x08000b25   Thumb Code    40  sys.o(i.MY_NVIC_Init)
    MemManage_Handler                        0x08000b4d   Thumb Code     8  stm32f10x_it.o(i.MemManage_Handler)
    NMI_Handler                              0x08000b69   Thumb Code     2  stm32f10x_it.o(i.NMI_Handler)
    NVIC_Init                                0x08000b6d   Thumb Code    94  misc.o(i.NVIC_Init)
    NVIC_PriorityGroupConfig                 0x08000bd1   Thumb Code    10  misc.o(i.NVIC_PriorityGroupConfig)
    PWR_BackupAccessCmd                      0x08000be5   Thumb Code     6  stm32f10x_pwr.o(i.PWR_BackupAccessCmd)
    PendSV_Handler                           0x08000bf1   Thumb Code     2  stm32f10x_it.o(i.PendSV_Handler)
    RCC_APB1PeriphClockCmd                   0x08000bf5   Thumb Code    18  stm32f10x_rcc.o(i.RCC_APB1PeriphClockCmd)
    RCC_APB1PeriphResetCmd                   0x08000c0d   Thumb Code    18  stm32f10x_rcc.o(i.RCC_APB1PeriphResetCmd)
    RCC_APB2PeriphClockCmd                   0x08000c25   Thumb Code    18  stm32f10x_rcc.o(i.RCC_APB2PeriphClockCmd)
    RCC_APB2PeriphResetCmd                   0x08000c3d   Thumb Code    18  stm32f10x_rcc.o(i.RCC_APB2PeriphResetCmd)
    RCC_GetClocksFreq                        0x08000c55   Thumb Code   128  stm32f10x_rcc.o(i.RCC_GetClocksFreq)
    RTC_ClearITPendingBit                    0x08000ce5   Thumb Code    10  stm32f10x_rtc.o(i.RTC_ClearITPendingBit)
    RTC_EnterConfigMode                      0x08000cf5   Thumb Code    12  stm32f10x_rtc.o(i.RTC_EnterConfigMode)
    RTC_ExitConfigMode                       0x08000d05   Thumb Code    12  stm32f10x_rtc.o(i.RTC_ExitConfigMode)
    RTC_GetCounter                           0x08000d15   Thumb Code    16  stm32f10x_rtc.o(i.RTC_GetCounter)
    RTC_GetITStatus                          0x08000d29   Thumb Code    28  stm32f10x_rtc.o(i.RTC_GetITStatus)
    RTC_IRQHandler                           0x08000d49   Thumb Code    58  rtc.o(i.RTC_IRQHandler)
    RTC_SetCounter                           0x08000d8d   Thumb Code    26  stm32f10x_rtc.o(i.RTC_SetCounter)
    RTC_WaitForLastTask                      0x08000dad   Thumb Code    10  stm32f10x_rtc.o(i.RTC_WaitForLastTask)
    SVC_Handler                              0x08000dbd   Thumb Code     2  stm32f10x_it.o(i.SVC_Handler)
    SYSTICK_Configuration                    0x08000dc1   Thumb Code    30  systick.o(i.SYSTICK_Configuration)
    SYSTICK_NVIC_Configuration               0x08000de9   Thumb Code    34  systick.o(i.SYSTICK_NVIC_Configuration)
    SYSTICK_init                             0x08000e0b   Thumb Code    14  systick.o(i.SYSTICK_init)
    SysTick_CLKSourceConfig                  0x08000ec1   Thumb Code    24  misc.o(i.SysTick_CLKSourceConfig)
    SysTick_Handler                          0x08000ed9   Thumb Code    10  systick.o(i.SysTick_Handler)
    SystemInit                               0x08000ee9   Thumb Code    64  system_stm32f10x.o(i.SystemInit)
    TIM1_GPIO_Configuration                  0x08000f39   Thumb Code    32  buzzer.o(i.TIM1_GPIO_Configuration)
    TIM2_Configuration                       0x08000f5d   Thumb Code    86  timer.o(i.TIM2_Configuration)
    TIM2_IRQHandler                          0x08000fb3   Thumb Code    36  timer.o(i.TIM2_IRQHandler)
    TIM2_Init                                0x08000fd7   Thumb Code    22  timer.o(i.TIM2_Init)
    TIM2_NVIC_Configuration                  0x08000fed   Thumb Code    34  timer.o(i.TIM2_NVIC_Configuration)
    TIM3_CH1_set_servo_degree                0x08001011   Thumb Code    30  pwm_output.o(i.TIM3_CH1_set_servo_degree)
    TIM3_CH2_set_servo_degree                0x08001035   Thumb Code    30  pwm_output.o(i.TIM3_CH2_set_servo_degree)
    TIM3_GPIO_Configuration                  0x08001059   Thumb Code    42  pwm_output.o(i.TIM3_GPIO_Configuration)
    TIM3_RCC_Configuration                   0x0800108d   Thumb Code    22  pwm_output.o(i.TIM3_RCC_Configuration)
    TIM3_pwm_init                            0x080010a5   Thumb Code   176  pwm_output.o(i.TIM3_pwm_init)
    TIM6_IRQHandler                          0x08001169   Thumb Code    56  buzzer.o(i.TIM6_IRQHandler)
    TIM_ARRPreloadConfig                     0x08001239   Thumb Code    20  stm32f10x_tim.o(i.TIM_ARRPreloadConfig)
    TIM_ClearFlag                            0x0800124d   Thumb Code     6  stm32f10x_tim.o(i.TIM_ClearFlag)
    TIM_ClearITPendingBit                    0x08001253   Thumb Code     6  stm32f10x_tim.o(i.TIM_ClearITPendingBit)
    TIM_Cmd                                  0x08001259   Thumb Code    20  stm32f10x_tim.o(i.TIM_Cmd)
    TIM_DeInit                               0x0800126d   Thumb Code   304  stm32f10x_tim.o(i.TIM_DeInit)
    TIM_GetITStatus                          0x080013dd   Thumb Code    24  stm32f10x_tim.o(i.TIM_GetITStatus)
    TIM_ITConfig                             0x080013f5   Thumb Code    16  stm32f10x_tim.o(i.TIM_ITConfig)
    TIM_InternalClockConfig                  0x08001405   Thumb Code    10  stm32f10x_tim.o(i.TIM_InternalClockConfig)
    TIM_OC1Init                              0x08001411   Thumb Code   106  stm32f10x_tim.o(i.TIM_OC1Init)
    TIM_OC1PreloadConfig                     0x08001491   Thumb Code    12  stm32f10x_tim.o(i.TIM_OC1PreloadConfig)
    TIM_OC2Init                              0x0800149d   Thumb Code   120  stm32f10x_tim.o(i.TIM_OC2Init)
    TIM_OC2PreloadConfig                     0x0800151d   Thumb Code    20  stm32f10x_tim.o(i.TIM_OC2PreloadConfig)
    TIM_OC3Init                              0x08001531   Thumb Code   116  stm32f10x_tim.o(i.TIM_OC3Init)
    TIM_OC3PreloadConfig                     0x080015ad   Thumb Code    12  stm32f10x_tim.o(i.TIM_OC3PreloadConfig)
    TIM_OC4Init                              0x080015b9   Thumb Code    90  stm32f10x_tim.o(i.TIM_OC4Init)
    TIM_OC4PreloadConfig                     0x0800161d   Thumb Code    20  stm32f10x_tim.o(i.TIM_OC4PreloadConfig)
    TIM_SetCompare1                          0x08001631   Thumb Code     4  stm32f10x_tim.o(i.TIM_SetCompare1)
    TIM_SetCompare2                          0x08001635   Thumb Code     4  stm32f10x_tim.o(i.TIM_SetCompare2)
    TIM_TimeBaseInit                         0x08001639   Thumb Code   114  stm32f10x_tim.o(i.TIM_TimeBaseInit)
    Time_Adjust                              0x080016d5   Thumb Code    56  rtc.o(i.Time_Adjust)
    UART4_IRQHandler                         0x0800170d   Thumb Code    54  hal_uart4.o(i.UART4_IRQHandler)
    UART4_Init                               0x08001751   Thumb Code   170  hal_uart4.o(i.UART4_Init)
    USART1_Detail_Configuration              0x08001805   Thumb Code   142  hal_usart1.o(i.USART1_Detail_Configuration)
    USART1_IRQHandler                        0x0800189d   Thumb Code    36  hal_usart1.o(i.USART1_IRQHandler)
    USART1_NVIC_Configuration                0x080018c5   Thumb Code    32  hal_usart1.o(i.USART1_NVIC_Configuration)
    USART1_init                              0x080018e5   Thumb Code    14  hal_usart1.o(i.USART1_init)
    USART2_IRQHandler                        0x080018f5   Thumb Code    30  stm32f10x_it.o(i.USART2_IRQHandler)
    USART3_IRQHandler                        0x08001919   Thumb Code    30  stm32f10x_it.o(i.USART3_IRQHandler)
    USART_ClearFlag                          0x0800193d   Thumb Code     6  stm32f10x_usart.o(i.USART_ClearFlag)
    USART_Cmd                                0x08001943   Thumb Code    20  stm32f10x_usart.o(i.USART_Cmd)
    USART_DeInit                             0x08001959   Thumb Code    96  stm32f10x_usart.o(i.USART_DeInit)
    USART_GetFlagStatus                      0x080019cd   Thumb Code    14  stm32f10x_usart.o(i.USART_GetFlagStatus)
    USART_GetITStatus                        0x080019db   Thumb Code    62  stm32f10x_usart.o(i.USART_GetITStatus)
    USART_ITConfig                           0x08001a19   Thumb Code    48  stm32f10x_usart.o(i.USART_ITConfig)
    USART_Init                               0x08001a49   Thumb Code   166  stm32f10x_usart.o(i.USART_Init)
    USART_ReceiveData                        0x08001af5   Thumb Code     8  stm32f10x_usart.o(i.USART_ReceiveData)
    USART_SendData                           0x08001afd   Thumb Code     8  stm32f10x_usart.o(i.USART_SendData)
    UsageFault_Handler                       0x08001b05   Thumb Code     8  stm32f10x_it.o(i.UsageFault_Handler)
    __0printf                                0x08001b21   Thumb Code    22  printfa.o(i.__0printf)
    __1printf                                0x08001b21   Thumb Code     0  printfa.o(i.__0printf)
    __2printf                                0x08001b21   Thumb Code     0  printfa.o(i.__0printf)
    __c89printf                              0x08001b21   Thumb Code     0  printfa.o(i.__0printf)
    printf                                   0x08001b21   Thumb Code     0  printfa.o(i.__0printf)
    __ARM_fpclassify                         0x08001b41   Thumb Code    40  fpclassify.o(i.__ARM_fpclassify)
    __aeabi_errno_addr                       0x08001b69   Thumb Code     4  errno.o(i.__aeabi_errno_addr)
    __rt_errno_addr                          0x08001b69   Thumb Code     0  errno.o(i.__aeabi_errno_addr)
    __kernel_poly                            0x08001b71   Thumb Code   170  poly.o(i.__kernel_poly)
    __mathlib_dbl_divzero                    0x08001c1d   Thumb Code    12  dunder.o(i.__mathlib_dbl_divzero)
    __mathlib_dbl_infnan2                    0x08001c2d   Thumb Code     4  dunder.o(i.__mathlib_dbl_infnan2)
    __mathlib_dbl_invalid                    0x08001c31   Thumb Code    12  dunder.o(i.__mathlib_dbl_invalid)
    __mathlib_dbl_overflow                   0x08001c3d   Thumb Code    14  dunder.o(i.__mathlib_dbl_overflow)
    __mathlib_dbl_underflow                  0x08001c4d   Thumb Code    10  dunder.o(i.__mathlib_dbl_underflow)
    __scatterload_copy                       0x08001c5d   Thumb Code    14  handlers.o(i.__scatterload_copy)
    __scatterload_null                       0x08001c6b   Thumb Code     2  handlers.o(i.__scatterload_null)
    __scatterload_zeroinit                   0x08001c6d   Thumb Code    14  handlers.o(i.__scatterload_zeroinit)
    __set_errno                              0x08001c7d   Thumb Code     6  errno.o(i.__set_errno)
    analysis_json_value                      0x0800251d   Thumb Code   100  hal_usart1.o(i.analysis_json_value)
    buzzerClose                              0x0800260d   Thumb Code     2  buzzer.o(i.buzzerClose)
    buzzerInit                               0x0800260f   Thumb Code    14  buzzer.o(i.buzzerInit)
    cJSON_Delete                             0x0800261d   Thumb Code    60  cjson.o(i.cJSON_Delete)
    cJSON_GetObjectItem                      0x0800265d   Thumb Code    28  cjson.o(i.cJSON_GetObjectItem)
    cJSON_Parse                              0x08002695   Thumb Code     8  cjson.o(i.cJSON_Parse)
    cJSON_ParseWithOpts                      0x0800269d   Thumb Code    92  cjson.o(i.cJSON_ParseWithOpts)
    delay_ms                                 0x0800273f   Thumb Code    30  systick.o(i.delay_ms)
    delay_us                                 0x0800275d   Thumb Code    26  systick.o(i.delay_us)
    doorOpen                                 0x08002779   Thumb Code    40  door.o(i.doorOpen)
    fputc                                    0x080027a9   Thumb Code    30  hal_usart1.o(i.fputc)
    free                                     0x080027cd   Thumb Code    76  malloc.o(i.free)
    lcd_clr                                  0x0800281d   Thumb Code    66  lcd12864.o(i.lcd_clr)
    lcd_gpio_init                            0x08002861   Thumb Code    88  lcd12864.o(i.lcd_gpio_init)
    lcd_init                                 0x080028c1   Thumb Code   100  lcd12864.o(i.lcd_init)
    lcd_set_dsp_position                     0x0800292d   Thumb Code    54  lcd12864.o(i.lcd_set_dsp_position)
    lcd_write_cmd                            0x08002965   Thumb Code   164  lcd12864.o(i.lcd_write_cmd)
    lcd_write_data                           0x08002a2d   Thumb Code   156  lcd12864.o(i.lcd_write_data)
    lightClose                               0x08002aed   Thumb Code    12  light.o(i.lightClose)
    light_init                               0x08002afd   Thumb Code    40  light.o(i.light_init)
    main                                     0x08002b29   Thumb Code    10  main.o(i.main)
    malloc                                   0x08002b35   Thumb Code    92  malloc.o(i.malloc)
    pow                                      0x08003105   Thumb Code  2478  pow.o(i.pow)
    set_lcd_data_gpio_to_output              0x08003abd   Thumb Code    40  lcd12864.o(i.set_lcd_data_gpio_to_output)
    sqrt                                     0x08003afd   Thumb Code    76  sqrt.o(i.sqrt)
    task_driver                              0x08003b49   Thumb Code    10  task.o(i.task_driver)
    task_init                                0x08003b55   Thumb Code    68  task.o(i.task_init)
    usart1_driver                            0x08003ba9   Thumb Code    42  hal_usart1.o(i.usart1_driver)
    usart1_get_str                           0x08003bd9   Thumb Code    34  hal_usart1.o(i.usart1_get_str)
    usart1_read_str                          0x08003c05   Thumb Code    30  hal_usart1.o(i.usart1_read_str)
    usart1_rx_fifo_clean                     0x08003c29   Thumb Code    14  hal_usart1.o(i.usart1_rx_fifo_clean)
    usart1_rx_fifo_is_full                   0x08003c3d   Thumb Code    20  hal_usart1.o(i.usart1_rx_fifo_is_full)
    usart1_rx_fifo_len                       0x08003c55   Thumb Code    10  hal_usart1.o(i.usart1_rx_fifo_len)
    usart1_rx_fifo_monitor                   0x08003c65   Thumb Code    54  hal_usart1.o(i.usart1_rx_fifo_monitor)
    usart1_rx_fifo_put                       0x08003ca1   Thumb Code    34  hal_usart1.o(i.usart1_rx_fifo_put)
    usart1_send_str                          0x08003ccd   Thumb Code    40  hal_usart1.o(i.usart1_send_str)
    usart_data_analysis_process              0x08003cf9   Thumb Code   154  hal_usart1.o(i.usart_data_analysis_process)
    __mathlib_zero                           0x08003e80   Data           8  qnan.o(.constdata)
    __ctype_table                            0x08003e88   Data         129  ctype_o.o(.constdata)
    Region$$Table$$Base                      0x08003f10   Number         0  anon$$obj.o(Region$$Table)
    Region$$Table$$Limit                     0x08003f30   Number         0  anon$$obj.o(Region$$Table)
    isAlert                                  0x20000000   Data           1  main.o(.data)
    rtc_cb                                   0x20000004   Data           4  rtc.o(.data)
    jiffies                                  0x2000000c   Data           4  systick.o(.data)
    buzzer_on                                0x20000010   Data           1  buzzer.o(.data)
    FlagDefense                              0x20000012   Data           1  door.o(.data)
    FlagLockSta                              0x20000013   Data           1  door.o(.data)
    F_UART4_RX_RECEIVING                     0x20000014   Data           1  hal_uart4.o(.data)
    UART4_RX_TIMEOUT_COUNT                   0x20000015   Data           1  hal_uart4.o(.data)
    UART4_RX_COUNT                           0x20000016   Data           2  hal_uart4.o(.data)
    flag_frame                               0x20000018   Data           1  hal_usart1.o(.data)
    usart1_rx_fifo_buf_in                    0x20000020   Data           4  hal_usart1.o(.data)
    usart1_rx_fifo_buf_out                   0x20000024   Data           4  hal_usart1.o(.data)
    CCR1_Val2                                0x20000028   Data           2  pwm_output.o(.data)
    CCR2_Val2                                0x2000002a   Data           2  pwm_output.o(.data)
    CCR3_Val2                                0x2000002c   Data           2  pwm_output.o(.data)
    CCR4_Val2                                0x2000002e   Data           2  pwm_output.o(.data)
    PrescalerValue                           0x20000030   Data           2  pwm_output.o(.data)
    SystemCoreClock                          0x20000034   Data           4  system_stm32f10x.o(.data)
    AHBPrescTable                            0x20000038   Data          16  system_stm32f10x.o(.data)
    __stdout                                 0x20000068   Data           4  stdout.o(.data)
    __microlib_freelist                      0x2000006c   Data           4  mvars.o(.data)
    __microlib_freelist_initialised          0x20000070   Data           4  mvars.o(.data)
    UART4_RX_BUF                             0x20000078   Data         255  hal_uart4.o(.bss)
    usart1_rx_fifo_buf                       0x2000018c   Data         255  hal_usart1.o(.bss)
    usart_cmd                                0x2000028c   Data          16  hal_usart1.o(.bss)
    TIM_TimeBaseStructure2                   0x2000029c   Data          10  pwm_output.o(.bss)
    TIM_OCInitStructure2                     0x200002a6   Data          16  pwm_output.o(.bss)
    __heap_base                              0x200002b8   Data           0  startup_stm32f10x_hd.o(HEAP)
    __heap_limit                             0x200006b8   Data           0  startup_stm32f10x_hd.o(HEAP)
    __initial_sp                             0x20000ab8   Data           0  startup_stm32f10x_hd.o(STACK)



==============================================================================

Memory Map of the image

  Image Entry point : 0x08000131

  Load Region LR_IROM1 (Base: 0x08000000, Size: 0x00003fa8, Max: 0x00040000, ABSOLUTE)

    Execution Region ER_IROM1 (Base: 0x08000000, Size: 0x00003f30, Max: 0x00040000, ABSOLUTE)

    Base Addr    Size         Type   Attr      Idx    E Section Name        Object

    0x08000000   0x00000130   Data   RO         3792    RESET               startup_stm32f10x_hd.o
    0x08000130   0x00000000   Code   RO         4340  * .ARM.Collect$$$$00000000  mc_w.l(entry.o)
    0x08000130   0x00000004   Code   RO         4719    .ARM.Collect$$$$00000001  mc_w.l(entry2.o)
    0x08000134   0x00000004   Code   RO         4722    .ARM.Collect$$$$00000004  mc_w.l(entry5.o)
    0x08000138   0x00000000   Code   RO         4724    .ARM.Collect$$$$00000008  mc_w.l(entry7b.o)
    0x08000138   0x00000000   Code   RO         4726    .ARM.Collect$$$$0000000A  mc_w.l(entry8b.o)
    0x08000138   0x00000008   Code   RO         4727    .ARM.Collect$$$$0000000B  mc_w.l(entry9a.o)
    0x08000140   0x00000000   Code   RO         4729    .ARM.Collect$$$$0000000D  mc_w.l(entry10a.o)
    0x08000140   0x00000000   Code   RO         4731    .ARM.Collect$$$$0000000F  mc_w.l(entry11a.o)
    0x08000140   0x00000004   Code   RO         4720    .ARM.Collect$$$$00002712  mc_w.l(entry2.o)
    0x08000144   0x00000024   Code   RO         3793    .text               startup_stm32f10x_hd.o
    0x08000168   0x0000000c   Code   RO         4343    .text               mc_w.l(tolower.o)
    0x08000174   0x00000024   Code   RO         4347    .text               mc_w.l(memseta.o)
    0x08000198   0x00000024   Code   RO         4351    .text               mc_w.l(strstr.o)
    0x080001bc   0x0000001e   Code   RO         4361    .text               mc_w.l(strncmp.o)
    0x080001da   0x0000001a   Code   RO         4656    .text               mc_w.l(atoi.o)
    0x080001f4   0x0000014e   Code   RO         4658    .text               mf_w.l(dadd.o)
    0x08000342   0x000000e4   Code   RO         4660    .text               mf_w.l(dmul.o)
    0x08000426   0x000000de   Code   RO         4662    .text               mf_w.l(ddiv.o)
    0x08000504   0x0000002e   Code   RO         4664    .text               mf_w.l(dscalb.o)
    0x08000532   0x00000022   Code   RO         4666    .text               mf_w.l(dflti.o)
    0x08000554   0x0000003e   Code   RO         4670    .text               mf_w.l(dfixi.o)
    0x08000592   0x00000002   PAD
    0x08000594   0x00000030   Code   RO         4678    .text               mf_w.l(cdrcmple.o)
    0x080005c4   0x0000002c   Code   RO         4734    .text               mc_w.l(uidiv.o)
    0x080005f0   0x00000062   Code   RO         4736    .text               mc_w.l(uldiv.o)
    0x08000652   0x0000001e   Code   RO         4738    .text               mc_w.l(llshl.o)
    0x08000670   0x00000020   Code   RO         4740    .text               mc_w.l(llushr.o)
    0x08000690   0x00000024   Code   RO         4742    .text               mc_w.l(llsshr.o)
    0x080006b4   0x00000070   Code   RO         4753    .text               mc_w.l(strtol.o)
    0x08000724   0x00000000   Code   RO         4755    .text               mc_w.l(iusefp.o)
    0x08000724   0x000000ba   Code   RO         4758    .text               mf_w.l(depilogue.o)
    0x080007de   0x00000030   Code   RO         4760    .text               mf_w.l(dfixul.o)
    0x0800080e   0x00000002   PAD
    0x08000810   0x00000024   Code   RO         4762    .text               mc_w.l(init.o)
    0x08000834   0x00000008   Code   RO         4764    .text               mc_w.l(ctype_o.o)
    0x0800083c   0x0000009e   Code   RO         4792    .text               mc_w.l(_strtoul.o)
    0x080008da   0x000000a2   Code   RO         4794    .text               mf_w.l(dsqrt.o)
    0x0800097c   0x0000001c   Code   RO         4796    .text               mc_w.l(_chval.o)
    0x08000998   0x0000001c   Code   RO         1135    i.BusFault_Handler  stm32f10x_it.o
    0x080009b4   0x00000002   Code   RO         1136    i.DebugMon_Handler  stm32f10x_it.o
    0x080009b6   0x0000002e   Code   RO         1137    i.EXTI15_10_IRQHandler  stm32f10x_it.o
    0x080009e4   0x0000001c   Code   RO         1138    i.EXTI9_5_IRQHandler  stm32f10x_it.o
    0x08000a00   0x0000000c   Code   RO         1433    i.EXTI_ClearITPendingBit  stm32f10x_exti.o
    0x08000a0c   0x00000020   Code   RO         1437    i.EXTI_GetITStatus  stm32f10x_exti.o
    0x08000a2c   0x000000a2   Code   RO         1673    i.GPIO_Init         stm32f10x_gpio.o
    0x08000ace   0x00000006   Code   RO         1676    i.GPIO_ReadInputData  stm32f10x_gpio.o
    0x08000ad4   0x00000004   Code   RO         1680    i.GPIO_ResetBits    stm32f10x_gpio.o
    0x08000ad8   0x00000004   Code   RO         1681    i.GPIO_SetBits      stm32f10x_gpio.o
    0x08000adc   0x00000004   Code   RO         1683    i.GPIO_Write        stm32f10x_gpio.o
    0x08000ae0   0x0000000a   Code   RO         1684    i.GPIO_WriteBit     stm32f10x_gpio.o
    0x08000aea   0x00000002   PAD
    0x08000aec   0x00000038   Code   RO         1139    i.HardFault_Handler  stm32f10x_it.o
    0x08000b24   0x00000028   Code   RO         3802    i.MY_NVIC_Init      sys.o
    0x08000b4c   0x0000001c   Code   RO         1140    i.MemManage_Handler  stm32f10x_it.o
    0x08000b68   0x00000002   Code   RO         1141    i.NMI_Handler       stm32f10x_it.o
    0x08000b6a   0x00000002   PAD
    0x08000b6c   0x00000064   Code   RO         1284    i.NVIC_Init         misc.o
    0x08000bd0   0x00000014   Code   RO         1285    i.NVIC_PriorityGroupConfig  misc.o
    0x08000be4   0x0000000c   Code   RO         3719    i.PWR_BackupAccessCmd  stm32f10x_pwr.o
    0x08000bf0   0x00000002   Code   RO         1142    i.PendSV_Handler    stm32f10x_it.o
    0x08000bf2   0x00000002   PAD
    0x08000bf4   0x00000018   Code   RO         1786    i.RCC_APB1PeriphClockCmd  stm32f10x_rcc.o
    0x08000c0c   0x00000018   Code   RO         1787    i.RCC_APB1PeriphResetCmd  stm32f10x_rcc.o
    0x08000c24   0x00000018   Code   RO         1788    i.RCC_APB2PeriphClockCmd  stm32f10x_rcc.o
    0x08000c3c   0x00000018   Code   RO         1789    i.RCC_APB2PeriphResetCmd  stm32f10x_rcc.o
    0x08000c54   0x00000090   Code   RO         1796    i.RCC_GetClocksFreq  stm32f10x_rcc.o
    0x08000ce4   0x00000010   Code   RO         3553    i.RTC_ClearITPendingBit  stm32f10x_rtc.o
    0x08000cf4   0x00000010   Code   RO         3554    i.RTC_EnterConfigMode  stm32f10x_rtc.o
    0x08000d04   0x00000010   Code   RO         3555    i.RTC_ExitConfigMode  stm32f10x_rtc.o
    0x08000d14   0x00000014   Code   RO         3556    i.RTC_GetCounter    stm32f10x_rtc.o
    0x08000d28   0x00000020   Code   RO         3559    i.RTC_GetITStatus   stm32f10x_rtc.o
    0x08000d48   0x00000044   Code   RO          244    i.RTC_IRQHandler    rtc.o
    0x08000d8c   0x00000020   Code   RO         3562    i.RTC_SetCounter    stm32f10x_rtc.o
    0x08000dac   0x00000010   Code   RO         3564    i.RTC_WaitForLastTask  stm32f10x_rtc.o
    0x08000dbc   0x00000002   Code   RO         1143    i.SVC_Handler       stm32f10x_it.o
    0x08000dbe   0x00000002   PAD
    0x08000dc0   0x00000028   Code   RO          293    i.SYSTICK_Configuration  systick.o
    0x08000de8   0x00000022   Code   RO          298    i.SYSTICK_NVIC_Configuration  systick.o
    0x08000e0a   0x0000000e   Code   RO          300    i.SYSTICK_init      systick.o
    0x08000e18   0x000000a8   Code   RO         1403    i.SetSysClockTo72   system_stm32f10x.o
    0x08000ec0   0x00000018   Code   RO         1288    i.SysTick_CLKSourceConfig  misc.o
    0x08000ed8   0x00000010   Code   RO          301    i.SysTick_Handler   systick.o
    0x08000ee8   0x00000050   Code   RO         1405    i.SystemInit        system_stm32f10x.o
    0x08000f38   0x00000024   Code   RO          376    i.TIM1_GPIO_Configuration  buzzer.o
    0x08000f5c   0x00000056   Code   RO          875    i.TIM2_Configuration  timer.o
    0x08000fb2   0x00000024   Code   RO          876    i.TIM2_IRQHandler   timer.o
    0x08000fd6   0x00000016   Code   RO          877    i.TIM2_Init         timer.o
    0x08000fec   0x00000022   Code   RO          878    i.TIM2_NVIC_Configuration  timer.o
    0x0800100e   0x00000002   PAD
    0x08001010   0x00000024   Code   RO         1081    i.TIM3_CH1_set_servo_degree  pwm_output.o
    0x08001034   0x00000024   Code   RO         1082    i.TIM3_CH2_set_servo_degree  pwm_output.o
    0x08001058   0x00000034   Code   RO         1085    i.TIM3_GPIO_Configuration  pwm_output.o
    0x0800108c   0x00000016   Code   RO         1086    i.TIM3_RCC_Configuration  pwm_output.o
    0x080010a2   0x00000002   PAD
    0x080010a4   0x000000c4   Code   RO         1087    i.TIM3_pwm_init     pwm_output.o
    0x08001168   0x00000044   Code   RO          378    i.TIM6_IRQHandler   buzzer.o
    0x080011ac   0x0000008c   Code   RO          379    i.TIME6_init        buzzer.o
    0x08001238   0x00000014   Code   RO         2583    i.TIM_ARRPreloadConfig  stm32f10x_tim.o
    0x0800124c   0x00000006   Code   RO         2589    i.TIM_ClearFlag     stm32f10x_tim.o
    0x08001252   0x00000006   Code   RO         2590    i.TIM_ClearITPendingBit  stm32f10x_tim.o
    0x08001258   0x00000014   Code   RO         2595    i.TIM_Cmd           stm32f10x_tim.o
    0x0800126c   0x00000170   Code   RO         2600    i.TIM_DeInit        stm32f10x_tim.o
    0x080013dc   0x00000018   Code   RO         2616    i.TIM_GetITStatus   stm32f10x_tim.o
    0x080013f4   0x00000010   Code   RO         2620    i.TIM_ITConfig      stm32f10x_tim.o
    0x08001404   0x0000000a   Code   RO         2622    i.TIM_InternalClockConfig  stm32f10x_tim.o
    0x0800140e   0x00000002   PAD
    0x08001410   0x00000080   Code   RO         2624    i.TIM_OC1Init       stm32f10x_tim.o
    0x08001490   0x0000000c   Code   RO         2627    i.TIM_OC1PreloadConfig  stm32f10x_tim.o
    0x0800149c   0x00000080   Code   RO         2629    i.TIM_OC2Init       stm32f10x_tim.o
    0x0800151c   0x00000014   Code   RO         2632    i.TIM_OC2PreloadConfig  stm32f10x_tim.o
    0x08001530   0x0000007c   Code   RO         2634    i.TIM_OC3Init       stm32f10x_tim.o
    0x080015ac   0x0000000c   Code   RO         2637    i.TIM_OC3PreloadConfig  stm32f10x_tim.o
    0x080015b8   0x00000064   Code   RO         2639    i.TIM_OC4Init       stm32f10x_tim.o
    0x0800161c   0x00000014   Code   RO         2641    i.TIM_OC4PreloadConfig  stm32f10x_tim.o
    0x08001630   0x00000004   Code   RO         2656    i.TIM_SetCompare1   stm32f10x_tim.o
    0x08001634   0x00000004   Code   RO         2657    i.TIM_SetCompare2   stm32f10x_tim.o
    0x08001638   0x0000009c   Code   RO         2666    i.TIM_TimeBaseInit  stm32f10x_tim.o
    0x080016d4   0x00000038   Code   RO          246    i.Time_Adjust       rtc.o
    0x0800170c   0x00000044   Code   RO          576    i.UART4_IRQHandler  hal_uart4.o
    0x08001750   0x000000b4   Code   RO          577    i.UART4_Init        hal_uart4.o
    0x08001804   0x00000098   Code   RO          679    i.USART1_Detail_Configuration  hal_usart1.o
    0x0800189c   0x00000028   Code   RO          680    i.USART1_IRQHandler  hal_usart1.o
    0x080018c4   0x00000020   Code   RO          681    i.USART1_NVIC_Configuration  hal_usart1.o
    0x080018e4   0x0000000e   Code   RO          682    i.USART1_init       hal_usart1.o
    0x080018f2   0x00000002   PAD
    0x080018f4   0x00000024   Code   RO         1144    i.USART2_IRQHandler  stm32f10x_it.o
    0x08001918   0x00000024   Code   RO         1145    i.USART3_IRQHandler  stm32f10x_it.o
    0x0800193c   0x00000006   Code   RO         1987    i.USART_ClearFlag   stm32f10x_usart.o
    0x08001942   0x00000014   Code   RO         1991    i.USART_Cmd         stm32f10x_usart.o
    0x08001956   0x00000002   PAD
    0x08001958   0x00000074   Code   RO         1993    i.USART_DeInit      stm32f10x_usart.o
    0x080019cc   0x0000000e   Code   RO         1994    i.USART_GetFlagStatus  stm32f10x_usart.o
    0x080019da   0x0000003e   Code   RO         1995    i.USART_GetITStatus  stm32f10x_usart.o
    0x08001a18   0x00000030   Code   RO         1997    i.USART_ITConfig    stm32f10x_usart.o
    0x08001a48   0x000000ac   Code   RO         1998    i.USART_Init        stm32f10x_usart.o
    0x08001af4   0x00000008   Code   RO         2005    i.USART_ReceiveData  stm32f10x_usart.o
    0x08001afc   0x00000008   Code   RO         2008    i.USART_SendData    stm32f10x_usart.o
    0x08001b04   0x0000001c   Code   RO         1146    i.UsageFault_Handler  stm32f10x_it.o
    0x08001b20   0x00000020   Code   RO         4598    i.__0printf         mc_w.l(printfa.o)
    0x08001b40   0x00000028   Code   RO         4696    i.__ARM_fpclassify  m_ws.l(fpclassify.o)
    0x08001b68   0x00000008   Code   RO         4746    i.__aeabi_errno_addr  mc_w.l(errno.o)
    0x08001b70   0x000000aa   Code   RO         4708    i.__kernel_poly     m_ws.l(poly.o)
    0x08001c1a   0x00000002   PAD
    0x08001c1c   0x00000010   Code   RO         4682    i.__mathlib_dbl_divzero  m_ws.l(dunder.o)
    0x08001c2c   0x00000004   Code   RO         4684    i.__mathlib_dbl_infnan2  m_ws.l(dunder.o)
    0x08001c30   0x0000000c   Code   RO         4685    i.__mathlib_dbl_invalid  m_ws.l(dunder.o)
    0x08001c3c   0x0000000e   Code   RO         4686    i.__mathlib_dbl_overflow  m_ws.l(dunder.o)
    0x08001c4a   0x00000002   PAD
    0x08001c4c   0x00000010   Code   RO         4688    i.__mathlib_dbl_underflow  m_ws.l(dunder.o)
    0x08001c5c   0x0000000e   Code   RO         4800    i.__scatterload_copy  mc_w.l(handlers.o)
    0x08001c6a   0x00000002   Code   RO         4801    i.__scatterload_null  mc_w.l(handlers.o)
    0x08001c6c   0x0000000e   Code   RO         4802    i.__scatterload_zeroinit  mc_w.l(handlers.o)
    0x08001c7a   0x00000002   PAD
    0x08001c7c   0x0000000c   Code   RO         4748    i.__set_errno       mc_w.l(errno.o)
    0x08001c88   0x00000164   Code   RO         4605    i._fp_digits        mc_w.l(printfa.o)
    0x08001dec   0x000006dc   Code   RO         4606    i._printf_core      mc_w.l(printfa.o)
    0x080024c8   0x00000024   Code   RO         4607    i._printf_post_padding  mc_w.l(printfa.o)
    0x080024ec   0x0000002e   Code   RO         4608    i._printf_pre_padding  mc_w.l(printfa.o)
    0x0800251a   0x00000002   PAD
    0x0800251c   0x000000f0   Code   RO          683    i.analysis_json_value  hal_usart1.o
    0x0800260c   0x00000002   Code   RO          380    i.buzzerClose       buzzer.o
    0x0800260e   0x0000000e   Code   RO          381    i.buzzerInit        buzzer.o
    0x0800261c   0x00000040   Code   RO         4033    i.cJSON_Delete      cjson.o
    0x0800265c   0x0000001c   Code   RO         4042    i.cJSON_GetObjectItem  cjson.o
    0x08002678   0x0000001c   Code   RO         4045    i.cJSON_New_Item    cjson.o
    0x08002694   0x00000008   Code   RO         4046    i.cJSON_Parse       cjson.o
    0x0800269c   0x00000060   Code   RO         4047    i.cJSON_ParseWithOpts  cjson.o
    0x080026fc   0x00000042   Code   RO         4052    i.cJSON_strcasecmp  cjson.o
    0x0800273e   0x0000001e   Code   RO          302    i.delay_ms          systick.o
    0x0800275c   0x0000001a   Code   RO          303    i.delay_us          systick.o
    0x08002776   0x00000002   PAD
    0x08002778   0x00000030   Code   RO          545    i.doorOpen          door.o
    0x080027a8   0x00000024   Code   RO          685    i.fputc             hal_usart1.o
    0x080027cc   0x00000050   Code   RO         4626    i.free              mc_w.l(malloc.o)
    0x0800281c   0x00000042   Code   RO          909    i.lcd_clr           lcd12864.o
    0x0800285e   0x00000002   PAD
    0x08002860   0x00000060   Code   RO          912    i.lcd_gpio_init     lcd12864.o
    0x080028c0   0x0000006c   Code   RO          913    i.lcd_init          lcd12864.o
    0x0800292c   0x00000036   Code   RO          914    i.lcd_set_dsp_position  lcd12864.o
    0x08002962   0x00000002   PAD
    0x08002964   0x000000c8   Code   RO          916    i.lcd_write_cmd     lcd12864.o
    0x08002a2c   0x000000c0   Code   RO          917    i.lcd_write_data    lcd12864.o
    0x08002aec   0x00000010   Code   RO          651    i.lightClose        light.o
    0x08002afc   0x0000002c   Code   RO          653    i.light_init        light.o
    0x08002b28   0x0000000a   Code   RO            1    i.main              main.o
    0x08002b32   0x00000002   PAD
    0x08002b34   0x0000006c   Code   RO         4627    i.malloc            mc_w.l(malloc.o)
    0x08002ba0   0x00000078   Code   RO         4055    i.parse_array       cjson.o
    0x08002c18   0x000000a6   Code   RO         4056    i.parse_hex4        cjson.o
    0x08002cbe   0x00000002   PAD
    0x08002cc0   0x00000158   Code   RO         4057    i.parse_number      cjson.o
    0x08002e18   0x000000b8   Code   RO         4058    i.parse_object      cjson.o
    0x08002ed0   0x00000180   Code   RO         4059    i.parse_string      cjson.o
    0x08003050   0x000000b4   Code   RO         4060    i.parse_value       cjson.o
    0x08003104   0x000009b8   Code   RO         4331    i.pow               m_ws.l(pow.o)
    0x08003abc   0x0000002c   Code   RO          919    i.set_lcd_data_gpio_to_output  lcd12864.o
    0x08003ae8   0x00000014   Code   RO         4066    i.skip              cjson.o
    0x08003afc   0x0000004c   Code   RO         4712    i.sqrt              m_ws.l(sqrt.o)
    0x08003b48   0x0000000a   Code   RO         1254    i.task_driver       task.o
    0x08003b52   0x00000002   PAD
    0x08003b54   0x00000054   Code   RO         1255    i.task_init         task.o
    0x08003ba8   0x00000030   Code   RO          689    i.usart1_driver     hal_usart1.o
    0x08003bd8   0x0000002c   Code   RO          690    i.usart1_get_str    hal_usart1.o
    0x08003c04   0x00000024   Code   RO          691    i.usart1_read_str   hal_usart1.o
    0x08003c28   0x00000014   Code   RO          692    i.usart1_rx_fifo_clean  hal_usart1.o
    0x08003c3c   0x00000018   Code   RO          694    i.usart1_rx_fifo_is_full  hal_usart1.o
    0x08003c54   0x00000010   Code   RO          695    i.usart1_rx_fifo_len  hal_usart1.o
    0x08003c64   0x0000003c   Code   RO          696    i.usart1_rx_fifo_monitor  hal_usart1.o
    0x08003ca0   0x0000002c   Code   RO          697    i.usart1_rx_fifo_put  hal_usart1.o
    0x08003ccc   0x0000002c   Code   RO          699    i.usart1_send_str   hal_usart1.o
    0x08003cf8   0x000000f8   Code   RO          700    i.usart_data_analysis_process  hal_usart1.o
    0x08003df0   0x00000007   Data   RO         4067    .constdata          cjson.o
    0x08003df7   0x00000001   PAD
    0x08003df8   0x00000088   Data   RO         4332    .constdata          m_ws.l(pow.o)
    0x08003e80   0x00000008   Data   RO         4710    .constdata          m_ws.l(qnan.o)
    0x08003e88   0x00000081   Data   RO         4765    .constdata          mc_w.l(ctype_o.o)
    0x08003f09   0x00000003   PAD
    0x08003f0c   0x00000004   Data   RO         4766    .constdata          mc_w.l(ctype_o.o)
    0x08003f10   0x00000020   Data   RO         4798    Region$$Table       anon$$obj.o


    Execution Region RW_IRAM1 (Base: 0x20000000, Size: 0x00000ab8, Max: 0x00010000, ABSOLUTE)

    Base Addr    Size         Type   Attr      Idx    E Section Name        Object

    0x20000000   0x00000001   Data   RW            2    .data               main.o
    0x20000001   0x00000003   PAD
    0x20000004   0x00000008   Data   RW          248    .data               rtc.o
    0x2000000c   0x00000004   Data   RW          304    .data               systick.o
    0x20000010   0x00000002   Data   RW          384    .data               buzzer.o
    0x20000012   0x00000001   Data   RW          547    .data               door.o
    0x20000013   0x00000001   Data   RW          548    .data               door.o
    0x20000014   0x00000004   Data   RW          582    .data               hal_uart4.o
    0x20000018   0x00000010   Data   RW          702    .data               hal_usart1.o
    0x20000028   0x0000000a   Data   RW         1089    .data               pwm_output.o
    0x20000032   0x00000002   PAD
    0x20000034   0x00000014   Data   RW         1406    .data               system_stm32f10x.o
    0x20000048   0x00000014   Data   RW         1816    .data               stm32f10x_rcc.o
    0x2000005c   0x0000000c   Data   RW         4068    .data               cjson.o
    0x20000068   0x00000004   Data   RW         4733    .data               mc_w.l(stdout.o)
    0x2000006c   0x00000004   Data   RW         4744    .data               mc_w.l(mvars.o)
    0x20000070   0x00000004   Data   RW         4745    .data               mc_w.l(mvars.o)
    0x20000074   0x00000004   Data   RW         4749    .data               mc_w.l(errno.o)
    0x20000078   0x000000ff   Zero   RW          581    .bss                hal_uart4.o
    0x20000177   0x00000001   PAD
    0x20000178   0x00000124   Zero   RW          701    .bss                hal_usart1.o
    0x2000029c   0x0000001a   Zero   RW         1088    .bss                pwm_output.o
    0x200002b6   0x00000002   PAD
    0x200002b8   0x00000400   Zero   RW         3791    HEAP                startup_stm32f10x_hd.o
    0x200006b8   0x00000400   Zero   RW         3790    STACK               startup_stm32f10x_hd.o


==============================================================================

Image component sizes


      Code (inc. data)   RO Data    RW Data    ZI Data      Debug   Object Name

         0          0          0          0          0        384   app_pwd.o
       260         30          0          2          0     242995   buzzer.o
      1688         72          7         12          0      10946   cjson.o
         0          0          0          0          0         32   core_cm3.o
        48          8          0          2          0        775   door.o
       248         24          0          4        255       2029   hal_uart4.o
      1098        312          0         16        292      13621   hal_usart1.o
       760         92          0          0          0     207842   lcd12864.o
        60          8          0          0          0        878   light.o
        10          0          0          1          0     245077   main.o
       144         16          0          0          0     215469   misc.o
       342         42          0         10         26       3590   pwm_output.o
       124         10          0          8          0       1500   rtc.o
        36          8        304          0       2048        784   startup_stm32f10x_hd.o
        44         10          0          0          0       1032   stm32f10x_exti.o
       190          0          0          0          0      12494   stm32f10x_gpio.o
       294        102          0          0          0      20307   stm32f10x_it.o
        12          6          0          0          0        466   stm32f10x_pwr.o
       240         40          0         20          0      14060   stm32f10x_rcc.o
       148         34          0          0          0       3739   stm32f10x_rtc.o
      1178        154          0          0          0      32127   stm32f10x_tim.o
       454         26          0          0          0      12678   stm32f10x_usart.o
        40          0          0          0          0       1085   sys.o
       248         24          0         20          0       1813   system_stm32f10x.o
       160         16          0          4          0       3448   systick.o
        94         16          0          0          0       1538   task.o
       178          0          0          0          0       2365   timer.o

    ----------------------------------------------------------------------
      8128       1050        344        104       2624    1053074   Object Totals
         0          0         32          0          0          0   (incl. Generated)
        30          0          1          5          3          0   (incl. Padding)

    ----------------------------------------------------------------------

      Code (inc. data)   RO Data    RW Data    ZI Data      Debug   Library Member Name

        62         10          0          0          0        340   dunder.o
        40          0          0          0          0         68   fpclassify.o
       170          0          0          0          0         96   poly.o
      2488        190        136          0          0        300   pow.o
         0          0          8          0          0          0   qnan.o
        76          0          0          0          0         84   sqrt.o
        28          0          0          0          0         68   _chval.o
       158          0          0          0          0         92   _strtoul.o
        26          0          0          0          0         80   atoi.o
         8          4        133          0          0         68   ctype_o.o
         0          0          0          0          0          0   entry.o
         0          0          0          0          0          0   entry10a.o
         0          0          0          0          0          0   entry11a.o
         8          4          0          0          0          0   entry2.o
         4          0          0          0          0          0   entry5.o
         0          0          0          0          0          0   entry7b.o
         0          0          0          0          0          0   entry8b.o
         8          4          0          0          0          0   entry9a.o
        20         10          0          4          0        136   errno.o
        30          0          0          0          0          0   handlers.o
        36          8          0          0          0         68   init.o
         0          0          0          0          0          0   iusefp.o
        30          0          0          0          0         68   llshl.o
        36          0          0          0          0         68   llsshr.o
        32          0          0          0          0         68   llushr.o
       188         20          0          0          0        160   malloc.o
        36          0          0          0          0        108   memseta.o
         0          0          0          8          0          0   mvars.o
      2226         90          0          0          0        444   printfa.o
         0          0          0          4          0          0   stdout.o
        30          0          0          0          0         80   strncmp.o
        36          0          0          0          0         80   strstr.o
       112          0          0          0          0         88   strtol.o
        12          0          0          0          0         68   tolower.o
        44          0          0          0          0         80   uidiv.o
        98          0          0          0          0         92   uldiv.o
        48          0          0          0          0         68   cdrcmple.o
       334          0          0          0          0        148   dadd.o
       222          0          0          0          0        100   ddiv.o
       186          0          0          0          0        176   depilogue.o
        62          0          0          0          0         80   dfixi.o
        48          0          0          0          0         68   dfixul.o
        34          0          0          0          0         76   dflti.o
       228          0          0          0          0         96   dmul.o
        46          0          0          0          0         80   dscalb.o
       162          0          0          0          0        100   dsqrt.o

    ----------------------------------------------------------------------
      7424        340        280         16          0       3796   Library Totals
        12          0          3          0          0          0   (incl. Padding)

    ----------------------------------------------------------------------

      Code (inc. data)   RO Data    RW Data    ZI Data      Debug   Library Name

      2836        200        144          0          0        888   m_ws.l
      3206        140        133         16          0       1916   mc_w.l
      1370          0          0          0          0        992   mf_w.l

    ----------------------------------------------------------------------
      7424        340        280         16          0       3796   Library Totals

    ----------------------------------------------------------------------

==============================================================================


      Code (inc. data)   RO Data    RW Data    ZI Data      Debug   

     15552       1390        624        120       2624    1048234   Grand Totals
     15552       1390        624        120       2624    1048234   ELF Image Totals
     15552       1390        624        120          0          0   ROM Totals

==============================================================================

    Total RO  Size (Code + RO Data)                16176 (  15.80kB)
    Total RW  Size (RW Data + ZI Data)              2744 (   2.68kB)
    Total ROM Size (Code + RO Data + RW Data)      16296 (  15.91kB)

==============================================================================

