Component: ARM Compiler 5.05 update 1 (build 106) Tool: armlink [4d0efa]

==============================================================================

Section Cross References

    main.o(i.main) refers to task.o(i.task_init) for task_init
    main.o(i.main) refers to task.o(i.task_driver) for task_driver
    app_pwd.o(i.clear_PwdCache) refers to app_pwd.o(.data) for .data
    app_pwd.o(i.delete_IdCardPwd) refers to memcmp.o(.text) for memcmp
    app_pwd.o(i.delete_IdCardPwd) refers to memseta.o(.text) for __aeabi_memset
    app_pwd.o(i.delete_IdCardPwd) refers to bsp_flash.o(i.bsp_flash_erase) for bsp_flash_erase
    app_pwd.o(i.delete_IdCardPwd) refers to bsp_flash.o(i.bsp_flash_write) for bsp_flash_write
    app_pwd.o(i.delete_IdCardPwd) refers to app_pwd.o(.bss) for .bss
    app_pwd.o(i.isRight_Pwd_Digit) refers to memcmp.o(.text) for memcmp
    app_pwd.o(i.isRight_Pwd_Digit) refers to app_pwd.o(.bss) for .bss
    app_pwd.o(i.isRight_Pwd_IdCard) refers to app_pwd.o(i.read_IdCardPwd) for read_IdCardPwd
    app_pwd.o(i.isRight_Pwd_IdCard) refers to printf8.o(i.__0printf$8) for __2printf
    app_pwd.o(i.isRight_Pwd_IdCard) refers to memcmp.o(.text) for memcmp
    app_pwd.o(i.isRight_Pwd_IdCard) refers to app_pwd.o(.bss) for .bss
    app_pwd.o(i.param_Init) refers to bsp_flash.o(i.bsp_flash_read) for bsp_flash_read
    app_pwd.o(i.param_Init) refers to printf8.o(i.__0printf$8) for __2printf
    app_pwd.o(i.param_Init) refers to bsp_flash.o(i.bsp_flash_erase) for bsp_flash_erase
    app_pwd.o(i.param_Init) refers to bsp_flash.o(i.bsp_flash_write) for bsp_flash_write
    app_pwd.o(i.param_Init) refers to memseta.o(.text) for __aeabi_memset
    app_pwd.o(i.param_Init) refers to app_pwd.o(.bss) for .bss
    app_pwd.o(i.param_Init) refers to app_pwd.o(.data) for .data
    app_pwd.o(i.read_DigitPwd) refers to calloc.o(.text) for calloc
    app_pwd.o(i.read_DigitPwd) refers to bsp_flash.o(i.bsp_flash_read) for bsp_flash_read
    app_pwd.o(i.read_DigitPwd) refers to memseta.o(.text) for __aeabi_memset
    app_pwd.o(i.read_DigitPwd) refers to printf8.o(i.__0sprintf$8) for __2sprintf
    app_pwd.o(i.read_DigitPwd) refers to strcat.o(.text) for strcat
    app_pwd.o(i.read_DigitPwd) refers to printf8.o(i.__0printf$8) for __2printf
    app_pwd.o(i.read_DigitPwd) refers to systick.o(i.delay_ms) for delay_ms
    app_pwd.o(i.read_DigitPwd) refers to malloc.o(i.free) for free
    app_pwd.o(i.read_DigitPwd) refers to app_pwd.o(.data) for .data
    app_pwd.o(i.read_DigitPwd) refers to app_pwd.o(.bss) for .bss
    app_pwd.o(i.read_IdCardPwd) refers to bsp_flash.o(i.bsp_flash_read) for bsp_flash_read
    app_pwd.o(i.read_IdCardPwd) refers to memseta.o(.text) for __aeabi_memset
    app_pwd.o(i.read_IdCardPwd) refers to app_pwd.o(.data) for .data
    app_pwd.o(i.read_IdCardPwd) refers to app_pwd.o(.bss) for .bss
    app_pwd.o(i.read_MEMSData) refers to bsp_flash.o(i.bsp_flash_read) for bsp_flash_read
    app_pwd.o(i.read_MEMSData) refers to printf8.o(i.__0printf$8) for __2printf
    app_pwd.o(i.read_MEMSData) refers to app_pwd.o(.data) for .data
    app_pwd.o(i.read_MEMSData) refers to app_pwd.o(.conststring) for .conststring
    app_pwd.o(i.save_DigitPwd) refers to memseta.o(.text) for __aeabi_memset
    app_pwd.o(i.save_DigitPwd) refers to memcpya.o(.text) for __aeabi_memcpy
    app_pwd.o(i.save_DigitPwd) refers to bsp_flash.o(i.bsp_flash_erase) for bsp_flash_erase
    app_pwd.o(i.save_DigitPwd) refers to bsp_flash.o(i.bsp_flash_write) for bsp_flash_write
    app_pwd.o(i.save_DigitPwd) refers to app_pwd.o(.data) for .data
    app_pwd.o(i.save_DigitPwd) refers to app_pwd.o(.bss) for .bss
    app_pwd.o(i.save_IdCardPwd) refers to memseta.o(.text) for __aeabi_memset
    app_pwd.o(i.save_IdCardPwd) refers to memcpya.o(.text) for __aeabi_memcpy
    app_pwd.o(i.save_IdCardPwd) refers to bsp_flash.o(i.bsp_flash_erase) for bsp_flash_erase
    app_pwd.o(i.save_IdCardPwd) refers to bsp_flash.o(i.bsp_flash_write) for bsp_flash_write
    app_pwd.o(i.save_IdCardPwd) refers to app_pwd.o(.data) for .data
    app_pwd.o(i.save_IdCardPwd) refers to app_pwd.o(.bss) for .bss
    app_pwd.o(i.save_MEMSData) refers to bsp_flash.o(i.bsp_flash_erase) for bsp_flash_erase
    app_pwd.o(i.save_MEMSData) refers to bsp_flash.o(i.bsp_flash_write) for bsp_flash_write
    app_pwd.o(i.save_MEMSData) refers to printf8.o(i.__0printf$8) for __2printf
    app_pwd.o(i.save_MEMSData) refers to app_pwd.o(.data) for .data
    app_pwd.o(i.save_MEMSData) refers to app_pwd.o(.conststring) for .conststring
    rtc.o(i.RTC_Configuration) refers to stm32f10x_rcc.o(i.RCC_APB1PeriphClockCmd) for RCC_APB1PeriphClockCmd
    rtc.o(i.RTC_Configuration) refers to stm32f10x_pwr.o(i.PWR_BackupAccessCmd) for PWR_BackupAccessCmd
    rtc.o(i.RTC_Configuration) refers to stm32f10x_bkp.o(i.BKP_DeInit) for BKP_DeInit
    rtc.o(i.RTC_Configuration) refers to stm32f10x_rcc.o(i.RCC_LSEConfig) for RCC_LSEConfig
[...]
    Removing stm32f10x_flash.o(i.FLASH_GetUserOptionByte), (12 bytes).
    Removing stm32f10x_flash.o(i.FLASH_GetWriteProtectionOptionByte), (12 bytes).
    Removing stm32f10x_flash.o(i.FLASH_HalfCycleAccessCmd), (24 bytes).
    Removing stm32f10x_flash.o(i.FLASH_ITConfig), (24 bytes).
    Removing stm32f10x_flash.o(i.FLASH_Lock), (16 bytes).
    Removing stm32f10x_flash.o(i.FLASH_LockBank1), (16 bytes).
    Removing stm32f10x_flash.o(i.FLASH_PrefetchBufferCmd), (24 bytes).
    Removing stm32f10x_flash.o(i.FLASH_ProgramHalfWord), (52 bytes).
    Removing stm32f10x_flash.o(i.FLASH_ProgramOptionByteData), (76 bytes).
    Removing stm32f10x_flash.o(i.FLASH_ProgramWord), (80 bytes).
    Removing stm32f10x_flash.o(i.FLASH_ReadOutProtection), (136 bytes).
    Removing stm32f10x_flash.o(i.FLASH_SetLatency), (20 bytes).
    Removing stm32f10x_flash.o(i.FLASH_Unlock), (24 bytes).
    Removing stm32f10x_flash.o(i.FLASH_UnlockBank1), (24 bytes).
    Removing stm32f10x_flash.o(i.FLASH_UserOptionByteConfig), (96 bytes).
    Removing stm32f10x_flash.o(i.FLASH_WaitForLastBank1Operation), (36 bytes).
    Removing stm32f10x_flash.o(i.FLASH_WaitForLastOperation), (36 bytes).
    Removing stm32f10x_gpio.o(i.GPIO_AFIODeInit), (22 bytes).
    Removing stm32f10x_gpio.o(i.GPIO_DeInit), (180 bytes).
    Removing stm32f10x_gpio.o(i.GPIO_ETH_MediaInterfaceConfig), (12 bytes).
    Removing stm32f10x_gpio.o(i.GPIO_EXTILineConfig), (40 bytes).
    Removing stm32f10x_gpio.o(i.GPIO_EventOutputCmd), (12 bytes).
    Removing stm32f10x_gpio.o(i.GPIO_EventOutputConfig), (28 bytes).
    Removing stm32f10x_gpio.o(i.GPIO_PinLockConfig), (16 bytes).
    Removing stm32f10x_gpio.o(i.GPIO_PinRemapConfig), (88 bytes).
    Removing stm32f10x_gpio.o(i.GPIO_ReadInputData), (6 bytes).
    Removing stm32f10x_gpio.o(i.GPIO_ReadInputDataBit), (14 bytes).
    Removing stm32f10x_gpio.o(i.GPIO_ReadOutputData), (6 bytes).
    Removing stm32f10x_gpio.o(i.GPIO_ReadOutputDataBit), (14 bytes).
    Removing stm32f10x_gpio.o(i.GPIO_ResetBits), (4 bytes).
    Removing stm32f10x_gpio.o(i.GPIO_SetBits), (4 bytes).
    Removing stm32f10x_gpio.o(i.GPIO_StructInit), (16 bytes).
    Removing stm32f10x_gpio.o(i.GPIO_Write), (4 bytes).
    Removing stm32f10x_rcc.o(i.RCC_AdjustHSICalibrationValue), (20 bytes).
    Removing stm32f10x_rcc.o(i.RCC_BackupResetCmd), (12 bytes).
    Removing stm32f10x_rcc.o(i.RCC_ClearFlag), (16 bytes).
    Removing stm32f10x_rcc.o(i.RCC_ClearITPendingBit), (12 bytes).
    Removing stm32f10x_rcc.o(i.RCC_ClockSecuritySystemCmd), (12 bytes).
    Removing stm32f10x_rcc.o(i.RCC_DeInit), (64 bytes).
    Removing stm32f10x_rcc.o(i.RCC_GetFlagStatus), (48 bytes).
    Removing stm32f10x_rcc.o(i.RCC_GetITStatus), (20 bytes).
    Removing stm32f10x_rcc.o(i.RCC_GetSYSCLKSource), (16 bytes).
    Removing stm32f10x_rcc.o(i.RCC_HCLKConfig), (20 bytes).
    Removing stm32f10x_rcc.o(i.RCC_HSEConfig), (52 bytes).
    Removing stm32f10x_rcc.o(i.RCC_HSICmd), (12 bytes).
    Removing stm32f10x_rcc.o(i.RCC_ITConfig), (24 bytes).
    Removing stm32f10x_rcc.o(i.RCC_LSEConfig), (32 bytes).
    Removing stm32f10x_rcc.o(i.RCC_LSICmd), (12 bytes).
    Removing stm32f10x_rcc.o(i.RCC_MCOConfig), (12 bytes).
    Removing stm32f10x_rcc.o(i.RCC_PCLK1Config), (20 bytes).
    Removing stm32f10x_rcc.o(i.RCC_PCLK2Config), (20 bytes).
    Removing stm32f10x_rcc.o(i.RCC_PLLCmd), (12 bytes).
    Removing stm32f10x_rcc.o(i.RCC_PLLConfig), (20 bytes).
    Removing stm32f10x_rcc.o(i.RCC_RTCCLKCmd), (12 bytes).
    Removing stm32f10x_rcc.o(i.RCC_RTCCLKConfig), (16 bytes).
    Removing stm32f10x_rcc.o(i.RCC_SYSCLKConfig), (20 bytes).
    Removing stm32f10x_rcc.o(i.RCC_USBCLKConfig), (12 bytes).
    Removing stm32f10x_rcc.o(i.RCC_WaitForHSEStartUp), (44 bytes).
    Removing stm32f10x_usart.o(i.USART_ClearITPendingBit), (12 bytes).
    Removing stm32f10x_usart.o(i.USART_ClockInit), (30 bytes).
    Removing stm32f10x_usart.o(i.USART_ClockStructInit), (12 bytes).
    Removing stm32f10x_usart.o(i.USART_DMACmd), (16 bytes).
    Removing stm32f10x_usart.o(i.USART_DeInit), (116 bytes).
    Removing stm32f10x_usart.o(i.USART_HalfDuplexCmd), (20 bytes).
    Removing stm32f10x_usart.o(i.USART_IrDACmd), (20 bytes).
    Removing stm32f10x_usart.o(i.USART_IrDAConfig), (16 bytes).
    Removing stm32f10x_usart.o(i.USART_LINBreakDetectLengthConfig), (16 bytes).
    Removing stm32f10x_usart.o(i.USART_LINCmd), (20 bytes).
    Removing stm32f10x_usart.o(i.USART_OneBitMethodCmd), (20 bytes).
    Removing stm32f10x_usart.o(i.USART_OverSampling8Cmd), (20 bytes).
    Removing stm32f10x_usart.o(i.USART_ReceiverWakeUpCmd), (20 bytes).
    Removing stm32f10x_usart.o(i.USART_SendBreak), (10 bytes).
    Removing stm32f10x_usart.o(i.USART_SetAddress), (16 bytes).
    Removing stm32f10x_usart.o(i.USART_SetGuardTime), (16 bytes).
    Removing stm32f10x_usart.o(i.USART_SetPrescaler), (16 bytes).
    Removing stm32f10x_usart.o(i.USART_SmartCardCmd), (20 bytes).
    Removing stm32f10x_usart.o(i.USART_SmartCardNACKCmd), (20 bytes).
    Removing stm32f10x_usart.o(i.USART_StructInit), (22 bytes).
    Removing stm32f10x_usart.o(i.USART_WakeUpConfig), (16 bytes).
    Removing stm32f10x_spi.o(i.I2S_Cmd), (20 bytes).
    Removing stm32f10x_spi.o(i.I2S_Init), (152 bytes).
    Removing stm32f10x_spi.o(i.I2S_StructInit), (18 bytes).
    Removing stm32f10x_spi.o(i.SPI_BiDirectionalLineConfig), (22 bytes).
    Removing stm32f10x_spi.o(i.SPI_CalculateCRC), (20 bytes).
    Removing stm32f10x_spi.o(i.SPI_Cmd), (20 bytes).
    Removing stm32f10x_spi.o(i.SPI_DataSizeConfig), (16 bytes).
    Removing stm32f10x_spi.o(i.SPI_GetCRC), (12 bytes).
    Removing stm32f10x_spi.o(i.SPI_GetCRCPolynomial), (4 bytes).
    Removing stm32f10x_spi.o(i.SPI_I2S_ClearFlag), (6 bytes).
    Removing stm32f10x_spi.o(i.SPI_I2S_ClearITPendingBit), (14 bytes).
    Removing stm32f10x_spi.o(i.SPI_I2S_DMACmd), (16 bytes).
    Removing stm32f10x_spi.o(i.SPI_I2S_DeInit), (84 bytes).
    Removing stm32f10x_spi.o(i.SPI_I2S_GetFlagStatus), (14 bytes).
    Removing stm32f10x_spi.o(i.SPI_I2S_GetITStatus), (42 bytes).
    Removing stm32f10x_spi.o(i.SPI_I2S_ITConfig), (24 bytes).
    Removing stm32f10x_spi.o(i.SPI_I2S_ReceiveData), (4 bytes).
    Removing stm32f10x_spi.o(i.SPI_I2S_SendData), (4 bytes).
    Removing stm32f10x_spi.o(i.SPI_Init), (56 bytes).
    Removing stm32f10x_spi.o(i.SPI_NSSInternalSoftwareConfig), (24 bytes).
    Removing stm32f10x_spi.o(i.SPI_SSOutputCmd), (20 bytes).
    Removing stm32f10x_spi.o(i.SPI_StructInit), (24 bytes).
    Removing stm32f10x_spi.o(i.SPI_TransmitCRC), (10 bytes).
    Removing stm32f10x_sdio.o(i.SDIO_CEATAITCmd), (16 bytes).
    Removing stm32f10x_sdio.o(i.SDIO_ClearFlag), (12 bytes).
    Removing stm32f10x_sdio.o(i.SDIO_ClearITPendingBit), (12 bytes).
    Removing stm32f10x_sdio.o(i.SDIO_ClockCmd), (12 bytes).
    Removing stm32f10x_sdio.o(i.SDIO_CmdStructInit), (14 bytes).
    Removing stm32f10x_sdio.o(i.SDIO_CommandCompletionCmd), (12 bytes).
    Removing stm32f10x_sdio.o(i.SDIO_DMACmd), (12 bytes).
    Removing stm32f10x_sdio.o(i.SDIO_DataConfig), (44 bytes).
    Removing stm32f10x_sdio.o(i.SDIO_DataStructInit), (20 bytes).
    Removing stm32f10x_sdio.o(i.SDIO_DeInit), (36 bytes).
    Removing stm32f10x_sdio.o(i.SDIO_GetCommandResponse), (12 bytes).
    Removing stm32f10x_sdio.o(i.SDIO_GetDataCounter), (12 bytes).
    Removing stm32f10x_sdio.o(i.SDIO_GetFIFOCount), (12 bytes).
    Removing stm32f10x_sdio.o(i.SDIO_GetFlagStatus), (20 bytes).
    Removing stm32f10x_sdio.o(i.SDIO_GetITStatus), (20 bytes).
    Removing stm32f10x_sdio.o(i.SDIO_GetPowerState), (16 bytes).
    Removing stm32f10x_sdio.o(i.SDIO_GetResponse), (16 bytes).
    Removing stm32f10x_sdio.o(i.SDIO_ITConfig), (24 bytes).
    Removing stm32f10x_sdio.o(i.SDIO_Init), (44 bytes).
    Removing stm32f10x_sdio.o(i.SDIO_ReadData), (12 bytes).
    Removing stm32f10x_sdio.o(i.SDIO_SendCEATACmd), (12 bytes).
    Removing stm32f10x_sdio.o(i.SDIO_SendCommand), (40 bytes).
    Removing stm32f10x_sdio.o(i.SDIO_SendSDIOSuspendCmd), (12 bytes).
    Removing stm32f10x_sdio.o(i.SDIO_SetPowerState), (24 bytes).
    Removing stm32f10x_sdio.o(i.SDIO_SetSDIOOperation), (12 bytes).
    Removing stm32f10x_sdio.o(i.SDIO_SetSDIOReadWaitMode), (12 bytes).
    Removing stm32f10x_sdio.o(i.SDIO_StartSDIOReadWait), (12 bytes).
    Removing stm32f10x_sdio.o(i.SDIO_StopSDIOReadWait), (12 bytes).
    Removing stm32f10x_sdio.o(i.SDIO_StructInit), (16 bytes).
    Removing stm32f10x_sdio.o(i.SDIO_WriteData), (12 bytes).
    Removing stm32f10x_dma.o(i.DMA_ClearFlag), (24 bytes).
    Removing stm32f10x_dma.o(i.DMA_ClearITPendingBit), (24 bytes).
    Removing stm32f10x_dma.o(i.DMA_GetCurrDataCounter), (6 bytes).
    Removing stm32f10x_dma.o(i.DMA_GetFlagStatus), (32 bytes).
    Removing stm32f10x_dma.o(i.DMA_GetITStatus), (32 bytes).
    Removing stm32f10x_dma.o(i.DMA_ITConfig), (16 bytes).
    Removing stm32f10x_dma.o(i.DMA_SetCurrDataCounter), (4 bytes).
    Removing stm32f10x_dma.o(i.DMA_StructInit), (26 bytes).
    Removing stm32f10x_tim.o(i.TI1_Config), (108 bytes).
    Removing stm32f10x_tim.o(i.TI2_Config), (124 bytes).
    Removing stm32f10x_tim.o(i.TIM_BDTRConfig), (34 bytes).
    Removing stm32f10x_tim.o(i.TIM_BDTRStructInit), (18 bytes).
    Removing stm32f10x_tim.o(i.TIM_CCPreloadControl), (20 bytes).
    Removing stm32f10x_tim.o(i.TIM_CCxCmd), (22 bytes).
    Removing stm32f10x_tim.o(i.TIM_CCxNCmd), (22 bytes).
    Removing stm32f10x_tim.o(i.TIM_ClearOC1Ref), (12 bytes).
    Removing stm32f10x_tim.o(i.TIM_ClearOC2Ref), (20 bytes).
    Removing stm32f10x_tim.o(i.TIM_ClearOC3Ref), (12 bytes).
    Removing stm32f10x_tim.o(i.TIM_ClearOC4Ref), (20 bytes).
    Removing stm32f10x_tim.o(i.TIM_CounterModeConfig), (12 bytes).
    Removing stm32f10x_tim.o(i.TIM_CtrlPWMOutputs), (22 bytes).
    Removing stm32f10x_tim.o(i.TIM_DMACmd), (16 bytes).
    Removing stm32f10x_tim.o(i.TIM_DMAConfig), (8 bytes).
    Removing stm32f10x_tim.o(i.TIM_ETRClockMode1Config), (18 bytes).
    Removing stm32f10x_tim.o(i.TIM_ETRClockMode2Config), (18 bytes).
    Removing stm32f10x_tim.o(i.TIM_ETRConfig), (24 bytes).
    Removing stm32f10x_tim.o(i.TIM_EncoderInterfaceConfig), (50 bytes).
    Removing stm32f10x_tim.o(i.TIM_ForcedOC1Config), (12 bytes).
    Removing stm32f10x_tim.o(i.TIM_ForcedOC2Config), (20 bytes).
    Removing stm32f10x_tim.o(i.TIM_ForcedOC3Config), (12 bytes).
    Removing stm32f10x_tim.o(i.TIM_ForcedOC4Config), (20 bytes).
    Removing stm32f10x_tim.o(i.TIM_GenerateEvent), (4 bytes).
    Removing stm32f10x_tim.o(i.TIM_GetCapture1), (4 bytes).
    Removing stm32f10x_tim.o(i.TIM_GetCapture2), (4 bytes).
    Removing stm32f10x_tim.o(i.TIM_GetCapture3), (4 bytes).
    Removing stm32f10x_tim.o(i.TIM_GetCapture4), (6 bytes).
    Removing stm32f10x_tim.o(i.TIM_GetCounter), (4 bytes).
    Removing stm32f10x_tim.o(i.TIM_GetFlagStatus), (14 bytes).
    Removing stm32f10x_tim.o(i.TIM_GetPrescaler), (4 bytes).
    Removing stm32f10x_tim.o(i.TIM_ICInit), (300 bytes).
    Removing stm32f10x_tim.o(i.TIM_ICStructInit), (16 bytes).
    Removing stm32f10x_tim.o(i.TIM_ITRxExternalClockConfig), (18 bytes).
    Removing stm32f10x_tim.o(i.TIM_OC1FastConfig), (12 bytes).
    Removing stm32f10x_tim.o(i.TIM_OC1Init), (128 bytes).
    Removing stm32f10x_tim.o(i.TIM_OC1NPolarityConfig), (12 bytes).
    Removing stm32f10x_tim.o(i.TIM_OC1PolarityConfig), (12 bytes).
    Removing stm32f10x_tim.o(i.TIM_OC1PreloadConfig), (12 bytes).
    Removing stm32f10x_tim.o(i.TIM_OC2FastConfig), (20 bytes).
    Removing stm32f10x_tim.o(i.TIM_OC2Init), (128 bytes).
    Removing stm32f10x_tim.o(i.TIM_OC2NPolarityConfig), (20 bytes).
    Removing stm32f10x_tim.o(i.TIM_OC2PolarityConfig), (20 bytes).
    Removing stm32f10x_tim.o(i.TIM_OC2PreloadConfig), (20 bytes).
    Removing stm32f10x_tim.o(i.TIM_OC3FastConfig), (12 bytes).
    Removing stm32f10x_tim.o(i.TIM_OC3Init), (124 bytes).
    Removing stm32f10x_tim.o(i.TIM_OC3NPolarityConfig), (20 bytes).
    Removing stm32f10x_tim.o(i.TIM_OC3PolarityConfig), (20 bytes).
    Removing stm32f10x_tim.o(i.TIM_OC3PreloadConfig), (12 bytes).
    Removing stm32f10x_tim.o(i.TIM_OC4FastConfig), (20 bytes).
    Removing stm32f10x_tim.o(i.TIM_OC4Init), (100 bytes).
    Removing stm32f10x_tim.o(i.TIM_OC4PolarityConfig), (20 bytes).
    Removing stm32f10x_tim.o(i.TIM_OC4PreloadConfig), (20 bytes).
    Removing stm32f10x_tim.o(i.TIM_OCStructInit), (20 bytes).
    Removing stm32f10x_tim.o(i.TIM_PWMIConfig), (108 bytes).
    Removing stm32f10x_tim.o(i.TIM_PrescalerConfig), (6 bytes).
    Removing stm32f10x_tim.o(i.TIM_SelectCCDMA), (20 bytes).
    Removing stm32f10x_tim.o(i.TIM_SelectCOM), (20 bytes).
    Removing stm32f10x_tim.o(i.TIM_SelectHallSensor), (20 bytes).
    Removing stm32f10x_tim.o(i.TIM_SelectInputTrigger), (12 bytes).
    Removing stm32f10x_tim.o(i.TIM_SelectMasterSlaveMode), (16 bytes).
    Removing stm32f10x_tim.o(i.TIM_SelectOCxM), (70 bytes).
    Removing stm32f10x_tim.o(i.TIM_SelectOnePulseMode), (16 bytes).
    Removing stm32f10x_tim.o(i.TIM_SelectOutputTrigger), (16 bytes).
    Removing stm32f10x_tim.o(i.TIM_SelectSlaveMode), (16 bytes).
    Removing stm32f10x_tim.o(i.TIM_SetAutoreload), (4 bytes).
    Removing stm32f10x_tim.o(i.TIM_SetClockDivision), (16 bytes).
    Removing stm32f10x_tim.o(i.TIM_SetCompare1), (4 bytes).
    Removing stm32f10x_tim.o(i.TIM_SetCompare2), (4 bytes).
    Removing stm32f10x_tim.o(i.TIM_SetCompare3), (4 bytes).
    Removing stm32f10x_tim.o(i.TIM_SetCompare4), (6 bytes).
    Removing stm32f10x_tim.o(i.TIM_SetCounter), (4 bytes).
    Removing stm32f10x_tim.o(i.TIM_SetIC1Prescaler), (16 bytes).
    Removing stm32f10x_tim.o(i.TIM_SetIC2Prescaler), (24 bytes).
    Removing stm32f10x_tim.o(i.TIM_SetIC3Prescaler), (16 bytes).
    Removing stm32f10x_tim.o(i.TIM_SetIC4Prescaler), (24 bytes).
    Removing stm32f10x_tim.o(i.TIM_TIxExternalClockConfig), (46 bytes).
    Removing stm32f10x_tim.o(i.TIM_TimeBaseStructInit), (18 bytes).
    Removing stm32f10x_tim.o(i.TIM_UpdateDisableConfig), (20 bytes).
    Removing stm32f10x_tim.o(i.TIM_UpdateRequestConfig), (20 bytes).
    Removing stm32f10x_adc.o(i.ADC_AnalogWatchdogCmd), (16 bytes).
    Removing stm32f10x_adc.o(i.ADC_AnalogWatchdogSingleChannelConfig), (12 bytes).
    Removing stm32f10x_adc.o(i.ADC_AnalogWatchdogThresholdsConfig), (6 bytes).
    Removing stm32f10x_adc.o(i.ADC_AutoInjectedConvCmd), (20 bytes).
    Removing stm32f10x_adc.o(i.ADC_ClearFlag), (6 bytes).
    Removing stm32f10x_adc.o(i.ADC_ClearITPendingBit), (8 bytes).
    Removing stm32f10x_adc.o(i.ADC_DeInit), (68 bytes).
    Removing stm32f10x_adc.o(i.ADC_DiscModeChannelCountConfig), (16 bytes).
    Removing stm32f10x_adc.o(i.ADC_DiscModeCmd), (20 bytes).
    Removing stm32f10x_adc.o(i.ADC_ExternalTrigConvCmd), (20 bytes).
    Removing stm32f10x_adc.o(i.ADC_ExternalTrigInjectedConvCmd), (20 bytes).
    Removing stm32f10x_adc.o(i.ADC_ExternalTrigInjectedConvConfig), (12 bytes).
    Removing stm32f10x_adc.o(i.ADC_GetConversionValue), (6 bytes).
    Removing stm32f10x_adc.o(i.ADC_GetDualModeConversionValue), (12 bytes).
    Removing stm32f10x_adc.o(i.ADC_GetFlagStatus), (14 bytes).
    Removing stm32f10x_adc.o(i.ADC_GetITStatus), (28 bytes).
    Removing stm32f10x_adc.o(i.ADC_GetInjectedConversionValue), (14 bytes).
    Removing stm32f10x_adc.o(i.ADC_GetSoftwareStartConvStatus), (14 bytes).
    Removing stm32f10x_adc.o(i.ADC_GetSoftwareStartInjectedConvCmdStatus), (14 bytes).
    Removing stm32f10x_adc.o(i.ADC_ITConfig), (18 bytes).
    Removing stm32f10x_adc.o(i.ADC_InjectedChannelConfig), (74 bytes).
    Removing stm32f10x_adc.o(i.ADC_InjectedDiscModeCmd), (20 bytes).
    Removing stm32f10x_adc.o(i.ADC_InjectedSequencerLengthConfig), (16 bytes).
    Removing stm32f10x_adc.o(i.ADC_SetInjectedOffset), (10 bytes).
    Removing stm32f10x_adc.o(i.ADC_SoftwareStartInjectedConvCmd), (20 bytes).
    Removing stm32f10x_adc.o(i.ADC_StructInit), (18 bytes).
    Removing stm32f10x_adc.o(i.ADC_TempSensorVrefintCmd), (28 bytes).
    Removing stm32f10x_i2c.o(i.I2C_ARPCmd), (20 bytes).
    Removing stm32f10x_i2c.o(i.I2C_AcknowledgeConfig), (20 bytes).
    Removing stm32f10x_i2c.o(i.I2C_CalculatePEC), (20 bytes).
    Removing stm32f10x_i2c.o(i.I2C_CheckEvent), (24 bytes).
    Removing stm32f10x_i2c.o(i.I2C_ClearFlag), (6 bytes).
    Removing stm32f10x_i2c.o(i.I2C_ClearITPendingBit), (6 bytes).
    Removing stm32f10x_i2c.o(i.I2C_Cmd), (20 bytes).
    Removing stm32f10x_i2c.o(i.I2C_DMACmd), (20 bytes).
    Removing stm32f10x_i2c.o(i.I2C_DMALastTransferCmd), (20 bytes).
    Removing stm32f10x_i2c.o(i.I2C_DeInit), (44 bytes).
    Removing stm32f10x_i2c.o(i.I2C_DualAddressCmd), (20 bytes).
    Removing stm32f10x_i2c.o(i.I2C_FastModeDutyCycleConfig), (22 bytes).
    Removing stm32f10x_i2c.o(i.I2C_GeneralCallCmd), (20 bytes).
    Removing stm32f10x_i2c.o(i.I2C_GenerateSTART), (20 bytes).
    Removing stm32f10x_i2c.o(i.I2C_GenerateSTOP), (20 bytes).
    Removing stm32f10x_i2c.o(i.I2C_GetFlagStatus), (42 bytes).
    Removing stm32f10x_i2c.o(i.I2C_GetITStatus), (36 bytes).
    Removing stm32f10x_i2c.o(i.I2C_GetLastEvent), (14 bytes).
    Removing stm32f10x_i2c.o(i.I2C_GetPEC), (6 bytes).
    Removing stm32f10x_i2c.o(i.I2C_ITConfig), (16 bytes).
    Removing stm32f10x_i2c.o(i.I2C_Init), (188 bytes).
    Removing stm32f10x_i2c.o(i.I2C_NACKPositionConfig), (22 bytes).
    Removing stm32f10x_i2c.o(i.I2C_OwnAddress2Config), (16 bytes).
    Removing stm32f10x_i2c.o(i.I2C_PECPositionConfig), (22 bytes).
    Removing stm32f10x_i2c.o(i.I2C_ReadRegister), (10 bytes).
    Removing stm32f10x_i2c.o(i.I2C_ReceiveData), (6 bytes).
    Removing stm32f10x_i2c.o(i.I2C_SMBusAlertConfig), (22 bytes).
    Removing stm32f10x_i2c.o(i.I2C_Send7bitAddress), (16 bytes).
    Removing stm32f10x_i2c.o(i.I2C_SendData), (4 bytes).
    Removing stm32f10x_i2c.o(i.I2C_SoftwareResetCmd), (20 bytes).
    Removing stm32f10x_i2c.o(i.I2C_StretchClockCmd), (20 bytes).
    Removing stm32f10x_i2c.o(i.I2C_StructInit), (28 bytes).
    Removing stm32f10x_i2c.o(i.I2C_TransmitPEC), (20 bytes).
    Removing stm32f10x_rtc.o(i.RTC_ClearFlag), (16 bytes).
    Removing stm32f10x_rtc.o(i.RTC_GetDivider), (24 bytes).
    Removing stm32f10x_rtc.o(i.RTC_GetFlagStatus), (20 bytes).
    Removing stm32f10x_rtc.o(i.RTC_ITConfig), (24 bytes).
    Removing stm32f10x_rtc.o(i.RTC_SetAlarm), (32 bytes).
    Removing stm32f10x_rtc.o(i.RTC_SetPrescaler), (32 bytes).
    Removing stm32f10x_rtc.o(i.RTC_WaitForSynchro), (24 bytes).
    Removing stm32f10x_bkp.o(i.BKP_ClearFlag), (16 bytes).
    Removing stm32f10x_bkp.o(i.BKP_ClearITPendingBit), (16 bytes).
    Removing stm32f10x_bkp.o(i.BKP_DeInit), (18 bytes).
    Removing stm32f10x_bkp.o(i.BKP_GetFlagStatus), (12 bytes).
    Removing stm32f10x_bkp.o(i.BKP_GetITStatus), (12 bytes).
    Removing stm32f10x_bkp.o(i.BKP_ITConfig), (12 bytes).
    Removing stm32f10x_bkp.o(i.BKP_RTCOutputConfig), (20 bytes).
    Removing stm32f10x_bkp.o(i.BKP_ReadBackupRegister), (16 bytes).
    Removing stm32f10x_bkp.o(i.BKP_SetRTCCalibrationValue), (20 bytes).
    Removing stm32f10x_bkp.o(i.BKP_TamperPinCmd), (12 bytes).
    Removing stm32f10x_bkp.o(i.BKP_TamperPinLevelConfig), (12 bytes).
    Removing stm32f10x_bkp.o(i.BKP_WriteBackupRegister), (16 bytes).
    Removing stm32f10x_pwr.o(i.PWR_ClearFlag), (16 bytes).
    Removing stm32f10x_pwr.o(i.PWR_DeInit), (24 bytes).
    Removing stm32f10x_pwr.o(i.PWR_EnterSTANDBYMode), (40 bytes).
    Removing stm32f10x_pwr.o(i.PWR_EnterSTOPMode), (52 bytes).
    Removing stm32f10x_pwr.o(i.PWR_GetFlagStatus), (20 bytes).
    Removing stm32f10x_pwr.o(i.PWR_PVDCmd), (12 bytes).
    Removing stm32f10x_pwr.o(i.PWR_PVDLevelConfig), (20 bytes).
    Removing stm32f10x_pwr.o(i.PWR_WakeUpPinCmd), (12 bytes).
    Removing core_cm3.o(.emb_text), (32 bytes).
    Removing startup_stm32f10x_hd.o(HEAP), (1024 bytes).
    Removing sys.o(.emb_text), (2 bytes).
    Removing sys.o(i.BCD_to_HEX), (22 bytes).
    Removing sys.o(i.DX_to_HX), (60 bytes).
    Removing sys.o(i.HEX_to_BCD), (18 bytes).
    Removing sys.o(i.HX_to_DX), (46 bytes).
    Removing sys.o(i.MY_NVIC_Init), (40 bytes).
    Removing sys.o(i.MY_NVIC_PriorityGroup_Config), (4 bytes).
    Removing sys.o(i.MY_NVIC_SetVectorTable), (20 bytes).
    Removing sys.o(i.MY_RCC_DeInit), (80 bytes).
    Removing sys.o(i.STM32_CPUID), (28 bytes).
    Removing sys.o(i.STM32_Flash_Capacity), (140 bytes).
    Removing sys.o(i.STM32_GPIOx_Init), (38 bytes).
    Removing sys.o(i.STM_Clock_Init), (104 bytes).
    Removing sys.o(i.STM_JTAG_Set), (40 bytes).
    Removing sys.o(i.SYS_SoftReset), (16 bytes).
    Removing sys.o(i.SYS_Standby), (64 bytes).
    Removing hal_wifitocloud.o(i.ClrAtRxBuf), (36 bytes).
    Removing hal_wifitocloud.o(i.SendAtCmd), (24 bytes).
    Removing hal_wifitocloud.o(i.SendStrLen), (4 bytes).
    Removing wifitocloud.o(i.ConnectToServer), (296 bytes).
    Removing wifitocloud.o(i.ESP8266_DataAnalysisProcess), (216 bytes).
    Removing wifitocloud.o(i.ESP8266_GetIpData), (76 bytes).
    Removing wifitocloud.o(i.ESP8266_IpSend), (148 bytes).
    Removing wifitocloud.o(i.ESP8266_IpStart), (112 bytes).
    Removing wifitocloud.o(i.ESP8266_SendSensor), (164 bytes).
    Removing wifitocloud.o(i.ESP8266_SetAP), (108 bytes).
    Removing wifitocloud.o(i.ESP8266_SetStation), (64 bytes).
    Removing dadd.o(.text), (334 bytes).
    Removing dmul.o(.text), (228 bytes).
    Removing ddiv.o(.text), (222 bytes).
    Removing dscalb.o(.text), (46 bytes).
    Removing dfltui.o(.text), (26 bytes).
    Removing dfixui.o(.text), (50 bytes).
    Removing f2d.o(.text), (38 bytes).
    Removing cdcmple.o(.text), (48 bytes).
    Removing cdrcmple.o(.text), (48 bytes).
    Removing d2f.o(.text), (56 bytes).
    Removing fepilogue.o(.text), (110 bytes).
    Removing depilogue.o(.text), (186 bytes).
    Removing dflti.o(.text), (34 bytes).
    Removing dfixul.o(.text), (48 bytes).
    Removing dsqrt.o(.text), (162 bytes).

434 unused section(s) (total 18201 bytes) removed from the image.

==============================================================================

Image Symbol Table

    Local Symbols

    Symbol Name                              Value     Ov Type        Size  Object(Section)

    ../clib/microlib/division.c              0x00000000   Number         0  uldiv.o ABSOLUTE
    ../clib/microlib/division.c              0x00000000   Number         0  uidiv.o ABSOLUTE
    ../clib/microlib/errno.c                 0x00000000   Number         0  errno.o ABSOLUTE
    ../clib/microlib/init/entry.s            0x00000000   Number         0  entry8a.o ABSOLUTE
    ../clib/microlib/init/entry.s            0x00000000   Number         0  entry10a.o ABSOLUTE
    ../clib/microlib/init/entry.s            0x00000000   Number         0  entry7a.o ABSOLUTE
    ../clib/microlib/init/entry.s            0x00000000   Number         0  entry.o ABSOLUTE
    ../clib/microlib/init/entry.s            0x00000000   Number         0  entry9b.o ABSOLUTE
    ../clib/microlib/init/entry.s            0x00000000   Number         0  entry9a.o ABSOLUTE
    ../clib/microlib/init/entry.s            0x00000000   Number         0  entry8b.o ABSOLUTE
    ../clib/microlib/init/entry.s            0x00000000   Number         0  entry5.o ABSOLUTE
    ../clib/microlib/init/entry.s            0x00000000   Number         0  entry11b.o ABSOLUTE
    ../clib/microlib/init/entry.s            0x00000000   Number         0  entry2.o ABSOLUTE
    ../clib/microlib/init/entry.s            0x00000000   Number         0  entry11a.o ABSOLUTE
    ../clib/microlib/init/entry.s            0x00000000   Number         0  entry7b.o ABSOLUTE
    ../clib/microlib/init/entry.s            0x00000000   Number         0  entry10b.o ABSOLUTE
    ../clib/microlib/longlong.c              0x00000000   Number         0  llsshr.o ABSOLUTE
    ../clib/microlib/longlong.c              0x00000000   Number         0  llushr.o ABSOLUTE
    ../clib/microlib/longlong.c              0x00000000   Number         0  llshl.o ABSOLUTE
    ../clib/microlib/malloc/calloc.c         0x00000000   Number         0  calloc.o ABSOLUTE
    ../clib/microlib/malloc/malloc.c         0x00000000   Number         0  malloca.o ABSOLUTE
    ../clib/microlib/malloc/malloc.c         0x00000000   Number         0  mallocr.o ABSOLUTE
    ../clib/microlib/malloc/malloc.c         0x00000000   Number         0  malloc.o ABSOLUTE
    ../clib/microlib/malloc/malloc.c         0x00000000   Number         0  mallocra.o ABSOLUTE
    ../clib/microlib/malloc/mvars.c          0x00000000   Number         0  mvars.o ABSOLUTE
    ../clib/microlib/printf/printf.c         0x00000000   Number         0  printfa.o ABSOLUTE
    ../clib/microlib/printf/printf.c         0x00000000   Number         0  printfb.o ABSOLUTE
    ../clib/microlib/printf/printf.c         0x00000000   Number         0  printf0.o ABSOLUTE
    ../clib/microlib/printf/printf.c         0x00000000   Number         0  printf2.o ABSOLUTE
    ../clib/microlib/printf/printf.c         0x00000000   Number         0  printf3.o ABSOLUTE
    ../clib/microlib/printf/printf.c         0x00000000   Number         0  printf4.o ABSOLUTE
    ../clib/microlib/printf/printf.c         0x00000000   Number         0  printf5.o ABSOLUTE
    ../clib/microlib/printf/printf.c         0x00000000   Number         0  printf6.o ABSOLUTE
    ../clib/microlib/printf/printf.c         0x00000000   Number         0  printf1.o ABSOLUTE
    ../clib/microlib/printf/printf.c         0x00000000   Number         0  printf8.o ABSOLUTE
    ../clib/microlib/printf/printf.c         0x00000000   Number         0  printf7.o ABSOLUTE
    ../clib/microlib/printf/stubs.s          0x00000000   Number         0  stubs.o ABSOLUTE
    ../clib/microlib/stdio/streams.c         0x00000000   Number         0  stdout.o ABSOLUTE
    ../clib/microlib/string/memcmp.c         0x00000000   Number         0  memcmp.o ABSOLUTE
    ../clib/microlib/string/memcpy.c         0x00000000   Number         0  memcpyb.o ABSOLUTE
    ../clib/microlib/string/memcpy.c         0x00000000   Number         0  memcpya.o ABSOLUTE
    ../clib/microlib/string/memset.c         0x00000000   Number         0  memseta.o ABSOLUTE
    ../clib/microlib/string/strcat.c         0x00000000   Number         0  strcat.o ABSOLUTE
    ../clib/microlib/string/strlen.c         0x00000000   Number         0  strlen.o ABSOLUTE
    ../clib/microlib/string/strstr.c         0x00000000   Number         0  strstr.o ABSOLUTE
    ../clib/microlib/stubs.s                 0x00000000   Number         0  iusefp.o ABSOLUTE
    ../fplib/microlib/d2f.c                  0x00000000   Number         0  d2f.o ABSOLUTE
    ../fplib/microlib/f2d.c                  0x00000000   Number         0  f2d.o ABSOLUTE
    ../fplib/microlib/fpadd.c                0x00000000   Number         0  dadd.o ABSOLUTE
    ../fplib/microlib/fpdiv.c                0x00000000   Number         0  ddiv.o ABSOLUTE
    ../fplib/microlib/fpepilogue.c           0x00000000   Number         0  fepilogue.o ABSOLUTE
    ../fplib/microlib/fpepilogue.c           0x00000000   Number         0  depilogue.o ABSOLUTE
    ../fplib/microlib/fpfix.c                0x00000000   Number         0  dfixui.o ABSOLUTE
    ../fplib/microlib/fpfix.c                0x00000000   Number         0  dfixul.o ABSOLUTE
    ../fplib/microlib/fpflt.c                0x00000000   Number         0  dfltui.o ABSOLUTE
    ../fplib/microlib/fpflt.c                0x00000000   Number         0  dflti.o ABSOLUTE
    ../fplib/microlib/fpmul.c                0x00000000   Number         0  dmul.o ABSOLUTE
    ../fplib/microlib/fpscalb.c              0x00000000   Number         0  dscalb.o ABSOLUTE
    ../fplib/microlib/fpsqrt.c               0x00000000   Number         0  dsqrt.o ABSOLUTE
    ../mathlib/dunder.c                      0x00000000   Number         0  dunder.o ABSOLUTE
    ../mathlib/fpclassify.c                  0x00000000   Number         0  fpclassify.o ABSOLUTE
    ../mathlib/log.c                         0x00000000   Number         0  log_x.o ABSOLUTE
    ../mathlib/log.c                         0x00000000   Number         0  log.o ABSOLUTE
    ../mathlib/log10.c                       0x00000000   Number         0  log10_x.o ABSOLUTE
    ../mathlib/log10.c                       0x00000000   Number         0  log10.o ABSOLUTE
    ../mathlib/poly.c                        0x00000000   Number         0  poly.o ABSOLUTE
    ../mathlib/pow.c                         0x00000000   Number         0  pow_x.o ABSOLUTE
    ../mathlib/pow.c                         0x00000000   Number         0  pow.o ABSOLUTE
    ../mathlib/qnan.c                        0x00000000   Number         0  qnan.o ABSOLUTE
    ../mathlib/sqrt.c                        0x00000000   Number         0  sqrt.o ABSOLUTE
    ../mathlib/sqrt.c                        0x00000000   Number         0  sqrt_x.o ABSOLUTE
    ..\..\Libraries\core_cm3.c               0x00000000   Number         0  core_cm3.o ABSOLUTE
    ..\..\Libraries\src\misc.c               0x00000000   Number         0  misc.o ABSOLUTE
    ..\..\Libraries\src\stm32f10x_adc.c      0x00000000   Number         0  stm32f10x_adc.o ABSOLUTE
    ..\..\Libraries\src\stm32f10x_bkp.c      0x00000000   Number         0  stm32f10x_bkp.o ABSOLUTE
    ..\..\Libraries\src\stm32f10x_dma.c      0x00000000   Number         0  stm32f10x_dma.o ABSOLUTE
    ..\..\Libraries\src\stm32f10x_exti.c     0x00000000   Number         0  stm32f10x_exti.o ABSOLUTE
    ..\..\Libraries\src\stm32f10x_flash.c    0x00000000   Number         0  stm32f10x_flash.o ABSOLUTE
    ..\..\Libraries\src\stm32f10x_gpio.c     0x00000000   Number         0  stm32f10x_gpio.o ABSOLUTE
    ..\..\Libraries\src\stm32f10x_i2c.c      0x00000000   Number         0  stm32f10x_i2c.o ABSOLUTE
    ..\..\Libraries\src\stm32f10x_pwr.c      0x00000000   Number         0  stm32f10x_pwr.o ABSOLUTE
    ..\..\Libraries\src\stm32f10x_rcc.c      0x00000000   Number         0  stm32f10x_rcc.o ABSOLUTE
    ..\..\Libraries\src\stm32f10x_rtc.c      0x00000000   Number         0  stm32f10x_rtc.o ABSOLUTE
    ..\..\Libraries\src\stm32f10x_sdio.c     0x00000000   Number         0  stm32f10x_sdio.o ABSOLUTE
    ..\..\Libraries\src\stm32f10x_spi.c      0x00000000   Number         0  stm32f10x_spi.o ABSOLUTE
    ..\..\Libraries\src\stm32f10x_tim.c      0x00000000   Number         0  stm32f10x_tim.o ABSOLUTE
    ..\..\Libraries\src\stm32f10x_usart.c    0x00000000   Number         0  stm32f10x_usart.o ABSOLUTE
    ..\..\Libraries\system_stm32f10x.c       0x00000000   Number         0  system_stm32f10x.o ABSOLUTE
    ..\..\Startup\startup_stm32f10x_hd.s     0x00000000   Number         0  startup_stm32f10x_hd.o ABSOLUTE
    ..\\..\\Libraries\\core_cm3.c            0x00000000   Number         0  core_cm3.o ABSOLUTE
    cdcmple.s                                0x00000000   Number         0  cdcmple.o ABSOLUTE
    cdrcmple.s                               0x00000000   Number         0  cdrcmple.o ABSOLUTE
    code\Bsp\bsp_flash.c                     0x00000000   Number         0  bsp_flash.o ABSOLUTE
    code\Bsp\task.c                          0x00000000   Number         0  task.o ABSOLUTE
    code\Drv\ADC1_DMA\adc_dma.c              0x00000000   Number         0  adc_dma.o ABSOLUTE
    code\Drv\ADC_NumCal\numcal.c             0x00000000   Number         0  numcal.o ABSOLUTE
    code\Drv\Buzzer\buzzer.c                 0x00000000   Number         0  buzzer.o ABSOLUTE
    code\Drv\Door\door.c                     0x00000000   Number         0  door.o ABSOLUTE
    code\Drv\IR_Alert\ir_alert.c             0x00000000   Number         0  ir_alert.o ABSOLUTE
    code\Drv\RTC\rtc.c                       0x00000000   Number         0  rtc.o ABSOLUTE
    code\Drv\SegLED\light.c                  0x00000000   Number         0  light.o ABSOLUTE
    code\Drv\SysTick\systick.c               0x00000000   Number         0  systick.o ABSOLUTE
    code\Drv\TIM\timer\timer.c               0x00000000   Number         0  timer.o ABSOLUTE
    code\Drv\USART\hal_usart1.c              0x00000000   Number         0  hal_usart1.o ABSOLUTE
    code\Drv\uart4\hal_uart4.c               0x00000000   Number         0  hal_uart4.o ABSOLUTE
    code\WiFiToCloud\HAL_WiFiToCloud.c       0x00000000   Number         0  hal_wifitocloud.o ABSOLUTE
    code\WiFiToCloud\WiFiToCloud.c           0x00000000   Number         0  wifitocloud.o ABSOLUTE
    code\\system\\sys.c                      0x00000000   Number         0  sys.o ABSOLUTE
    code\app\app_pwd.c                       0x00000000   Number         0  app_pwd.o ABSOLUTE
    code\main.c                              0x00000000   Number         0  main.o ABSOLUTE
    code\stm32f10x_it.c                      0x00000000   Number         0  stm32f10x_it.o ABSOLUTE
    code\system\sys.c                        0x00000000   Number         0  sys.o ABSOLUTE
    dc.s                                     0x00000000   Number         0  dc.o ABSOLUTE
    handlers.s                               0x00000000   Number         0  handlers.o ABSOLUTE
    init.s                                   0x00000000   Number         0  init.o ABSOLUTE
    RESET                                    0x08000000   Section      304  startup_stm32f10x_hd.o(RESET)
    .ARM.Collect$$$$00000000                 0x08000130   Section        0  entry.o(.ARM.Collect$$$$00000000)
    .ARM.Collect$$$$00000001                 0x08000130   Section        4  entry2.o(.ARM.Collect$$$$00000001)
    .ARM.Collect$$$$00000004                 0x08000134   Section        4  entry5.o(.ARM.Collect$$$$00000004)
    .ARM.Collect$$$$00000008                 0x08000138   Section        0  entry7b.o(.ARM.Collect$$$$00000008)
    .ARM.Collect$$$$0000000A                 0x08000138   Section        0  entry8b.o(.ARM.Collect$$$$0000000A)
    .ARM.Collect$$$$0000000B                 0x08000138   Section        8  entry9a.o(.ARM.Collect$$$$0000000B)
    .ARM.Collect$$$$0000000D                 0x08000140   Section        0  entry10a.o(.ARM.Collect$$$$0000000D)
    .ARM.Collect$$$$0000000F                 0x08000140   Section        0  entry11a.o(.ARM.Collect$$$$0000000F)
    .ARM.Collect$$$$00002712                 0x08000140   Section        4  entry2.o(.ARM.Collect$$$$00002712)
    __lit__00000000                          0x08000140   Data           4  entry2.o(.ARM.Collect$$$$00002712)
    .text                                    0x08000144   Section       36  startup_stm32f10x_hd.o(.text)
    .text                                    0x08000168   Section        0  memseta.o(.text)
    .text                                    0x0800018c   Section        0  strstr.o(.text)
    .text                                    0x080001b0   Section        0  strlen.o(.text)
    .text                                    0x080001be   Section        0  uldiv.o(.text)
    .text                                    0x08000220   Section        0  llshl.o(.text)
    .text                                    0x0800023e   Section        0  llushr.o(.text)
    .text                                    0x08000260   Section       36  init.o(.text)
    i.ADC1_Init                              0x08000284   Section        0  adc_dma.o(i.ADC1_Init)
    i.ADC1_Mode_Config                       0x080002b8   Section        0  adc_dma.o(i.ADC1_Mode_Config)
    ADC1_Mode_Config                         0x080002b9   Thumb Code   180  adc_dma.o(i.ADC1_Mode_Config)
    i.ADC_Cmd                                0x08000378   Section        0  stm32f10x_adc.o(i.ADC_Cmd)
    i.ADC_DMACmd                             0x0800038c   Section        0  stm32f10x_adc.o(i.ADC_DMACmd)
    i.ADC_GetCalibrationStatus               0x080003a0   Section        0  stm32f10x_adc.o(i.ADC_GetCalibrationStatus)
    i.ADC_GetResetCalibrationStatus          0x080003ae   Section        0  stm32f10x_adc.o(i.ADC_GetResetCalibrationStatus)
    i.ADC_Init                               0x080003bc   Section        0  stm32f10x_adc.o(i.ADC_Init)
    i.ADC_RegularChannelConfig               0x08000404   Section        0  stm32f10x_adc.o(i.ADC_RegularChannelConfig)
    i.ADC_ResetCalibration                   0x08000478   Section        0  stm32f10x_adc.o(i.ADC_ResetCalibration)
    i.ADC_SoftwareStartConvCmd               0x08000482   Section        0  stm32f10x_adc.o(i.ADC_SoftwareStartConvCmd)
    i.ADC_StartCalibration                   0x08000496   Section        0  stm32f10x_adc.o(i.ADC_StartCalibration)
    i.BusFault_Handler                       0x080004a0   Section        0  stm32f10x_it.o(i.BusFault_Handler)
    i.DMA_Cmd                                0x080004bc   Section        0  stm32f10x_dma.o(i.DMA_Cmd)
    i.DMA_DeInit                             0x080004d4   Section        0  stm32f10x_dma.o(i.DMA_DeInit)
    i.DMA_Init                               0x080005b8   Section        0  stm32f10x_dma.o(i.DMA_Init)
    i.DebugMon_Handler                       0x080005f2   Section        0  stm32f10x_it.o(i.DebugMon_Handler)
    i.EXTI15_10_IRQHandler                   0x080005f4   Section        0  stm32f10x_it.o(i.EXTI15_10_IRQHandler)
    i.EXTI9_5_IRQHandler                     0x08000622   Section        0  stm32f10x_it.o(i.EXTI9_5_IRQHandler)
    i.EXTI_ClearITPendingBit                 0x08000640   Section        0  stm32f10x_exti.o(i.EXTI_ClearITPendingBit)
    i.EXTI_GetITStatus                       0x0800064c   Section        0  stm32f10x_exti.o(i.EXTI_GetITStatus)
    i.GPIO_Init                              0x0800066c   Section        0  stm32f10x_gpio.o(i.GPIO_Init)
    i.GPIO_WriteBit                          0x0800070e   Section        0  stm32f10x_gpio.o(i.GPIO_WriteBit)
    i.HardFault_Handler                      0x08000718   Section        0  stm32f10x_it.o(i.HardFault_Handler)
    i.MemManage_Handler                      0x08000750   Section        0  stm32f10x_it.o(i.MemManage_Handler)
    i.NMI_Handler                            0x0800076c   Section        0  stm32f10x_it.o(i.NMI_Handler)
    i.NVIC_Init                              0x08000770   Section        0  misc.o(i.NVIC_Init)
    i.PWR_BackupAccessCmd                    0x080007d4   Section        0  stm32f10x_pwr.o(i.PWR_BackupAccessCmd)
    i.PendSV_Handler                         0x080007e0   Section        0  stm32f10x_it.o(i.PendSV_Handler)
    i.RCC_ADCCLKConfig                       0x080007e4   Section        0  stm32f10x_rcc.o(i.RCC_ADCCLKConfig)
    i.RCC_AHBPeriphClockCmd                  0x080007f8   Section        0  stm32f10x_rcc.o(i.RCC_AHBPeriphClockCmd)
    i.RCC_APB1PeriphClockCmd                 0x08000810   Section        0  stm32f10x_rcc.o(i.RCC_APB1PeriphClockCmd)
    i.RCC_APB1PeriphResetCmd                 0x08000828   Section        0  stm32f10x_rcc.o(i.RCC_APB1PeriphResetCmd)
    i.RCC_APB2PeriphClockCmd                 0x08000840   Section        0  stm32f10x_rcc.o(i.RCC_APB2PeriphClockCmd)
    i.RCC_APB2PeriphResetCmd                 0x08000858   Section        0  stm32f10x_rcc.o(i.RCC_APB2PeriphResetCmd)
    i.RCC_GetClocksFreq                      0x08000870   Section        0  stm32f10x_rcc.o(i.RCC_GetClocksFreq)
    i.RTC_ClearITPendingBit                  0x08000900   Section        0  stm32f10x_rtc.o(i.RTC_ClearITPendingBit)
    i.RTC_EnterConfigMode                    0x08000910   Section        0  stm32f10x_rtc.o(i.RTC_EnterConfigMode)
    i.RTC_ExitConfigMode                     0x08000920   Section        0  stm32f10x_rtc.o(i.RTC_ExitConfigMode)
    i.RTC_GetCounter                         0x08000930   Section        0  stm32f10x_rtc.o(i.RTC_GetCounter)
    i.RTC_GetITStatus                        0x08000944   Section        0  stm32f10x_rtc.o(i.RTC_GetITStatus)
    i.RTC_IRQHandler                         0x08000964   Section        0  rtc.o(i.RTC_IRQHandler)
    i.RTC_SetCounter                         0x080009a8   Section        0  stm32f10x_rtc.o(i.RTC_SetCounter)
    i.RTC_WaitForLastTask                    0x080009c8   Section        0  stm32f10x_rtc.o(i.RTC_WaitForLastTask)
    i.SVC_Handler                            0x080009d8   Section        0  stm32f10x_it.o(i.SVC_Handler)
    i.SetSysClockTo72                        0x080009dc   Section        0  system_stm32f10x.o(i.SetSysClockTo72)
    SetSysClockTo72                          0x080009dd   Thumb Code   160  system_stm32f10x.o(i.SetSysClockTo72)
    i.SysTick_Handler                        0x08000a84   Section        0  systick.o(i.SysTick_Handler)
    i.SystemInit                             0x08000a94   Section        0  system_stm32f10x.o(i.SystemInit)
    i.TIM2_Configuration                     0x08000ae4   Section        0  timer.o(i.TIM2_Configuration)
    i.TIM2_IRQHandler                        0x08000b3a   Section        0  timer.o(i.TIM2_IRQHandler)
    i.TIM2_Init                              0x08000b5e   Section        0  timer.o(i.TIM2_Init)
    i.TIM2_NVIC_Configuration                0x08000b74   Section        0  timer.o(i.TIM2_NVIC_Configuration)
    i.TIM6_IRQHandler                        0x08000b98   Section        0  buzzer.o(i.TIM6_IRQHandler)
    i.TIM_ARRPreloadConfig                   0x08000bdc   Section        0  stm32f10x_tim.o(i.TIM_ARRPreloadConfig)
    i.TIM_ClearFlag                          0x08000bf0   Section        0  stm32f10x_tim.o(i.TIM_ClearFlag)
    i.TIM_ClearITPendingBit                  0x08000bf6   Section        0  stm32f10x_tim.o(i.TIM_ClearITPendingBit)
    i.TIM_Cmd                                0x08000bfc   Section        0  stm32f10x_tim.o(i.TIM_Cmd)
    i.TIM_DeInit                             0x08000c10   Section        0  stm32f10x_tim.o(i.TIM_DeInit)
    i.TIM_GetITStatus                        0x08000d80   Section        0  stm32f10x_tim.o(i.TIM_GetITStatus)
    i.TIM_ITConfig                           0x08000d98   Section        0  stm32f10x_tim.o(i.TIM_ITConfig)
    i.TIM_InternalClockConfig                0x08000da8   Section        0  stm32f10x_tim.o(i.TIM_InternalClockConfig)
    i.TIM_TimeBaseInit                       0x08000db4   Section        0  stm32f10x_tim.o(i.TIM_TimeBaseInit)
    i.Time_Adjust                            0x08000e50   Section        0  rtc.o(i.Time_Adjust)
    i.UART4_IRQHandler                       0x08000e88   Section        0  hal_uart4.o(i.UART4_IRQHandler)
    i.USART1_Detail_Configuration            0x08000ecc   Section        0  hal_usart1.o(i.USART1_Detail_Configuration)
    i.USART1_IRQHandler                      0x08000f64   Section        0  hal_usart1.o(i.USART1_IRQHandler)
    i.USART1_NVIC_Configuration              0x08000f8c   Section        0  hal_usart1.o(i.USART1_NVIC_Configuration)
    i.USART1_init                            0x08000fac   Section        0  hal_usart1.o(i.USART1_init)
    i.USART2_IRQHandler                      0x08000fbc   Section        0  stm32f10x_it.o(i.USART2_IRQHandler)
    i.USART3_IRQHandler                      0x08000fe0   Section        0  stm32f10x_it.o(i.USART3_IRQHandler)
    i.USART_ClearFlag                        0x08001004   Section        0  stm32f10x_usart.o(i.USART_ClearFlag)
    i.USART_Cmd                              0x0800100a   Section        0  stm32f10x_usart.o(i.USART_Cmd)
    i.USART_GetFlagStatus                    0x0800101e   Section        0  stm32f10x_usart.o(i.USART_GetFlagStatus)
    i.USART_GetITStatus                      0x0800102c   Section        0  stm32f10x_usart.o(i.USART_GetITStatus)
    i.USART_ITConfig                         0x0800106a   Section        0  stm32f10x_usart.o(i.USART_ITConfig)
    i.USART_Init                             0x0800109c   Section        0  stm32f10x_usart.o(i.USART_Init)
    i.USART_ReceiveData                      0x08001148   Section        0  stm32f10x_usart.o(i.USART_ReceiveData)
    i.USART_SendData                         0x08001150   Section        0  stm32f10x_usart.o(i.USART_SendData)
    i.UsageFault_Handler                     0x08001158   Section        0  stm32f10x_it.o(i.UsageFault_Handler)
    i.__0printf$8                            0x08001174   Section        0  printf8.o(i.__0printf$8)
    i.__0sprintf$8                           0x08001194   Section        0  printf8.o(i.__0sprintf$8)
    i.__scatterload_copy                     0x080011bc   Section       14  handlers.o(i.__scatterload_copy)
    i.__scatterload_null                     0x080011ca   Section        2  handlers.o(i.__scatterload_null)
    i.__scatterload_zeroinit                 0x080011cc   Section       14  handlers.o(i.__scatterload_zeroinit)
    i._printf_core                           0x080011dc   Section        0  printf8.o(i._printf_core)
    _printf_core                             0x080011dd   Thumb Code   996  printf8.o(i._printf_core)
    i._printf_post_padding                   0x080015ec   Section        0  printf8.o(i._printf_post_padding)
    _printf_post_padding                     0x080015ed   Thumb Code    36  printf8.o(i._printf_post_padding)
    i._printf_pre_padding                    0x08001610   Section        0  printf8.o(i._printf_pre_padding)
    _printf_pre_padding                      0x08001611   Thumb Code    46  printf8.o(i._printf_pre_padding)
    i._sputc                                 0x0800163e   Section        0  printf8.o(i._sputc)
    _sputc                                   0x0800163f   Thumb Code    10  printf8.o(i._sputc)
    i.buzzerClose                            0x08001648   Section        0  buzzer.o(i.buzzerClose)
    i.delay_ms                               0x0800164a   Section        0  systick.o(i.delay_ms)
    i.doorOpen                               0x08001668   Section        0  door.o(i.doorOpen)
    i.fputc                                  0x08001698   Section        0  hal_usart1.o(i.fputc)
    i.get_json_value                         0x080016bc   Section        0  hal_usart1.o(i.get_json_value)
    i.lightClose                             0x08001748   Section        0  light.o(i.lightClose)
    i.light_init                             0x08001758   Section        0  light.o(i.light_init)
    i.main                                   0x08001784   Section        0  main.o(i.main)
    i.task_driver                            0x0800178e   Section        0  task.o(i.task_driver)
    i.task_init                              0x08001798   Section        0  task.o(i.task_init)
    i.usart1_action                          0x080017c4   Section        0  hal_usart1.o(i.usart1_action)
    i.usart1_driver                          0x080017d8   Section        0  hal_usart1.o(i.usart1_driver)
    i.usart1_get_str                         0x08001808   Section        0  hal_usart1.o(i.usart1_get_str)
    i.usart1_read_str                        0x08001834   Section        0  hal_usart1.o(i.usart1_read_str)
    i.usart1_rx_fifo_is_full                 0x08001858   Section        0  hal_usart1.o(i.usart1_rx_fifo_is_full)
    i.usart1_rx_fifo_len                     0x08001870   Section        0  hal_usart1.o(i.usart1_rx_fifo_len)
    i.usart1_rx_fifo_monitor                 0x08001880   Section        0  hal_usart1.o(i.usart1_rx_fifo_monitor)
    i.usart1_rx_fifo_put                     0x080018bc   Section        0  hal_usart1.o(i.usart1_rx_fifo_put)
    i.usart1_send_str                        0x080018e8   Section        0  hal_usart1.o(i.usart1_send_str)
    i.usart_data_analysis_process            0x08001914   Section        0  hal_usart1.o(i.usart_data_analysis_process)
    .data                                    0x20000000   Section        8  rtc.o(.data)
    TimeVar                                  0x20000004   Data           4  rtc.o(.data)
    .data                                    0x20000008   Section        4  systick.o(.data)
    .data                                    0x2000000c   Section        2  buzzer.o(.data)
    data                                     0x2000000d   Data           1  buzzer.o(.data)
    .data                                    0x2000000e   Section        1  door.o(.data)
    .data                                    0x2000000f   Section        1  door.o(.data)
    .data                                    0x20000010   Section        4  hal_uart4.o(.data)
    .data                                    0x20000014   Section       16  hal_usart1.o(.data)
    cnt_bkp                                  0x20000016   Data           2  hal_usart1.o(.data)
    idle_tmr                                 0x20000018   Data           2  hal_usart1.o(.data)
    .data                                    0x20000024   Section        2  adc_dma.o(.data)
    .data                                    0x20000026   Section       20  stm32f10x_rcc.o(.data)
    ADCPrescTable                            0x20000026   Data           4  stm32f10x_rcc.o(.data)
    APBAHBPrescTable                         0x2000002a   Data          16  stm32f10x_rcc.o(.data)
    .data                                    0x2000003c   Section        4  stdout.o(.data)
    .bss                                     0x20000040   Section      255  hal_uart4.o(.bss)
    .bss                                     0x2000013f   Section      137  hal_usart1.o(.bss)
    temp                                     0x2000013f   Data          10  hal_usart1.o(.bss)
    STACK                                    0x200001c8   Section     1024  startup_stm32f10x_hd.o(STACK)

    Global Symbols

    Symbol Name                              Value     Ov Type        Size  Object(Section)

    BuildAttributes$$THM_ISAv4$P$D$K$B$S$PE$A:L22UL41UL21$X:L11$S22US41US21$IEEE1$IW$USESV6$~STKCKD$USESV7$~SHL$OTIME$ROPI$IEEEX$EBA8$MICROLIB$REQ8$PRES8$EABIv2 0x00000000   Number         0  anon$$obj.o ABSOLUTE
    __ARM_use_no_argv                        0x00000000   Number         0  main.o ABSOLUTE
    _printf_a                                0x00000000   Number         0  stubs.o ABSOLUTE
    _printf_c                                0x00000000   Number         0  stubs.o ABSOLUTE
    _printf_charcount                        0x00000000   Number         0  stubs.o ABSOLUTE
    _printf_d                                0x00000000   Number         0  stubs.o ABSOLUTE
    _printf_e                                0x00000000   Number         0  stubs.o ABSOLUTE
    _printf_f                                0x00000000   Number         0  stubs.o ABSOLUTE
    _printf_flags                            0x00000000   Number         0  stubs.o ABSOLUTE
    _printf_fp_dec                           0x00000000   Number         0  stubs.o ABSOLUTE
    _printf_fp_hex                           0x00000000   Number         0  stubs.o ABSOLUTE
    _printf_g                                0x00000000   Number         0  stubs.o ABSOLUTE
    _printf_i                                0x00000000   Number         0  stubs.o ABSOLUTE
    _printf_int_dec                          0x00000000   Number         0  stubs.o ABSOLUTE
    _printf_l                                0x00000000   Number         0  stubs.o ABSOLUTE
    _printf_lc                               0x00000000   Number         0  stubs.o ABSOLUTE
    _printf_ll                               0x00000000   Number         0  stubs.o ABSOLUTE
    _printf_lld                              0x00000000   Number         0  stubs.o ABSOLUTE
    _printf_lli                              0x00000000   Number         0  stubs.o ABSOLUTE
    _printf_llo                              0x00000000   Number         0  stubs.o ABSOLUTE
    _printf_llu                              0x00000000   Number         0  stubs.o ABSOLUTE
    _printf_llx                              0x00000000   Number         0  stubs.o ABSOLUTE
    _printf_longlong_dec                     0x00000000   Number         0  stubs.o ABSOLUTE
    _printf_longlong_hex                     0x00000000   Number         0  stubs.o ABSOLUTE
    _printf_longlong_oct                     0x00000000   Number         0  stubs.o ABSOLUTE
    _printf_ls                               0x00000000   Number         0  stubs.o ABSOLUTE
    _printf_mbtowc                           0x00000000   Number         0  stubs.o ABSOLUTE
    _printf_n                                0x00000000   Number         0  stubs.o ABSOLUTE
    _printf_o                                0x00000000   Number         0  stubs.o ABSOLUTE
    _printf_p                                0x00000000   Number         0  stubs.o ABSOLUTE
    _printf_percent                          0x00000000   Number         0  stubs.o ABSOLUTE
    _printf_pre_padding                      0x00000000   Number         0  stubs.o ABSOLUTE
    _printf_return_value                     0x00000000   Number         0  stubs.o ABSOLUTE
    _printf_s                                0x00000000   Number         0  stubs.o ABSOLUTE
    _printf_sizespec                         0x00000000   Number         0  stubs.o ABSOLUTE
    _printf_str                              0x00000000   Number         0  stubs.o ABSOLUTE
    _printf_truncate_signed                  0x00000000   Number         0  stubs.o ABSOLUTE
    _printf_truncate_unsigned                0x00000000   Number         0  stubs.o ABSOLUTE
    _printf_u                                0x00000000   Number         0  stubs.o ABSOLUTE
    _printf_wc                               0x00000000   Number         0  stubs.o ABSOLUTE
    _printf_wctomb                           0x00000000   Number         0  stubs.o ABSOLUTE
    _printf_widthprec                        0x00000000   Number         0  stubs.o ABSOLUTE
    _printf_x                                0x00000000   Number         0  stubs.o ABSOLUTE
    __cpp_initialize__aeabi_                  - Undefined Weak Reference
    __cxa_finalize                            - Undefined Weak Reference
    __decompress                              - Undefined Weak Reference
    _clock_init                               - Undefined Weak Reference
    _microlib_exit                            - Undefined Weak Reference
    __Vectors_Size                           0x00000130   Number         0  startup_stm32f10x_hd.o ABSOLUTE
    __Vectors                                0x08000000   Data           4  startup_stm32f10x_hd.o(RESET)
    __Vectors_End                            0x08000130   Data           0  startup_stm32f10x_hd.o(RESET)
    __main                                   0x08000131   Thumb Code     0  entry.o(.ARM.Collect$$$$00000000)
    _main_stk                                0x08000131   Thumb Code     0  entry2.o(.ARM.Collect$$$$00000001)
    _main_scatterload                        0x08000135   Thumb Code     0  entry5.o(.ARM.Collect$$$$00000004)
    __main_after_scatterload                 0x08000139   Thumb Code     0  entry5.o(.ARM.Collect$$$$00000004)
    _main_clock                              0x08000139   Thumb Code     0  entry7b.o(.ARM.Collect$$$$00000008)
    _main_cpp_init                           0x08000139   Thumb Code     0  entry8b.o(.ARM.Collect$$$$0000000A)
    _main_init                               0x08000139   Thumb Code     0  entry9a.o(.ARM.Collect$$$$0000000B)
    __rt_final_cpp                           0x08000141   Thumb Code     0  entry10a.o(.ARM.Collect$$$$0000000D)
    __rt_final_exit                          0x08000141   Thumb Code     0  entry11a.o(.ARM.Collect$$$$0000000F)
    Reset_Handler                            0x08000145   Thumb Code     8  startup_stm32f10x_hd.o(.text)
    ADC1_2_IRQHandler                        0x0800015f   Thumb Code     0  startup_stm32f10x_hd.o(.text)
    ADC3_IRQHandler                          0x0800015f   Thumb Code     0  startup_stm32f10x_hd.o(.text)
    CAN1_RX1_IRQHandler                      0x0800015f   Thumb Code     0  startup_stm32f10x_hd.o(.text)
    CAN1_SCE_IRQHandler                      0x0800015f   Thumb Code     0  startup_stm32f10x_hd.o(.text)
    DMA1_Channel1_IRQHandler                 0x0800015f   Thumb Code     0  startup_stm32f10x_hd.o(.text)
    DMA1_Channel2_IRQHandler                 0x0800015f   Thumb Code     0  startup_stm32f10x_hd.o(.text)
    DMA1_Channel3_IRQHandler                 0x0800015f   Thumb Code     0  startup_stm32f10x_hd.o(.text)
    DMA1_Channel4_IRQHandler                 0x0800015f   Thumb Code     0  startup_stm32f10x_hd.o(.text)
    DMA1_Channel5_IRQHandler                 0x0800015f   Thumb Code     0  startup_stm32f10x_hd.o(.text)
    DMA1_Channel6_IRQHandler                 0x0800015f   Thumb Code     0  startup_stm32f10x_hd.o(.text)
    DMA1_Channel7_IRQHandler                 0x0800015f   Thumb Code     0  startup_stm32f10x_hd.o(.text)
    DMA2_Channel1_IRQHandler                 0x0800015f   Thumb Code     0  startup_stm32f10x_hd.o(.text)
    DMA2_Channel2_IRQHandler                 0x0800015f   Thumb Code     0  startup_stm32f10x_hd.o(.text)
    DMA2_Channel3_IRQHandler                 0x0800015f   Thumb Code     0  startup_stm32f10x_hd.o(.text)
    DMA2_Channel4_5_IRQHandler               0x0800015f   Thumb Code     0  startup_stm32f10x_hd.o(.text)
    EXTI0_IRQHandler                         0x0800015f   Thumb Code     0  startup_stm32f10x_hd.o(.text)
    EXTI1_IRQHandler                         0x0800015f   Thumb Code     0  startup_stm32f10x_hd.o(.text)
    EXTI2_IRQHandler                         0x0800015f   Thumb Code     0  startup_stm32f10x_hd.o(.text)
    EXTI3_IRQHandler                         0x0800015f   Thumb Code     0  startup_stm32f10x_hd.o(.text)
    EXTI4_IRQHandler                         0x0800015f   Thumb Code     0  startup_stm32f10x_hd.o(.text)
    FLASH_IRQHandler                         0x0800015f   Thumb Code     0  startup_stm32f10x_hd.o(.text)
    FSMC_IRQHandler                          0x0800015f   Thumb Code     0  startup_stm32f10x_hd.o(.text)
    I2C1_ER_IRQHandler                       0x0800015f   Thumb Code     0  startup_stm32f10x_hd.o(.text)
    I2C1_EV_IRQHandler                       0x0800015f   Thumb Code     0  startup_stm32f10x_hd.o(.text)
    I2C2_ER_IRQHandler                       0x0800015f   Thumb Code     0  startup_stm32f10x_hd.o(.text)
    I2C2_EV_IRQHandler                       0x0800015f   Thumb Code     0  startup_stm32f10x_hd.o(.text)
    PVD_IRQHandler                           0x0800015f   Thumb Code     0  startup_stm32f10x_hd.o(.text)
    RCC_IRQHandler                           0x0800015f   Thumb Code     0  startup_stm32f10x_hd.o(.text)
    RTCAlarm_IRQHandler                      0x0800015f   Thumb Code     0  startup_stm32f10x_hd.o(.text)
    SDIO_IRQHandler                          0x0800015f   Thumb Code     0  startup_stm32f10x_hd.o(.text)
    SPI1_IRQHandler                          0x0800015f   Thumb Code     0  startup_stm32f10x_hd.o(.text)
    SPI2_IRQHandler                          0x0800015f   Thumb Code     0  startup_stm32f10x_hd.o(.text)
    SPI3_IRQHandler                          0x0800015f   Thumb Code     0  startup_stm32f10x_hd.o(.text)
    TAMPER_IRQHandler                        0x0800015f   Thumb Code     0  startup_stm32f10x_hd.o(.text)
    TIM1_BRK_IRQHandler                      0x0800015f   Thumb Code     0  startup_stm32f10x_hd.o(.text)
    TIM1_CC_IRQHandler                       0x0800015f   Thumb Code     0  startup_stm32f10x_hd.o(.text)
    TIM1_TRG_COM_IRQHandler                  0x0800015f   Thumb Code     0  startup_stm32f10x_hd.o(.text)
    TIM1_UP_IRQHandler                       0x0800015f   Thumb Code     0  startup_stm32f10x_hd.o(.text)
    TIM3_IRQHandler                          0x0800015f   Thumb Code     0  startup_stm32f10x_hd.o(.text)
    TIM4_IRQHandler                          0x0800015f   Thumb Code     0  startup_stm32f10x_hd.o(.text)
    TIM5_IRQHandler                          0x0800015f   Thumb Code     0  startup_stm32f10x_hd.o(.text)
    TIM7_IRQHandler                          0x0800015f   Thumb Code     0  startup_stm32f10x_hd.o(.text)
    TIM8_BRK_IRQHandler                      0x0800015f   Thumb Code     0  startup_stm32f10x_hd.o(.text)
    TIM8_CC_IRQHandler                       0x0800015f   Thumb Code     0  startup_stm32f10x_hd.o(.text)
    TIM8_TRG_COM_IRQHandler                  0x0800015f   Thumb Code     0  startup_stm32f10x_hd.o(.text)
    TIM8_UP_IRQHandler                       0x0800015f   Thumb Code     0  startup_stm32f10x_hd.o(.text)
    UART5_IRQHandler                         0x0800015f   Thumb Code     0  startup_stm32f10x_hd.o(.text)
    USBWakeUp_IRQHandler                     0x0800015f   Thumb Code     0  startup_stm32f10x_hd.o(.text)
    USB_HP_CAN1_TX_IRQHandler                0x0800015f   Thumb Code     0  startup_stm32f10x_hd.o(.text)
    USB_LP_CAN1_RX0_IRQHandler               0x0800015f   Thumb Code     0  startup_stm32f10x_hd.o(.text)
    WWDG_IRQHandler                          0x0800015f   Thumb Code     0  startup_stm32f10x_hd.o(.text)
    __aeabi_memset                           0x08000169   Thumb Code    14  memseta.o(.text)
    __aeabi_memset4                          0x08000169   Thumb Code     0  memseta.o(.text)
    __aeabi_memset8                          0x08000169   Thumb Code     0  memseta.o(.text)
    __aeabi_memclr                           0x08000177   Thumb Code     4  memseta.o(.text)
    __aeabi_memclr4                          0x08000177   Thumb Code     0  memseta.o(.text)
    __aeabi_memclr8                          0x08000177   Thumb Code     0  memseta.o(.text)
    _memset$wrapper                          0x0800017b   Thumb Code    18  memseta.o(.text)
    strstr                                   0x0800018d   Thumb Code    36  strstr.o(.text)
    strlen                                   0x080001b1   Thumb Code    14  strlen.o(.text)
    __aeabi_uldivmod                         0x080001bf   Thumb Code    98  uldiv.o(.text)
    __aeabi_llsl                             0x08000221   Thumb Code    30  llshl.o(.text)
    _ll_shift_l                              0x08000221   Thumb Code     0  llshl.o(.text)
    __aeabi_llsr                             0x0800023f   Thumb Code    32  llushr.o(.text)
    _ll_ushift_r                             0x0800023f   Thumb Code     0  llushr.o(.text)
    __scatterload                            0x08000261   Thumb Code    28  init.o(.text)
    __scatterload_rt2                        0x08000261   Thumb Code     0  init.o(.text)
    ADC1_Init                                0x08000285   Thumb Code    48  adc_dma.o(i.ADC1_Init)
    ADC_Cmd                                  0x08000379   Thumb Code    20  stm32f10x_adc.o(i.ADC_Cmd)
    ADC_DMACmd                               0x0800038d   Thumb Code    20  stm32f10x_adc.o(i.ADC_DMACmd)
    ADC_GetCalibrationStatus                 0x080003a1   Thumb Code    14  stm32f10x_adc.o(i.ADC_GetCalibrationStatus)
    ADC_GetResetCalibrationStatus            0x080003af   Thumb Code    14  stm32f10x_adc.o(i.ADC_GetResetCalibrationStatus)
    ADC_Init                                 0x080003bd   Thumb Code    62  stm32f10x_adc.o(i.ADC_Init)
    ADC_RegularChannelConfig                 0x08000405   Thumb Code   116  stm32f10x_adc.o(i.ADC_RegularChannelConfig)
    ADC_ResetCalibration                     0x08000479   Thumb Code    10  stm32f10x_adc.o(i.ADC_ResetCalibration)
    ADC_SoftwareStartConvCmd                 0x08000483   Thumb Code    20  stm32f10x_adc.o(i.ADC_SoftwareStartConvCmd)
    ADC_StartCalibration                     0x08000497   Thumb Code    10  stm32f10x_adc.o(i.ADC_StartCalibration)
    BusFault_Handler                         0x080004a1   Thumb Code     8  stm32f10x_it.o(i.BusFault_Handler)
    DMA_Cmd                                  0x080004bd   Thumb Code    22  stm32f10x_dma.o(i.DMA_Cmd)
    DMA_DeInit                               0x080004d5   Thumb Code   218  stm32f10x_dma.o(i.DMA_DeInit)
    DMA_Init                                 0x080005b9   Thumb Code    58  stm32f10x_dma.o(i.DMA_Init)
    DebugMon_Handler                         0x080005f3   Thumb Code     2  stm32f10x_it.o(i.DebugMon_Handler)
    EXTI15_10_IRQHandler                     0x080005f5   Thumb Code    46  stm32f10x_it.o(i.EXTI15_10_IRQHandler)
    EXTI9_5_IRQHandler                       0x08000623   Thumb Code    28  stm32f10x_it.o(i.EXTI9_5_IRQHandler)
    EXTI_ClearITPendingBit                   0x08000641   Thumb Code     6  stm32f10x_exti.o(i.EXTI_ClearITPendingBit)
    EXTI_GetITStatus                         0x0800064d   Thumb Code    28  stm32f10x_exti.o(i.EXTI_GetITStatus)
    GPIO_Init                                0x0800066d   Thumb Code   162  stm32f10x_gpio.o(i.GPIO_Init)
    GPIO_WriteBit                            0x0800070f   Thumb Code    10  stm32f10x_gpio.o(i.GPIO_WriteBit)
    HardFault_Handler                        0x08000719   Thumb Code    26  stm32f10x_it.o(i.HardFault_Handler)
    MemManage_Handler                        0x08000751   Thumb Code     8  stm32f10x_it.o(i.MemManage_Handler)
    NMI_Handler                              0x0800076d   Thumb Code     2  stm32f10x_it.o(i.NMI_Handler)
    NVIC_Init                                0x08000771   Thumb Code    94  misc.o(i.NVIC_Init)
    PWR_BackupAccessCmd                      0x080007d5   Thumb Code     6  stm32f10x_pwr.o(i.PWR_BackupAccessCmd)
    PendSV_Handler                           0x080007e1   Thumb Code     2  stm32f10x_it.o(i.PendSV_Handler)
    RCC_ADCCLKConfig                         0x080007e5   Thumb Code    14  stm32f10x_rcc.o(i.RCC_ADCCLKConfig)
    RCC_AHBPeriphClockCmd                    0x080007f9   Thumb Code    18  stm32f10x_rcc.o(i.RCC_AHBPeriphClockCmd)
    RCC_APB1PeriphClockCmd                   0x08000811   Thumb Code    18  stm32f10x_rcc.o(i.RCC_APB1PeriphClockCmd)
    RCC_APB1PeriphResetCmd                   0x08000829   Thumb Code    18  stm32f10x_rcc.o(i.RCC_APB1PeriphResetCmd)
    RCC_APB2PeriphClockCmd                   0x08000841   Thumb Code    18  stm32f10x_rcc.o(i.RCC_APB2PeriphClockCmd)
    RCC_APB2PeriphResetCmd                   0x08000859   Thumb Code    18  stm32f10x_rcc.o(i.RCC_APB2PeriphResetCmd)
    RCC_GetClocksFreq                        0x08000871   Thumb Code   128  stm32f10x_rcc.o(i.RCC_GetClocksFreq)
    RTC_ClearITPendingBit                    0x08000901   Thumb Code    10  stm32f10x_rtc.o(i.RTC_ClearITPendingBit)
    RTC_EnterConfigMode                      0x08000911   Thumb Code    12  stm32f10x_rtc.o(i.RTC_EnterConfigMode)
    RTC_ExitConfigMode                       0x08000921   Thumb Code    12  stm32f10x_rtc.o(i.RTC_ExitConfigMode)
    RTC_GetCounter                           0x08000931   Thumb Code    16  stm32f10x_rtc.o(i.RTC_GetCounter)
    RTC_GetITStatus                          0x08000945   Thumb Code    28  stm32f10x_rtc.o(i.RTC_GetITStatus)
    RTC_IRQHandler                           0x08000965   Thumb Code    58  rtc.o(i.RTC_IRQHandler)
    RTC_SetCounter                           0x080009a9   Thumb Code    26  stm32f10x_rtc.o(i.RTC_SetCounter)
    RTC_WaitForLastTask                      0x080009c9   Thumb Code    10  stm32f10x_rtc.o(i.RTC_WaitForLastTask)
    SVC_Handler                              0x080009d9   Thumb Code     2  stm32f10x_it.o(i.SVC_Handler)
    SysTick_Handler                          0x08000a85   Thumb Code    10  systick.o(i.SysTick_Handler)
    SystemInit                               0x08000a95   Thumb Code    64  system_stm32f10x.o(i.SystemInit)
    TIM2_Configuration                       0x08000ae5   Thumb Code    86  timer.o(i.TIM2_Configuration)
    TIM2_IRQHandler                          0x08000b3b   Thumb Code    36  timer.o(i.TIM2_IRQHandler)
    TIM2_Init                                0x08000b5f   Thumb Code    22  timer.o(i.TIM2_Init)
    TIM2_NVIC_Configuration                  0x08000b75   Thumb Code    34  timer.o(i.TIM2_NVIC_Configuration)
    TIM6_IRQHandler                          0x08000b99   Thumb Code    56  buzzer.o(i.TIM6_IRQHandler)
    TIM_ARRPreloadConfig                     0x08000bdd   Thumb Code    20  stm32f10x_tim.o(i.TIM_ARRPreloadConfig)
    TIM_ClearFlag                            0x08000bf1   Thumb Code     6  stm32f10x_tim.o(i.TIM_ClearFlag)
    TIM_ClearITPendingBit                    0x08000bf7   Thumb Code     6  stm32f10x_tim.o(i.TIM_ClearITPendingBit)
    TIM_Cmd                                  0x08000bfd   Thumb Code    20  stm32f10x_tim.o(i.TIM_Cmd)
    TIM_DeInit                               0x08000c11   Thumb Code   304  stm32f10x_tim.o(i.TIM_DeInit)
    TIM_GetITStatus                          0x08000d81   Thumb Code    24  stm32f10x_tim.o(i.TIM_GetITStatus)
    TIM_ITConfig                             0x08000d99   Thumb Code    16  stm32f10x_tim.o(i.TIM_ITConfig)
    TIM_InternalClockConfig                  0x08000da9   Thumb Code    10  stm32f10x_tim.o(i.TIM_InternalClockConfig)
    TIM_TimeBaseInit                         0x08000db5   Thumb Code   114  stm32f10x_tim.o(i.TIM_TimeBaseInit)
    Time_Adjust                              0x08000e51   Thumb Code    56  rtc.o(i.Time_Adjust)
    UART4_IRQHandler                         0x08000e89   Thumb Code    54  hal_uart4.o(i.UART4_IRQHandler)
    USART1_Detail_Configuration              0x08000ecd   Thumb Code   142  hal_usart1.o(i.USART1_Detail_Configuration)
    USART1_IRQHandler                        0x08000f65   Thumb Code    36  hal_usart1.o(i.USART1_IRQHandler)
    USART1_NVIC_Configuration                0x08000f8d   Thumb Code    32  hal_usart1.o(i.USART1_NVIC_Configuration)
    USART1_init                              0x08000fad   Thumb Code    14  hal_usart1.o(i.USART1_init)
    USART2_IRQHandler                        0x08000fbd   Thumb Code    30  stm32f10x_it.o(i.USART2_IRQHandler)
    USART3_IRQHandler                        0x08000fe1   Thumb Code    30  stm32f10x_it.o(i.USART3_IRQHandler)
    USART_ClearFlag                          0x08001005   Thumb Code     6  stm32f10x_usart.o(i.USART_ClearFlag)
    USART_Cmd                                0x0800100b   Thumb Code    20  stm32f10x_usart.o(i.USART_Cmd)
    USART_GetFlagStatus                      0x0800101f   Thumb Code    14  stm32f10x_usart.o(i.USART_GetFlagStatus)
    USART_GetITStatus                        0x0800102d   Thumb Code    62  stm32f10x_usart.o(i.USART_GetITStatus)
    USART_ITConfig                           0x0800106b   Thumb Code    48  stm32f10x_usart.o(i.USART_ITConfig)
    USART_Init                               0x0800109d   Thumb Code   166  stm32f10x_usart.o(i.USART_Init)
    USART_ReceiveData                        0x08001149   Thumb Code     8  stm32f10x_usart.o(i.USART_ReceiveData)
    USART_SendData                           0x08001151   Thumb Code     8  stm32f10x_usart.o(i.USART_SendData)
    UsageFault_Handler                       0x08001159   Thumb Code     8  stm32f10x_it.o(i.UsageFault_Handler)
    __0printf$8                              0x08001175   Thumb Code    22  printf8.o(i.__0printf$8)
    __1printf$8                              0x08001175   Thumb Code     0  printf8.o(i.__0printf$8)
    __2printf                                0x08001175   Thumb Code     0  printf8.o(i.__0printf$8)
    __0sprintf$8                             0x08001195   Thumb Code    34  printf8.o(i.__0sprintf$8)
    __1sprintf$8                             0x08001195   Thumb Code     0  printf8.o(i.__0sprintf$8)
    __2sprintf                               0x08001195   Thumb Code     0  printf8.o(i.__0sprintf$8)
    __scatterload_copy                       0x080011bd   Thumb Code    14  handlers.o(i.__scatterload_copy)
    __scatterload_null                       0x080011cb   Thumb Code     2  handlers.o(i.__scatterload_null)
    __scatterload_zeroinit                   0x080011cd   Thumb Code    14  handlers.o(i.__scatterload_zeroinit)
    buzzerClose                              0x08001649   Thumb Code     2  buzzer.o(i.buzzerClose)
    delay_ms                                 0x0800164b   Thumb Code    30  systick.o(i.delay_ms)
    doorOpen                                 0x08001669   Thumb Code    40  door.o(i.doorOpen)
    fputc                                    0x08001699   Thumb Code    30  hal_usart1.o(i.fputc)
    get_json_value                           0x080016bd   Thumb Code   108  hal_usart1.o(i.get_json_value)
    lightClose                               0x08001749   Thumb Code    12  light.o(i.lightClose)
    light_init                               0x08001759   Thumb Code    40  light.o(i.light_init)
    main                                     0x08001785   Thumb Code    10  main.o(i.main)
    task_driver                              0x0800178f   Thumb Code    10  task.o(i.task_driver)
    task_init                                0x08001799   Thumb Code    28  task.o(i.task_init)
    usart1_action                            0x080017c5   Thumb Code    18  hal_usart1.o(i.usart1_action)
    usart1_driver                            0x080017d9   Thumb Code    44  hal_usart1.o(i.usart1_driver)
    usart1_get_str                           0x08001809   Thumb Code    36  hal_usart1.o(i.usart1_get_str)
    usart1_read_str                          0x08001835   Thumb Code    30  hal_usart1.o(i.usart1_read_str)
    usart1_rx_fifo_is_full                   0x08001859   Thumb Code    20  hal_usart1.o(i.usart1_rx_fifo_is_full)
    usart1_rx_fifo_len                       0x08001871   Thumb Code    10  hal_usart1.o(i.usart1_rx_fifo_len)
    usart1_rx_fifo_monitor                   0x08001881   Thumb Code    54  hal_usart1.o(i.usart1_rx_fifo_monitor)
    usart1_rx_fifo_put                       0x080018bd   Thumb Code    36  hal_usart1.o(i.usart1_rx_fifo_put)
    usart1_send_str                          0x080018e9   Thumb Code    40  hal_usart1.o(i.usart1_send_str)
    usart_data_analysis_process              0x08001915   Thumb Code   170  hal_usart1.o(i.usart_data_analysis_process)
    Region$$Table$$Base                      0x08001a64   Number         0  anon$$obj.o(Region$$Table)
    Region$$Table$$Limit                     0x08001a84   Number         0  anon$$obj.o(Region$$Table)
    rtc_cb                                   0x20000000   Data           4  rtc.o(.data)
    jiffies                                  0x20000008   Data           4  systick.o(.data)
    buzzer_on                                0x2000000c   Data           1  buzzer.o(.data)
    FlagDefense                              0x2000000e   Data           1  door.o(.data)
    FlagLockSta                              0x2000000f   Data           1  door.o(.data)
    F_UART4_RX_RECEIVING                     0x20000010   Data           1  hal_uart4.o(.data)
    UART4_RX_TIMEOUT_COUNT                   0x20000011   Data           1  hal_uart4.o(.data)
    UART4_RX_COUNT                           0x20000012   Data           2  hal_uart4.o(.data)
    flag_frame                               0x20000014   Data           1  hal_usart1.o(.data)
    isAlert                                  0x20000015   Data           1  hal_usart1.o(.data)
    usart1_rx_fifo_buf_in                    0x2000001c   Data           4  hal_usart1.o(.data)
    usart1_rx_fifo_buf_out                   0x20000020   Data           4  hal_usart1.o(.data)
    ADC_ConvertedValue                       0x20000024   Data           2  adc_dma.o(.data)
    __stdout                                 0x2000003c   Data           4  stdout.o(.data)
    UART4_RX_BUF                             0x20000040   Data         255  hal_uart4.o(.bss)
    usart1_rx_fifo_buf                       0x20000149   Data         127  hal_usart1.o(.bss)
    __initial_sp                             0x200005c8   Data           0  startup_stm32f10x_hd.o(STACK)



==============================================================================

Memory Map of the image

  Image Entry point : 0x08000131

  Load Region LR_IROM1 (Base: 0x08000000, Size: 0x00001ac4, Max: 0x00040000, ABSOLUTE)

    Execution Region ER_IROM1 (Base: 0x08000000, Size: 0x00001a84, Max: 0x00040000, ABSOLUTE)

    Base Addr    Size         Type   Attr      Idx    E Section Name        Object

    0x08000000   0x00000130   Data   RO         3619    RESET               startup_stm32f10x_hd.o
    0x08000130   0x00000000   Code   RO         3835  * .ARM.Collect$$$$00000000  mc_w.l(entry.o)
    0x08000130   0x00000004   Code   RO         4200    .ARM.Collect$$$$00000001  mc_w.l(entry2.o)
    0x08000134   0x00000004   Code   RO         4203    .ARM.Collect$$$$00000004  mc_w.l(entry5.o)
    0x08000138   0x00000000   Code   RO         4205    .ARM.Collect$$$$00000008  mc_w.l(entry7b.o)
    0x08000138   0x00000000   Code   RO         4207    .ARM.Collect$$$$0000000A  mc_w.l(entry8b.o)
    0x08000138   0x00000008   Code   RO         4208    .ARM.Collect$$$$0000000B  mc_w.l(entry9a.o)
    0x08000140   0x00000000   Code   RO         4210    .ARM.Collect$$$$0000000D  mc_w.l(entry10a.o)
    0x08000140   0x00000000   Code   RO         4212    .ARM.Collect$$$$0000000F  mc_w.l(entry11a.o)
    0x08000140   0x00000004   Code   RO         4201    .ARM.Collect$$$$00002712  mc_w.l(entry2.o)
    0x08000144   0x00000024   Code   RO         3620    .text               startup_stm32f10x_hd.o
    0x08000168   0x00000024   Code   RO         3840    .text               mc_w.l(memseta.o)
    0x0800018c   0x00000024   Code   RO         3844    .text               mc_w.l(strstr.o)
    0x080001b0   0x0000000e   Code   RO         3846    .text               mc_w.l(strlen.o)
    0x080001be   0x00000062   Code   RO         4217    .text               mc_w.l(uldiv.o)
    0x08000220   0x0000001e   Code   RO         4219    .text               mc_w.l(llshl.o)
    0x0800023e   0x00000020   Code   RO         4221    .text               mc_w.l(llushr.o)
    0x0800025e   0x00000002   PAD
    0x08000260   0x00000024   Code   RO         4243    .text               mc_w.l(init.o)
    0x08000284   0x00000034   Code   RO          820    i.ADC1_Init         adc_dma.o
    0x080002b8   0x000000c0   Code   RO          821    i.ADC1_Mode_Config  adc_dma.o
    0x08000378   0x00000014   Code   RO         2870    i.ADC_Cmd           stm32f10x_adc.o
    0x0800038c   0x00000014   Code   RO         2871    i.ADC_DMACmd        stm32f10x_adc.o
    0x080003a0   0x0000000e   Code   RO         2878    i.ADC_GetCalibrationStatus  stm32f10x_adc.o
    0x080003ae   0x0000000e   Code   RO         2884    i.ADC_GetResetCalibrationStatus  stm32f10x_adc.o
    0x080003bc   0x00000048   Code   RO         2888    i.ADC_Init          stm32f10x_adc.o
    0x08000404   0x00000074   Code   RO         2892    i.ADC_RegularChannelConfig  stm32f10x_adc.o
    0x08000478   0x0000000a   Code   RO         2893    i.ADC_ResetCalibration  stm32f10x_adc.o
    0x08000482   0x00000014   Code   RO         2895    i.ADC_SoftwareStartConvCmd  stm32f10x_adc.o
    0x08000496   0x0000000a   Code   RO         2897    i.ADC_StartCalibration  stm32f10x_adc.o
    0x080004a0   0x0000001c   Code   RO          888    i.BusFault_Handler  stm32f10x_it.o
    0x080004bc   0x00000016   Code   RO         2255    i.DMA_Cmd           stm32f10x_dma.o
    0x080004d2   0x00000002   PAD
    0x080004d4   0x000000e4   Code   RO         2256    i.DMA_DeInit        stm32f10x_dma.o
    0x080005b8   0x0000003a   Code   RO         2261    i.DMA_Init          stm32f10x_dma.o
    0x080005f2   0x00000002   Code   RO          889    i.DebugMon_Handler  stm32f10x_it.o
    0x080005f4   0x0000002e   Code   RO          890    i.EXTI15_10_IRQHandler  stm32f10x_it.o
    0x08000622   0x0000001c   Code   RO          891    i.EXTI9_5_IRQHandler  stm32f10x_it.o
    0x0800063e   0x00000002   PAD
    0x08000640   0x0000000c   Code   RO         1180    i.EXTI_ClearITPendingBit  stm32f10x_exti.o
    0x0800064c   0x00000020   Code   RO         1184    i.EXTI_GetITStatus  stm32f10x_exti.o
    0x0800066c   0x000000a2   Code   RO         1420    i.GPIO_Init         stm32f10x_gpio.o
    0x0800070e   0x0000000a   Code   RO         1431    i.GPIO_WriteBit     stm32f10x_gpio.o
    0x08000718   0x00000038   Code   RO          892    i.HardFault_Handler  stm32f10x_it.o
    0x08000750   0x0000001c   Code   RO          893    i.MemManage_Handler  stm32f10x_it.o
    0x0800076c   0x00000002   Code   RO          894    i.NMI_Handler       stm32f10x_it.o
    0x0800076e   0x00000002   PAD
    0x08000770   0x00000064   Code   RO         1031    i.NVIC_Init         misc.o
    0x080007d4   0x0000000c   Code   RO         3546    i.PWR_BackupAccessCmd  stm32f10x_pwr.o
    0x080007e0   0x00000002   Code   RO          895    i.PendSV_Handler    stm32f10x_it.o
    0x080007e2   0x00000002   PAD
    0x080007e4   0x00000014   Code   RO         1531    i.RCC_ADCCLKConfig  stm32f10x_rcc.o
    0x080007f8   0x00000018   Code   RO         1532    i.RCC_AHBPeriphClockCmd  stm32f10x_rcc.o
    0x08000810   0x00000018   Code   RO         1533    i.RCC_APB1PeriphClockCmd  stm32f10x_rcc.o
    0x08000828   0x00000018   Code   RO         1534    i.RCC_APB1PeriphResetCmd  stm32f10x_rcc.o
    0x08000840   0x00000018   Code   RO         1535    i.RCC_APB2PeriphClockCmd  stm32f10x_rcc.o
    0x08000858   0x00000018   Code   RO         1536    i.RCC_APB2PeriphResetCmd  stm32f10x_rcc.o
    0x08000870   0x00000090   Code   RO         1543    i.RCC_GetClocksFreq  stm32f10x_rcc.o
    0x08000900   0x00000010   Code   RO         3380    i.RTC_ClearITPendingBit  stm32f10x_rtc.o
    0x08000910   0x00000010   Code   RO         3381    i.RTC_EnterConfigMode  stm32f10x_rtc.o
    0x08000920   0x00000010   Code   RO         3382    i.RTC_ExitConfigMode  stm32f10x_rtc.o
    0x08000930   0x00000014   Code   RO         3383    i.RTC_GetCounter    stm32f10x_rtc.o
    0x08000944   0x00000020   Code   RO         3386    i.RTC_GetITStatus   stm32f10x_rtc.o
    0x08000964   0x00000044   Code   RO          238    i.RTC_IRQHandler    rtc.o
    0x080009a8   0x00000020   Code   RO         3389    i.RTC_SetCounter    stm32f10x_rtc.o
    0x080009c8   0x00000010   Code   RO         3391    i.RTC_WaitForLastTask  stm32f10x_rtc.o
    0x080009d8   0x00000002   Code   RO          896    i.SVC_Handler       stm32f10x_it.o
    0x080009da   0x00000002   PAD
    0x080009dc   0x000000a8   Code   RO         1150    i.SetSysClockTo72   system_stm32f10x.o
    0x08000a84   0x00000010   Code   RO          295    i.SysTick_Handler   systick.o
    0x08000a94   0x00000050   Code   RO         1152    i.SystemInit        system_stm32f10x.o
    0x08000ae4   0x00000056   Code   RO          855    i.TIM2_Configuration  timer.o
    0x08000b3a   0x00000024   Code   RO          856    i.TIM2_IRQHandler   timer.o
    0x08000b5e   0x00000016   Code   RO          857    i.TIM2_Init         timer.o
    0x08000b74   0x00000022   Code   RO          858    i.TIM2_NVIC_Configuration  timer.o
    0x08000b96   0x00000002   PAD
    0x08000b98   0x00000044   Code   RO          372    i.TIM6_IRQHandler   buzzer.o
    0x08000bdc   0x00000014   Code   RO         2330    i.TIM_ARRPreloadConfig  stm32f10x_tim.o
    0x08000bf0   0x00000006   Code   RO         2336    i.TIM_ClearFlag     stm32f10x_tim.o
    0x08000bf6   0x00000006   Code   RO         2337    i.TIM_ClearITPendingBit  stm32f10x_tim.o
    0x08000bfc   0x00000014   Code   RO         2342    i.TIM_Cmd           stm32f10x_tim.o
    0x08000c10   0x00000170   Code   RO         2347    i.TIM_DeInit        stm32f10x_tim.o
    0x08000d80   0x00000018   Code   RO         2363    i.TIM_GetITStatus   stm32f10x_tim.o
    0x08000d98   0x00000010   Code   RO         2367    i.TIM_ITConfig      stm32f10x_tim.o
    0x08000da8   0x0000000a   Code   RO         2369    i.TIM_InternalClockConfig  stm32f10x_tim.o
    0x08000db2   0x00000002   PAD
    0x08000db4   0x0000009c   Code   RO         2413    i.TIM_TimeBaseInit  stm32f10x_tim.o
    0x08000e50   0x00000038   Code   RO          240    i.Time_Adjust       rtc.o
    0x08000e88   0x00000044   Code   RO          570    i.UART4_IRQHandler  hal_uart4.o
    0x08000ecc   0x00000098   Code   RO          673    i.USART1_Detail_Configuration  hal_usart1.o
    0x08000f64   0x00000028   Code   RO          674    i.USART1_IRQHandler  hal_usart1.o
    0x08000f8c   0x00000020   Code   RO          675    i.USART1_NVIC_Configuration  hal_usart1.o
    0x08000fac   0x0000000e   Code   RO          676    i.USART1_init       hal_usart1.o
    0x08000fba   0x00000002   PAD
    0x08000fbc   0x00000024   Code   RO          897    i.USART2_IRQHandler  stm32f10x_it.o
    0x08000fe0   0x00000024   Code   RO          898    i.USART3_IRQHandler  stm32f10x_it.o
    0x08001004   0x00000006   Code   RO         1734    i.USART_ClearFlag   stm32f10x_usart.o
    0x0800100a   0x00000014   Code   RO         1738    i.USART_Cmd         stm32f10x_usart.o
    0x0800101e   0x0000000e   Code   RO         1741    i.USART_GetFlagStatus  stm32f10x_usart.o
    0x0800102c   0x0000003e   Code   RO         1742    i.USART_GetITStatus  stm32f10x_usart.o
    0x0800106a   0x00000030   Code   RO         1744    i.USART_ITConfig    stm32f10x_usart.o
    0x0800109a   0x00000002   PAD
    0x0800109c   0x000000ac   Code   RO         1745    i.USART_Init        stm32f10x_usart.o
    0x08001148   0x00000008   Code   RO         1752    i.USART_ReceiveData  stm32f10x_usart.o
    0x08001150   0x00000008   Code   RO         1755    i.USART_SendData    stm32f10x_usart.o
    0x08001158   0x0000001c   Code   RO          899    i.UsageFault_Handler  stm32f10x_it.o
    0x08001174   0x00000020   Code   RO         4059    i.__0printf$8       mc_w.l(printf8.o)
    0x08001194   0x00000028   Code   RO         4061    i.__0sprintf$8      mc_w.l(printf8.o)
    0x080011bc   0x0000000e   Code   RO         4249    i.__scatterload_copy  mc_w.l(handlers.o)
    0x080011ca   0x00000002   Code   RO         4250    i.__scatterload_null  mc_w.l(handlers.o)
    0x080011cc   0x0000000e   Code   RO         4251    i.__scatterload_zeroinit  mc_w.l(handlers.o)
    0x080011da   0x00000002   PAD
    0x080011dc   0x00000410   Code   RO         4066    i._printf_core      mc_w.l(printf8.o)
    0x080015ec   0x00000024   Code   RO         4067    i._printf_post_padding  mc_w.l(printf8.o)
    0x08001610   0x0000002e   Code   RO         4068    i._printf_pre_padding  mc_w.l(printf8.o)
    0x0800163e   0x0000000a   Code   RO         4070    i._sputc            mc_w.l(printf8.o)
    0x08001648   0x00000002   Code   RO          374    i.buzzerClose       buzzer.o
    0x0800164a   0x0000001e   Code   RO          296    i.delay_ms          systick.o
    0x08001668   0x00000030   Code   RO          539    i.doorOpen          door.o
    0x08001698   0x00000024   Code   RO          678    i.fputc             hal_usart1.o
    0x080016bc   0x0000008c   Code   RO          679    i.get_json_value    hal_usart1.o
    0x08001748   0x00000010   Code   RO          645    i.lightClose        light.o
    0x08001758   0x0000002c   Code   RO          647    i.light_init        light.o
    0x08001784   0x0000000a   Code   RO            1    i.main              main.o
    0x0800178e   0x0000000a   Code   RO         1006    i.task_driver       task.o
    0x08001798   0x0000002c   Code   RO         1007    i.task_init         task.o
    0x080017c4   0x00000012   Code   RO          680    i.usart1_action     hal_usart1.o
    0x080017d6   0x00000002   PAD
    0x080017d8   0x00000030   Code   RO          681    i.usart1_driver     hal_usart1.o
    0x08001808   0x0000002c   Code   RO          682    i.usart1_get_str    hal_usart1.o
    0x08001834   0x00000024   Code   RO          683    i.usart1_read_str   hal_usart1.o
    0x08001858   0x00000018   Code   RO          686    i.usart1_rx_fifo_is_full  hal_usart1.o
    0x08001870   0x00000010   Code   RO          687    i.usart1_rx_fifo_len  hal_usart1.o
    0x08001880   0x0000003c   Code   RO          688    i.usart1_rx_fifo_monitor  hal_usart1.o
    0x080018bc   0x0000002c   Code   RO          689    i.usart1_rx_fifo_put  hal_usart1.o
    0x080018e8   0x0000002c   Code   RO          691    i.usart1_send_str   hal_usart1.o
    0x08001914   0x00000150   Code   RO          692    i.usart_data_analysis_process  hal_usart1.o
    0x08001a64   0x00000020   Data   RO         4247    Region$$Table       anon$$obj.o


    Execution Region RW_IRAM1 (Base: 0x20000000, Size: 0x000005c8, Max: 0x00010000, ABSOLUTE)

    Base Addr    Size         Type   Attr      Idx    E Section Name        Object

    0x20000000   0x00000008   Data   RW          242    .data               rtc.o
    0x20000008   0x00000004   Data   RW          298    .data               systick.o
    0x2000000c   0x00000002   Data   RW          378    .data               buzzer.o
    0x2000000e   0x00000001   Data   RW          541    .data               door.o
    0x2000000f   0x00000001   Data   RW          542    .data               door.o
    0x20000010   0x00000004   Data   RW          576    .data               hal_uart4.o
    0x20000014   0x00000010   Data   RW          694    .data               hal_usart1.o
    0x20000024   0x00000002   Data   RW          824    .data               adc_dma.o
    0x20000026   0x00000014   Data   RW         1563    .data               stm32f10x_rcc.o
    0x2000003a   0x00000002   PAD
    0x2000003c   0x00000004   Data   RW         4214    .data               mc_w.l(stdout.o)
    0x20000040   0x000000ff   Zero   RW          575    .bss                hal_uart4.o
    0x2000013f   0x00000089   Zero   RW          693    .bss                hal_usart1.o
    0x200001c8   0x00000400   Zero   RW         3617    STACK               startup_stm32f10x_hd.o


==============================================================================

Image component sizes


      Code (inc. data)   RO Data    RW Data    ZI Data      Debug   Object Name

       244         16          0          2          0       1769   adc_dma.o
        70         12          0          2          0       1120   buzzer.o
         0          0          0          0          0         32   core_cm3.o
        48          8          0          2          0        775   door.o
        68         14          0          4        255       1380   hal_uart4.o
      1084        264          0         16        137      10960   hal_usart1.o
        60          8          0          0          0        878   light.o
        10          0          0          0          0     263731   main.o
       100          6          0          0          0     214504   misc.o
       124         10          0          8          0       1500   rtc.o
        36          8        304          0       1024        784   startup_stm32f10x_hd.o
       296         10          0          0          0     218865   stm32f10x_adc.o
       308         10          0          0          0      13142   stm32f10x_dma.o
        44         10          0          0          0       1032   stm32f10x_exti.o
       172          0          0          0          0      10624   stm32f10x_gpio.o
       294        102          0          0          0      20307   stm32f10x_it.o
        12          6          0          0          0        466   stm32f10x_pwr.o
       284         52          0         20          0      15055   stm32f10x_rcc.o
       148         34          0          0          0       3739   stm32f10x_rtc.o
       626        106          0          0          0      26667   stm32f10x_tim.o
       338          6          0          0          0      12063   stm32f10x_usart.o
       248         24          0          0          0       1529   system_stm32f10x.o
        46          6          0          4          0       1139   systick.o
        54         16          0          0          0        906   task.o
       178          0          0          0          0       2365   timer.o

    ----------------------------------------------------------------------
      4912        728        336         60       1416     825332   Object Totals
         0          0         32          0          0          0   (incl. Generated)
        20          0          0          2          0          0   (incl. Padding)

    ----------------------------------------------------------------------

      Code (inc. data)   RO Data    RW Data    ZI Data      Debug   Library Member Name

         0          0          0          0          0          0   entry.o
         0          0          0          0          0          0   entry10a.o
         0          0          0          0          0          0   entry11a.o
         8          4          0          0          0          0   entry2.o
         4          0          0          0          0          0   entry5.o
         0          0          0          0          0          0   entry7b.o
         0          0          0          0          0          0   entry8b.o
         8          4          0          0          0          0   entry9a.o
        30          0          0          0          0          0   handlers.o
        36          8          0          0          0         68   init.o
        30          0          0          0          0         68   llshl.o
        32          0          0          0          0         68   llushr.o
        36          0          0          0          0        108   memseta.o
      1204         60          0          0          0        504   printf8.o
         0          0          0          4          0          0   stdout.o
        14          0          0          0          0         68   strlen.o
        36          0          0          0          0         80   strstr.o
        98          0          0          0          0         92   uldiv.o

    ----------------------------------------------------------------------
      1540         76          0          4          0       1056   Library Totals
         4          0          0          0          0          0   (incl. Padding)

    ----------------------------------------------------------------------

      Code (inc. data)   RO Data    RW Data    ZI Data      Debug   Library Name

      1536         76          0          4          0       1056   mc_w.l

    ----------------------------------------------------------------------
      1540         76          0          4          0       1056   Library Totals

    ----------------------------------------------------------------------

==============================================================================


      Code (inc. data)   RO Data    RW Data    ZI Data      Debug   

      6452        804        336         64       1416     821184   Grand Totals
      6452        804        336         64       1416     821184   ELF Image Totals
      6452        804        336         64          0          0   ROM Totals

==============================================================================

    Total RO  Size (Code + RO Data)                 6788 (   6.63kB)
    Total RW  Size (RW Data + ZI Data)              1480 (   1.45kB)
    Total ROM Size (Code + RO Data + RW Data)       6852 (   6.69kB)

==============================================================================

